11-26 12:19:56.455  1164  1830 I InputDispatcher: injectInputEvent  motion-p=(-2,4),action=2, pointerCount=1,EventTime=163959075000000, DownTime=-1000000, injectorPid=14427, injectorUid=2000, syncMode=1, timeoutMillis=30000, policyFlags=0x08000000
11-26 12:19:56.455 12530 14465 I HttpGroup: id:22- post-url -- json--->> http://zgbgwb.m.jd.com/one.localbestsale
11-26 12:19:56.458  1164  2198 I InputDispatcher: injectInputEvent  motion-p=(-2,-4),action=2, pointerCount=1,EventTime=163959078000000, DownTime=-1000000, injectorPid=14427, injectorUid=2000, syncMode=1, timeoutMillis=30000, policyFlags=0x08000000
11-26 12:19:56.461  1164  2194 I InputDispatcher: injectInputEvent  motion-p=(-4,-2),action=2, pointerCount=1,EventTime=163959081000000, DownTime=-1000000, injectorPid=14427, injectorUid=2000, syncMode=1, timeoutMillis=30000, policyFlags=0x08000000
11-26 12:19:56.464  1164  1174 I InputDispatcher: injectInputEvent  motion-p=(-4,-2),action=2, pointerCount=1,EventTime=163959085000000, DownTime=-1000000, injectorPid=14427, injectorUid=2000, syncMode=1, timeoutMillis=30000, policyFlags=0x08000000
11-26 12:19:56.475 12530 14465 I HttpGroup: id:22----post-params-----lon=114.431188&s=1920*1080&source=&devicetoken=64b1d5a30c5e1370b57485b05a723d46&guid=6d3cfe7b-f2cd-465b-8237-7e9f205f9fb5&uuid=862559033842685020000000000&b=LeMobile&p=jingdong&nt=wifi&isEncoder=1&ctid=2816&sign=1343bdb06d8a3d8b68434260a40b3cf7&pid=1&fingerprint=KLP27HGKMG7JK6RSFJDOR5VW4RWNWPSJIX6AVNWEVKQQAETMC7AASRX7K5CJ2766S7T6DUHMGQPTWEC3WC6UVHH4N4RKQFYZHOBGWYBVVDWCMQI4SXCQ&cid=6667&body=%7B%22id%22%3A%228016%22%2C%22pagesize%22%3A%2210%22%2C%22pageIndex%22%3A%221%22%7D&m=LEX651&os=android&an=zgb&c=android&cv=4.4.0&cvb=1810263&tid=0&ov=6.0&lat=30.469831&aid=978383
11-26 12:19:56.478  1164  2195 I InputDispatcher: injectInputEvent  motion-p=(-4,4),action=2, pointerCount=1,EventTime=163959095000000, DownTime=-1000000, injectorPid=14427, injectorUid=2000, syncMode=1, timeoutMillis=30000, policyFlags=0x08000000
11-26 12:19:56.485  1164  1726 I InputDispatcher: injectInputEvent  motion-p=(-4,-4),action=2, pointerCount=1,EventTime=163959106000000, DownTime=-1000000, injectorPid=14427, injectorUid=2000, syncMode=1, timeoutMillis=30000, policyFlags=0x08000000
11-26 12:19:56.488  1164  2198 I InputDispatcher: injectInputEvent  motion-p=(-2,2),action=2, pointerCount=1,EventTime=163959108000000, DownTime=-1000000, injectorPid=14427, injectorUid=2000, syncMode=1, timeoutMillis=30000, policyFlags=0x08000000
11-26 12:19:56.492  1164  1174 I InputDispatcher: injectInputEvent  motion-p=(82,624),action=0, pointerCount=1,EventTime=163959113000000, DownTime=163959113000000, injectorPid=14427, injectorUid=2000, syncMode=1, timeoutMillis=30000, policyFlags=0x08000000
11-26 12:19:56.494  1164  1726 I InputDispatcher: injectInputEvent  motion-p=(82,617),action=1, pointerCount=1,EventTime=163959116000000, DownTime=163959113000000, injectorPid=14427, injectorUid=2000, syncMode=1, timeoutMillis=30000, policyFlags=0x08000000
11-26 12:19:56.499 12530 14451 I HttpGroup: id:24- body -->> {}
11-26 12:19:56.502 12530 14553 I HttpGroup: id:2----httpdns-hostname-----zgbgwb.m.jd.com
11-26 12:19:56.502 12530 14553 I System.out: [CDS][DNS] getAllByNameImpl netId = 0
11-26 12:19:56.503 12530 14553 I System.out: [CDS]rx timeout:20000
11-26 12:19:56.503 12530 14553 I System.out: [socket][39] connection zgbgwb.m.jd.com/106.39.164.150:80;LocalPort=43686(15000)
11-26 12:19:56.503 12530 14553 I System.out: [CDS]connect[zgbgwb.m.jd.com/106.39.164.150:80] tm:15
11-26 12:19:56.504 12530 14466 I HttpGroup: id:21- MyApplication.getInstance().isdns--->> true
11-26 12:19:56.509 12530 12530 I ViewRootImpl: finishMotionEvent: handled = true stage=10: View Post IME stage,inputElapseTime=2 eventTime = 163959113 downTime = 163959113 title= com.jd.b2b/com.jd.b2b.frame.MainFrameActivity
11-26 12:19:56.536 12530 14553 I System.out: [socket][/10.14.170.150:43686] connected
11-26 12:19:56.537 12530 14553 I System.out: [CDS]rx timeout:20000
11-26 12:19:56.550 12530 14452 I HttpGroup: id:23- onStart -->> 
11-26 12:19:56.556 12530 14466 I HttpGroup: id:21- post-url -- json--->> http://zgbgwb.m.jd.com/one.secondkill
11-26 12:19:56.598 12530 12540 I art     : Background partial concurrent mark sweep GC freed 16926(998KB) AllocSpace objects, 9(2MB) LOS objects, 12% free, 29MB/33MB, paused 8.267ms total 75.084ms
11-26 12:19:56.601 12530 14466 I HttpGroup: id:21----post-params-----lon=114.431188&s=1920*1080&source=&devicetoken=64b1d5a30c5e1370b57485b05a723d46&guid=e757345a-b775-46af-878e-5f86732dc36a&uuid=862559033842685020000000000&b=LeMobile&p=jingdong&nt=wifi&isEncoder=1&ctid=2816&sign=282327b0508c65a9f017f3a4d7879dfb&pid=1&fingerprint=KLP27HGKMG7JK6RSFJDOR5VW4RWNWPSJIX6AVNWEVKQQAETMC7AASRX7K5CJ2766S7T6DUHMGQPTWEC3WC6UVHH4N4RKQFYZHOBGWYBVVDWCMQI4SXCQ&cid=6667&body=%7B%22id%22%3A%227946%22%2C%22pagesize%22%3A%2210%22%2C%22pageIndex%22%3A%221%22%7D&m=LEX651&os=android&an=zgb&c=android&cv=4.4.0&cvb=1810263&tid=0&ov=6.0&lat=30.469831&aid=978383
11-26 12:19:56.614 12530 14465 I HttpGroup: id:23- MyApplication.getInstance().isdns--->> true
11-26 12:19:56.620 12530 14485 I HttpGroup: id:2----httpdns-hostname-----zgbgwb.m.jd.com
11-26 12:19:56.620 12530 14485 I System.out: [CDS][DNS] getAllByNameImpl netId = 0
11-26 12:19:56.625 12530 14485 I System.out: [CDS]rx timeout:20000
11-26 12:19:56.626 12530 14485 I System.out: [socket][40] connection zgbgwb.m.jd.com/106.39.164.150:80;LocalPort=42261(15000)
11-26 12:19:56.626 12530 14485 I System.out: [CDS]connect[zgbgwb.m.jd.com/106.39.164.150:80] tm:15
11-26 12:19:56.656 12530 14465 I HttpGroup: id:23- post-url -- json--->> http://zgbgwb.m.jd.com/one.recommendsku
11-26 12:19:56.674 12530 14485 I System.out: [socket][/10.14.170.150:42261] connected
11-26 12:19:56.675 12530 14485 I System.out: [CDS]rx timeout:20000
11-26 12:19:56.675 12530 14465 I HttpGroup: id:23----post-params-----lon=114.431188&s=1920*1080&source=&devicetoken=64b1d5a30c5e1370b57485b05a723d46&guid=52e3a21c-efbd-4f94-8acd-a7a9f3f4031b&uuid=862559033842685020000000000&b=LeMobile&p=jingdong&nt=wifi&isEncoder=1&ctid=2816&sign=f3020fe69ebe14b7a96198381abe8d4f&pid=1&fingerprint=KLP27HGKMG7JK6RSFJDOR5VW4RWNWPSJIX6AVNWEVKQQAETMC7AASRX7K5CJ2766S7T6DUHMGQPTWEC3WC6UVHH4N4RKQFYZHOBGWYBVVDWCMQI4SXCQ&cid=6667&body=%7B%22id%22%3A%227346%22%2C%22pagesize%22%3A%2210%22%2C%22pageIndex%22%3A%221%22%7D&m=LEX651&os=android&an=zgb&c=android&cv=4.4.0&cvb=1810263&tid=0&ov=6.0&lat=30.469831&aid=978383
11-26 12:19:56.689 12530 14494 I HttpGroup: id:2----httpdns-hostname-----zgbgwb.m.jd.com
11-26 12:19:56.689 12530 14494 I System.out: [CDS][DNS] getAllByNameImpl netId = 0
11-26 12:19:56.692 12530 14494 I System.out: [CDS]rx timeout:20000
11-26 12:19:56.692 12530 14494 I System.out: [socket][41] connection zgbgwb.m.jd.com/106.39.164.150:80;LocalPort=52436(15000)
11-26 12:19:56.693 12530 14494 I System.out: [CDS]connect[zgbgwb.m.jd.com/106.39.164.150:80] tm:15
11-26 12:19:56.699 12530 14504 I System.out: isEmailSend:POST
11-26 12:19:56.700 12530 14504 I System.out: getAllHeaders:POST
11-26 12:19:56.700 12530 14504 I System.out: test:User-Agent:Android WJLoginSDK 3.0.0
11-26 12:19:56.700 12530 14504 I System.out: httpHeader:Content-Type: application/x-www-form-urlencoded
11-26 12:19:56.700 12530 12530 I TrackUtil: -----Send click data start -----
11-26 12:19:56.701 12530 14504 I System.out: [CDS][DNS] getAllByNameImpl netId = 0
11-26 12:19:56.705 12530 14504 I System.out: openConnection:1
11-26 12:19:56.705 12530 14504 I System.out: [CDS][DNS] getAllByNameImpl netId = 0
11-26 12:19:56.707 12530 14504 I System.out: [socket][42] connection /106.39.169.150:80;LocalPort=40200(15000)
11-26 12:19:56.707 12530 14504 I System.out: [CDS]connect[/106.39.169.150:80] tm:15
11-26 12:19:56.721 12530 14494 I System.out: [socket][/10.14.170.150:52436] connected
11-26 12:19:56.722 12530 14494 I System.out: [CDS]rx timeout:20000
11-26 12:19:56.722 12530 12530 I TrackUtil: pinjd_64aa7bd58f909, page_id=Home_Main, event_id=zgb_201705101|58, eventParam=1;, skuid=, paramMap={bpin=xtl_tyEGtnS, sale_ord_id=, sku_id=}, orderid=
11-26 12:19:56.732 12530 14451 I HttpGroup: id:24- onStart -->> 
11-26 12:19:56.738 12530 14504 I System.out: [socket][/10.14.170.150:40200] connected
11-26 12:19:56.739 12530 14504 I System.out: [CDS]rx timeout:15000
11-26 12:19:56.739 12530 14504 I System.out: >doSendRequest
11-26 12:19:56.742 12530 12530 I TrackUtil: -----Send click data end -----true
11-26 12:19:56.742 12530 14504 I System.out: <doSendRequest
11-26 12:19:56.752 12530 12540 I art     : Background sticky concurrent mark sweep GC freed 4124(279KB) AllocSpace objects, 0(0B) LOS objects, 1% free, 32MB/33MB, paused 5.239ms total 42.390ms
11-26 12:19:56.756 12530 12530 I TrackUtil: -----Send new click data start -----
11-26 12:19:56.764 12530 12530 I TrackUtil: pinjd_64aa7bd58f909, page_id=Home_Main, event_id=Home_Shortcut, eventParam={"PosId":"1","StrategyId":"8320"}, paramMap={page=, bpin=xtl_tyEGtnS, event_name=},event_name=
11-26 12:19:56.778 12530 14504 I System.out: <doReceiveResponse
11-26 12:19:56.779 12530 14504 I System.out: close [socket][/10.14.170.150:40200]
11-26 12:19:56.781 12530 14504 I System.out: close [socket][/:::40200]
11-26 12:19:56.783 12530 12530 I TrackUtil: -----Send new click data end -----true
11-26 12:19:56.783 12530 14465 I HttpGroup: id:24- MyApplication.getInstance().isdns--->> true
11-26 12:19:56.789 29510 29510 I AppiumUnicodeIME: onKeyDown (keyCode='21', event.keyCode='21', metaState='0')
11-26 12:19:56.789 29510 29510 I AppiumUnicodeIME: onKeyUp (keyCode='21', event.keyCode='21', metaState='0')
11-26 12:19:56.790 29510 29510 I AppiumUnicodeIME: onKeyDown (keyCode='21', event.keyCode='21', metaState='0')
11-26 12:19:56.790 29510 29510 I AppiumUnicodeIME: onKeyUp (keyCode='21', event.keyCode='21', metaState='0')
11-26 12:19:56.790 29510 29510 I AppiumUnicodeIME: onKeyDown (keyCode='21', event.keyCode='21', metaState='0')
11-26 12:19:56.790 29510 29510 I AppiumUnicodeIME: onKeyUp (keyCode='21', event.keyCode='21', metaState='0')
11-26 12:19:56.807 12530 12530 I ViewRootImpl: finishKeyEvent: handled = true keycode = 21 name=KEYCODE_DPAD_LEFT stage=8: Early post IME stage,inputElapseTime=1888 eventTime = 163959245 downTime = 163959245 title= com.jd.b2b/com.jd.b2b.frame.MainFrameActivity
11-26 12:19:56.807 10647 10668 E ScreenOnOffReceiver: Scroll Play HotWord thread run
11-26 12:19:56.808 12530 12530 I View    : Key up dispatch to com.jd.b2b.component.widget.autoscrollviewpager.AutoScrollViewPager{28ac456 VFED..... .F....ID 0,0-1080,473 #7f0900b0 app:id/banner_view_pager}, event = KeyEvent { action=ACTION_UP, keyCode=KEYCODE_DPAD_LEFT, scanCode=0, metaState=0, flags=0x400, repeatCount=0, eventTime=163959245, downTime=163959245, deviceId=-1, source=0x101 }
11-26 12:19:56.808 12530 12530 I View    : Key up dispatch to com.jd.b2b.component.widget.autoscrollviewpager.AutoScrollViewPager{28ac456 VFED..... .F....ID 0,0-1080,473 #7f0900b0 app:id/banner_view_pager}, event = KeyEvent { action=ACTION_UP, keyCode=KEYCODE_DPAD_LEFT, scanCode=0, metaState=0, flags=0x400, repeatCount=0, eventTime=163959245, downTime=163959245, deviceId=-1, source=0x101 }
11-26 12:19:56.808 12530 12530 I View    : Key down dispatch to com.jd.b2b.component.widget.autoscrollviewpager.AutoScrollViewPager{28ac456 VFED..... .F....ID 0,0-1080,473 #7f0900b0 app:id/banner_view_pager}, event = KeyEvent { action=ACTION_DOWN, keyCode=KEYCODE_DPAD_LEFT, scanCode=0, metaState=0, flags=0x400, repeatCount=0, eventTime=163959246, downTime=163959246, deviceId=-1, source=0x101 }
11-26 12:19:56.809 12530 12530 I ViewRootImpl: finishKeyEvent: handled = true keycode = 21 name=KEYCODE_DPAD_LEFT stage=10: View Post IME stage,inputElapseTime=1891 eventTime = 163959246 downTime = 163959246 title= com.jd.b2b/com.jd.b2b.frame.MainFrameActivity
11-26 12:19:56.809 12530 12530 I View    : Key up dispatch to com.jd.b2b.component.widget.autoscrollviewpager.AutoScrollViewPager{28ac456 VFED..... .F....ID 0,0-1080,473 #7f0900b0 app:id/banner_view_pager}, event = KeyEvent { action=ACTION_UP, keyCode=KEYCODE_DPAD_LEFT, scanCode=0, metaState=0, flags=0x400, repeatCount=0, eventTime=163959246, downTime=163959246, deviceId=-1, source=0x101 }
11-26 12:19:56.809 12530 12530 I View    : Key up dispatch to com.jd.b2b.component.widget.autoscrollviewpager.AutoScrollViewPager{28ac456 VFED..... .F....ID 0,0-1080,473 #7f0900b0 app:id/banner_view_pager}, event = KeyEvent { action=ACTION_UP, keyCode=KEYCODE_DPAD_LEFT, scanCode=0, metaState=0, flags=0x400, repeatCount=0, eventTime=163959246, downTime=163959246, deviceId=-1, source=0x101 }
11-26 12:19:56.809 12530 12530 I View    : Key down dispatch to com.jd.b2b.component.widget.autoscrollviewpager.AutoScrollViewPager{28ac456 VFED..... .F....ID 0,0-1080,473 #7f0900b0 app:id/banner_view_pager}, event = KeyEvent { action=ACTION_DOWN, keyCode=KEYCODE_DPAD_LEFT, scanCode=0, metaState=0, flags=0x400, repeatCount=0, eventTime=163959246, downTime=163959246, deviceId=-1, source=0x101 }
11-26 12:19:56.810 12530 12530 I ViewRootImpl: finishKeyEvent: handled = true keycode = 21 name=KEYCODE_DPAD_LEFT stage=10: View Post IME stage,inputElapseTime=1892 eventTime = 163959246 downTime = 163959246 title= com.jd.b2b/com.jd.b2b.frame.MainFrameActivity
11-26 12:19:56.810 12530 12530 I View    : Key up dispatch to com.jd.b2b.component.widget.autoscrollviewpager.AutoScrollViewPager{28ac456 VFED..... .F....ID 0,0-1080,473 #7f0900b0 app:id/banner_view_pager}, event = KeyEvent { action=ACTION_UP, keyCode=KEYCODE_DPAD_LEFT, scanCode=0, metaState=0, flags=0x400, repeatCount=0, eventTime=163959246, downTime=163959246, deviceId=-1, source=0x101 }
11-26 12:19:56.810 12530 12530 I View    : Key up dispatch to com.jd.b2b.component.widget.autoscrollviewpager.AutoScrollViewPager{28ac456 VFED..... .F....ID 0,0-1080,473 #7f0900b0 app:id/banner_view_pager}, event = KeyEvent { action=ACTION_UP, keyCode=KEYCODE_DPAD_LEFT, scanCode=0, metaState=0, flags=0x400, repeatCount=0, eventTime=163959246, downTime=163959246, deviceId=-1, source=0x101 }
11-26 12:19:56.811 12530 12540 I art     : Background partial concurrent mark sweep GC freed 3805(274KB) AllocSpace objects, 10(1672KB) LOS objects, 10% free, 32MB/36MB, paused 7.193ms total 46.302ms
11-26 12:19:56.812   426  1329 I BufferQueueProducer: [com.jd.b2b/com.jd.b2b.frame.MainFrameActivity](this:0x7f90eb4000,id:6213,api:1,p:12530,c:426) queueBuffer: fps=14.16 dur=1129.72 max=408.76 min=9.17
11-26 12:19:56.817 24001 24001 I PluginCallback: handleMessage(113,RECEIVER) cost 0 ms
11-26 12:19:56.819 24001 24001 I SearchWidgetProvider: onReceive action= org.android.chrome.browser.widget.launcher.UPDATE_WIDGET_ONLY
11-26 12:19:56.819 24001 24001 I SearchWidgetProvider: receive ACTION_UPDATE_WIDGET_ONLY 
11-26 12:19:56.819 24001 24001 I SearchWidgetProvider: mHotwordsList != null && mHotwordsList.size() > 0
11-26 12:19:56.824   426   426 I SurfaceFlinger: [Built-in Screen (type:0)] fps:13.408050,dur:1118.73,max:412.38,min:15.51
11-26 12:19:56.827 24001 24001 I SearchWidgetProvider: onUpdate[13] appWidgetIds lenght = 1
11-26 12:19:56.827 24001 24001 I IActivityManagerHook: invoke ...registerReceiver
11-26 12:19:56.829 24001 24001 I IActivityManagerHook: invoke ...getIntentSender
11-26 12:19:56.832  1164  1957 W Watchdog: SWT Watchdog after wait current time:163959454
11-26 12:19:56.832  1164  1957 W Watchdog: **Get SF Time **1
11-26 12:19:56.832  1164  1957 W Watchdog: SWT Watchdog before synchronized:163959454
11-26 12:19:56.832  1164  1957 W Watchdog: SWT Watchdog after synchronized:163959454
11-26 12:19:56.833  1164  1957 W Watchdog: SWT Watchdog before wait timeout:30000
11-26 12:19:56.833  1164  1957 W Watchdog: SWT Watchdog before wait current time:163959455
11-26 12:19:56.833  1164  1957 W Watchdog: SWT Watchdog before wait start:163959455
11-26 12:19:56.833  1164  1957 W Watchdog: SWT Watchdog before wait CHECK_INTERVAL:30000
11-26 12:19:56.833 24001 24001 I IActivityManagerHook: invoke ...getIntentSender
11-26 12:19:56.838 24001 24001 I SearchWidgetProvider: updateAppWidget mCurrenthotword = 
11-26 12:19:56.842 12530 14465 I HttpGroup: id:24- post-url -- json--->> http://zgbgwb.m.jd.com/one.version
11-26 12:19:56.849 24001 24037 I IActivityManagerHook: invoke ...finishReceiver
11-26 12:19:56.855 12530 14465 I HttpGroup: id:24----post-params-----lon=114.431188&s=1920*1080&source=&devicetoken=64b1d5a30c5e1370b57485b05a723d46&guid=023cf76c-de85-486c-b1e7-0da1200aaaa1&uuid=862559033842685020000000000&b=LeMobile&p=jingdong&nt=wifi&isEncoder=1&ctid=2816&sign=1d350f00f274504d5c110f98a5a6b6a1&pid=1&fingerprint=KLP27HGKMG7JK6RSFJDOR5VW4RWNWPSJIX6AVNWEVKQQAETMC7AASRX7K5CJ2766S7T6DUHMGQPTWEC3WC6UVHH4N4RKQFYZHOBGWYBVVDWCMQI4SXCQ&cid=6667&body=%7B%7D&m=LEX651&os=android&an=zgb&c=android&cv=4.4.0&cvb=1810263&tid=0&ov=6.0&lat=30.469831&aid=978383
11-26 12:19:56.856 12530 14504 I System.out: isEmailSend:POST
11-26 12:19:56.856 12530 14504 I System.out: getAllHeaders:POST
11-26 12:19:56.856 12530 14504 I System.out: test:User-Agent:Android WJLoginSDK 3.0.0
11-26 12:19:56.856 12530 14504 I System.out: httpHeader:Content-Type: application/x-www-form-urlencoded
11-26 12:19:56.857 12530 14504 I System.out: [CDS][DNS] getAllByNameImpl netId = 0
11-26 12:19:56.861 29510 29510 I AppiumUnicodeIME: onFinishInput
11-26 12:19:56.862 29510 29510 I AppiumUnicodeIME: onStartInput
11-26 12:19:56.868  1164  1726 W ActivityManager: xulei call enter isTransformStartActivity !!! _component:ComponentInfo{com.jd.b2b/com.jd.b2b.webview.WebViewActivity},  intent:Intent { FromType=0xffffffff cmp=com.jd.b2b/.webview.WebViewActivity (has extras) }
11-26 12:19:56.868  1164  1726 I ActivityManager: startActivity intent=Intent { FromType=0xffffffff mCallingUid=10506 mCallingPid=12530 cmp=com.jd.b2b/.webview.WebViewActivity (has extras) }
11-26 12:19:56.869  1164  1726 I ActivityManager: START u0 {FromType=0xffffffff mCallingUid=10506 mCallingPid=12530 cmp=com.jd.b2b/.webview.WebViewActivity (has extras)} from uid 10506 from pid 12530 on display 0
11-26 12:19:56.869  1164  1726 I ActivityManager: sourceRecord = ActivityRecord{232bcfd u0 com.jd.b2b/.frame.MainFrameActivity, isShadow:false t337}
11-26 12:19:56.874  1164  1726 I ActivityManager: updateSpeedState sourceRecord =ActivityRecord{232bcfd u0 com.jd.b2b/.frame.MainFrameActivity, isShadow:false t337} targetRecord=ActivityRecord{c3fc207 u0 com.jd.b2b/.webview.WebViewActivity, isShadow:false t-1}  addingToTask=true  topActivity=null  singleTop=false  speedState=0  task=TaskRecord{7db5f78 #337 A=com.jd.b2b, isShadow:false U=0 sz=1}
11-26 12:19:56.874 12530 14504 I System.out: openConnection:1
11-26 12:19:56.874 12530 14504 I System.out: [CDS][DNS] getAllByNameImpl netId = 0
11-26 12:19:56.875 12530 14504 I System.out: [socket][43] connection /106.39.169.150:443;LocalPort=42968(15000)
11-26 12:19:56.875 12530 14504 I System.out: [CDS]connect[/106.39.169.150:443] tm:15
11-26 12:19:56.876 12530 12599 I ActivityThreadEui: schedulePauseActivity com.jd.b2b.frame.MainFrameActivity finished=false userLeaving=true configChanges=0 dontReport=false
11-26 12:19:56.876  1164  1847 W PowerManagerService: LIMIT_APP: in WorkerRunnable call setUid = 10506
11-26 12:19:56.877  1164  1616 I libPerfService: [perfScnEnable] scenario:1
11-26 12:19:56.879  1164  1726 W PowerManagerService: LIMIT_APP: getNetworkBytes use time = 3
11-26 12:19:56.879  1164  1847 W PowerManagerService: LIMIT_APP: in WorkerRunnable call setUid = 1000
11-26 12:19:56.881  1164  1726 W PowerManagerService: LIMIT_APP: getNetworkBytes use time = 2
11-26 12:19:56.884  1164  1726 I WindowManager: Set focused app to: AppWindowToken{b28e15d token=Token{cadef34 ActivityRecord{c3fc207 u0 com.jd.b2b/.webview.WebViewActivity, isShadow:false t337}}} old focus=AppWindowToken{275cc43 token=Token{dddbdf2 ActivityRecord{232bcfd u0 com.jd.b2b/.frame.MainFrameActivity, isShadow:false t337}}} moveFocusNow=true
11-26 12:19:56.886  1164  1726 I WindowManager: Input focus has changed to null oldFocusWindow=Window{ae2db84 u0 com.jd.b2b/com.jd.b2b.frame.MainFrameActivity} updateInputWindow=true
11-26 12:19:56.887  1164  1217 I WindowManager: Focus moving from Window{ae2db84 u0 com.jd.b2b/com.jd.b2b.frame.MainFrameActivity} to null
11-26 12:19:56.887  1164  1217 I WindowManager: Losing focus: Window{ae2db84 u0 com.jd.b2b/com.jd.b2b.frame.MainFrameActivity}
11-26 12:19:56.887  1164  1178 W AppOps  : isskipsystem  code:43  uid:1000
11-26 12:19:56.899 12530 12530 I CrashReport-Native: Set native info: isAppForeground(false)
11-26 12:19:56.902 12530 12530 I CrashReport-Native: Set native info: isAppForeground(false)
11-26 12:19:56.908  1164  2194 I WindowManager: setAppVisibility(Token{cadef34 ActivityRecord{c3fc207 u0 com.jd.b2b/.webview.WebViewActivity, isShadow:false t337}}, visible=true): mNextAppTransition=TRANSIT_ACTIVITY_OPEN hidden=true hiddenRequested=true
11-26 12:19:56.914 12530 14504 I System.out: [socket][/10.14.170.150:42968] connected
11-26 12:19:56.914 12530 14504 I System.out: [CDS]rx timeout:15000
11-26 12:19:56.921 12530 12530 I MyActivity: onCreate() -->> com.jd.b2b.webview.WebViewActivity
11-26 12:19:56.922 12530 12530 W ResourceType: No known package when getting name for resource number 0xffffffff
11-26 12:19:56.932  1164  2042 I WindowManager: Set focused app to: AppWindowToken{275cc43 token=Token{dddbdf2 ActivityRecord{232bcfd u0 com.jd.b2b/.frame.MainFrameActivity, isShadow:false t337}}} old focus=AppWindowToken{b28e15d token=Token{cadef34 ActivityRecord{c3fc207 u0 com.jd.b2b/.webview.WebViewActivity, isShadow:false t337}}} moveFocusNow=true
11-26 12:19:56.933  1164  2042 I WindowManager: Input focus has changed to Window{ae2db84 u0 com.jd.b2b/com.jd.b2b.frame.MainFrameActivity} oldFocusWindow=null updateInputWindow=true
11-26 12:19:56.934  1164  1217 I WindowManager: Focus moving from null to Window{ae2db84 u0 com.jd.b2b/com.jd.b2b.frame.MainFrameActivity}
11-26 12:19:56.934  1164  1217 I WindowManager: Gaining focus: Window{ae2db84 u0 com.jd.b2b/com.jd.b2b.frame.MainFrameActivity}
11-26 12:19:56.934  1164  2042 I WindowManager: setAppVisibility(Token{cadef34 ActivityRecord{c3fc207 u0 com.jd.b2b/.webview.WebViewActivity, isShadow:false t337 f}}, visible=false): mNextAppTransition=TRANSIT_ACTIVITY_OPEN hidden=true hiddenRequested=false
11-26 12:19:56.946  1164  1178 W AppOps  : isskipsystem  code:43  uid:1000
11-26 12:19:56.960 12530 12530 I ViewRootImpl: updateImmersive mode: gain focus
11-26 12:19:56.961  1164  1830 W InputMethodManagerService: Window already focused, ignoring focus gain of: com.android.internal.view.IInputMethodClient$Stub$Proxy@a173659 attribute=null, token = android.os.BinderProxy@1de6d97
11-26 12:19:56.963  1164  2216 I WindowManager: setAppVisibility(Token{cadef34 ActivityRecord{c3fc207 u0 com.jd.b2b/.webview.WebViewActivity, isShadow:false t337 f}}, visible=false): mNextAppTransition=TRANSIT_ACTIVITY_OPEN hidden=true hiddenRequested=true
11-26 12:19:56.963  1164  2216 I WindowManager: setAppVisibility(Token{cadef34 ActivityRecord{c3fc207 u0 com.jd.b2b/.webview.WebViewActivity, isShadow:false t337 f}}, visible=false): mNextAppTransition=TRANSIT_ACTIVITY_OPEN hidden=true hiddenRequested=true
11-26 12:19:56.963  1164  2216 I WindowManager: setAppVisibility(Token{dddbdf2 ActivityRecord{232bcfd u0 com.jd.b2b/.frame.MainFrameActivity, isShadow:false t337}}, visible=true): mNextAppTransition=TRANSIT_ACTIVITY_OPEN hidden=false hiddenRequested=false
11-26 12:19:56.965 12530 12599 I ActivityThreadEui: scheduleResumeActivity com.jd.b2b.frame.MainFrameActivity
11-26 12:19:56.978 12530 12530 I CrashReport-Native: Set native info: isAppForeground(true)
11-26 12:19:56.979 12530 12530 I CrashReport-Native: Set native info: isAppForeground(true)
11-26 12:19:56.980 12530 14504 I System.out: gba_cipher_suite:TLS_RSA_WITH_AES_128_GCM_SHA256
11-26 12:19:56.982 12530 14504 I System.out: >doSendRequest
11-26 12:19:56.983 12530 14504 I System.out: <doSendRequest
11-26 12:19:56.987 12530 12530 I TrackUtil: -----Send PV data start -----
11-26 12:19:56.980 14590 14590 W ps      : type=1400 audit(0.0:9408406): avc: denied { getattr } for path="/proc/1" dev="proc" ino=11268 scontext=u:r:untrusted_app:s0:c512,c768 tcontext=u:r:init:s0 tclass=dir permissive=0
11-26 12:19:56.980 14590 14590 W ps      : type=1400 audit(0.0:9408407): avc: denied { search } for name="1" dev="proc" ino=11268 scontext=u:r:untrusted_app:s0:c512,c768 tcontext=u:r:init:s0 tclass=dir permissive=0
11-26 12:19:56.980 14590 14590 W ps      : type=1400 audit(0.0:9408408): avc: denied { search } for name="1" dev="proc" ino=11268 scontext=u:r:untrusted_app:s0:c512,c768 tcontext=u:r:init:s0 tclass=dir permissive=0
11-26 12:19:56.980 14590 14590 W ps      : type=1400 audit(0.0:9408409): avc: denied { getattr } for path="/proc/2" dev="proc" ino=300 scontext=u:r:untrusted_app:s0:c512,c768 tcontext=u:r:kernel:s0 tclass=dir permissive=0
11-26 12:19:56.980 14590 14590 W ps      : type=1400 audit(0.0:9408410): avc: denied { search } for name="2" dev="proc" ino=300 scontext=u:r:untrusted_app:s0:c512,c768 tcontext=u:r:kernel:s0 tclass=dir permissive=0
11-26 12:19:56.980 14590 14590 W ps      : type=1400 audit(0.0:9408411): avc: denied { search } for name="2" dev="proc" ino=300 scontext=u:r:untrusted_app:s0:c512,c768 tcontext=u:r:kernel:s0 tclass=dir permissive=0
11-26 12:19:56.980 14590 14590 W ps      : type=1400 audit(0.0:9408412): avc: denied { getattr } for path="/proc/3" dev="proc" ino=301 scontext=u:r:untrusted_app:s0:c512,c768 tcontext=u:r:kernel:s0 tclass=dir permissive=0
11-26 12:19:56.980 14590 14590 W ps      : type=1400 audit(0.0:9408413): avc: denied { search } for name="3" dev="proc" ino=301 scontext=u:r:untrusted_app:s0:c512,c768 tcontext=u:r:kernel:s0 tclass=dir permissive=0
11-26 12:19:56.980 14590 14590 W ps      : type=1400 audit(0.0:9408414): avc: denied { search } for name="3" dev="proc" ino=301 scontext=u:r:untrusted_app:s0:c512,c768 tcontext=u:r:kernel:s0 tclass=dir permissive=0
11-26 12:19:56.980 14590 14590 W ps      : type=1400 audit(0.0:9408415): avc: denied { getattr } for path="/proc/5" dev="proc" ino=303 scontext=u:r:untrusted_app:s0:c512,c768 tcontext=u:r:kernel:s0 tclass=dir permissive=0
11-26 12:19:56.992 29751 29758 I System  : FinalizerDaemon: finalize objects = 28
11-26 12:19:56.980 14590 14590 W ps      : type=1400 audit(0.0:9408417): avc: denied { search } for name="5" dev="proc" ino=303 scontext=u:r:untrusted_app:s0:c512,c768 tcontext=u:r:kernel:s0 tclass=dir permissive=0
11-26 12:19:56.980 14590 14590 W ps      : type=1400 audit(0.0:9408418): avc: denied { getattr } for path="/proc/7" dev="proc" ino=305 scontext=u:r:untrusted_app:s0:c512,c768 tcontext=u:r:kernel:s0 tclass=dir permissive=0
11-26 12:19:56.980 14590 14590 W ps      : type=1400 audit(0.0:9408419): avc: denied { search } for name="7" dev="proc" ino=305 scontext=u:r:untrusted_app:s0:c512,c768 tcontext=u:r:kernel:s0 tclass=dir permissive=0
11-26 12:19:56.980 14590 14590 W ps      : type=1400 audit(0.0:9408420): avc: denied { search } for name="7" dev="proc" ino=305 scontext=u:r:untrusted_app:s0:c512,c768 tcontext=u:r:kernel:s0 tclass=dir permissive=0
11-26 12:19:56.980 14590 14590 W ps      : type=1400 audit(0.0:9408421): avc: denied { getattr } for path="/proc/8" dev="proc" ino=306 scontext=u:r:untrusted_app:s0:c512,c768 tcontext=u:r:kernel:s0 tclass=dir permissive=0
11-26 12:19:56.980 14590 14590 W ps      : type=1400 audit(0.0:9408422): avc: denied { search } for name="8" dev="proc" ino=306 scontext=u:r:untrusted_app:s0:c512,c768 tcontext=u:r:kernel:s0 tclass=dir permissive=0
11-26 12:19:56.980 14590 14590 W ps      : type=1400 audit(0.0:9408423): avc: denied { search } for name="8" dev="proc" ino=306 scontext=u:r:untrusted_app:s0:c512,c768 tcontext=u:r:kernel:s0 tclass=dir permissive=0
11-26 12:19:56.980 14590 14590 W ps      : type=1400 audit(0.0:9408424): avc: denied { getattr } for path="/proc/9" dev="proc" ino=307 scontext=u:r:untrusted_app:s0:c512,c768 tcontext=u:r:kernel:s0 tclass=dir permissive=0
11-26 12:19:56.980 14590 14590 W ps      : type=1400 audit(0.0:9408425): avc: denied { search } for name="9" dev="proc" ino=307 scontext=u:r:untrusted_app:s0:c512,c768 tcontext=u:r:kernel:s0 tclass=dir permissive=0
11-26 12:19:56.994 12530 12530 I TrackUtil: calssname=com.jd.b2b.home.activity.HomeActivity, pageid=0067, page_param=, orderId=, oldpvid=0067
11-26 12:19:56.997  1164  1174 W ActivityManager: xulei call enter isTransformStartActivity !!! _component:ComponentInfo{com.jd.b2b/com.jd.b2b.activity.SplashActivity},  intent:Intent { act=android.intent.action.MAIN cat=[android.intent.category.LAUNCHER] flg=0x10200000 FromType=0xffffffff cmp=com.jd.b2b/.activity.SplashActivity }
11-26 12:19:56.997  1164  1174 I ActivityManager: startActivity intent=Intent { act=android.intent.action.MAIN cat=[android.intent.category.LAUNCHER] flg=0x10200000 FromType=0xffffffff mCallingUid=2000 mCallingPid=14427 cmp=com.jd.b2b/.activity.SplashActivity }
11-26 12:19:56.998  1164  1174 I ActivityManager: START u0 {act=android.intent.action.MAIN cat=[android.intent.category.LAUNCHER] flg=0x10200000 FromType=0xffffffff mCallingUid=2000 mCallingPid=14427 cmp=com.jd.b2b/.activity.SplashActivity} from uid 2000 from pid 14427 on display 0
11-26 12:19:57.000  1164  1174 I ActivityManager: start task to front intentActivity=ActivityRecord{232bcfd u0 com.jd.b2b/.frame.MainFrameActivity, isShadow:false t337} r.intent=Intent { act=android.intent.action.MAIN cat=[android.intent.category.LAUNCHER] flg=0x10200000 FromType=0xffffffff mCallingUid=2000 mCallingPid=14427 cmp=com.jd.b2b/.activity.SplashActivity }
11-26 12:19:57.001  1164  1174 I ActivityManager: updateSpeedState sourceRecord =null targetRecord=ActivityRecord{47721e u0 com.jd.b2b/.activity.SplashActivity, isShadow:false t337}  addingToTask=false  topActivity=null  singleTop=false  speedState=0  task=TaskRecord{7db5f78 #337 A=com.jd.b2b, isShadow:false U=0 sz=2}
11-26 12:19:57.005 12530 12530 I TrackUtil: -----Send PV data end -----true
11-26 12:19:57.010 12530 12530 I HttpGroup: wsKey===AAFb-2qgAEDEIzyWMoW9fvra5VrqTH21ArHGKZtkimppdk4lFO5h2ExLIaLw8NfSdD2-A_cOJ9tOUtFvsYyQf3z1p9CfXpzk
11-26 12:19:57.011 12530 12530 I HttpGroup: wsKey===AAFb-2qgAEDEIzyWMoW9fvra5VrqTH21ArHGKZtkimppdk4lFO5h2ExLIaLw8NfSdD2-A_cOJ9tOUtFvsYyQf3z1p9CfXpzk
11-26 12:19:57.016 12530 14592 I HttpGroup: id:26- functionId -->> one.memberCommon
11-26 12:19:57.016 12530 12530 I TrackUtil: -----Send New PV data start -----
11-26 12:19:57.017 12530 14591 I HttpGroup: id:25- functionId -->> one.queryUnReadMsgesCount
11-26 12:19:57.021 12530 12530 I TrackUtil: pageid=Home_Main, page_param=, orderId=, oldpvid=Home_Main, ct_page=,refe_page=
11-26 12:19:57.026 12530 14452 I HttpGroup: id:25- body -->> {}
11-26 12:19:57.026 12530 14504 I System.out: <doReceiveResponse
11-26 12:19:57.027 12530 14451 I HttpGroup: id:26- body -->> {"operate":100}
11-26 12:19:57.027 12530 14504 I System.out: close [socket][/10.14.170.150:42968]
11-26 12:19:57.028 12530 12530 I TrackUtil: -----Send New PV data end -----true
11-26 12:19:57.028 12530 12530 I HttpGroup: wsKey===AAFb-2qgAEDEIzyWMoW9fvra5VrqTH21ArHGKZtkimppdk4lFO5h2ExLIaLw8NfSdD2-A_cOJ9tOUtFvsYyQf3z1p9CfXpzk
11-26 12:19:57.029 12530 12530 I HttpGroup: wsKey===AAFb-2qgAEDEIzyWMoW9fvra5VrqTH21ArHGKZtkimppdk4lFO5h2ExLIaLw8NfSdD2-A_cOJ9tOUtFvsYyQf3z1p9CfXpzk
11-26 12:19:57.034 12530 14593 I HttpGroup: id:27- functionId -->> one.searchKeyword
11-26 12:19:57.036 12530 14594 I HttpGroup: id:28- functionId -->> one.myconfig
11-26 12:19:57.080 12530 14452 I HttpGroup: id:25- onStart -->> 
11-26 12:19:57.089 12530 14451 I HttpGroup: id:26- onStart -->> 
11-26 12:19:57.090 12530 14452 I HttpGroup: id:27- body -->> {}
11-26 12:19:57.095 12530 14465 I HttpGroup: id:25- MyApplication.getInstance().isdns--->> true
11-26 12:19:57.103 12530 14466 I HttpGroup: id:26- MyApplication.getInstance().isdns--->> true
11-26 12:19:57.103 12530 14451 I HttpGroup: id:28- body -->> {}
11-26 12:19:57.108 12530 14465 I HttpGroup: id:25- post-url -- json--->> http://zgbgwb.m.jd.com/one.queryUnReadMsgesCount
11-26 12:19:57.113 12530 14465 I HttpGroup: id:25----post-params-----lon=114.431188&s=1920*1080&source=&devicetoken=64b1d5a30c5e1370b57485b05a723d46&guid=d8d44e47-5d86-4dbb-beed-41826cfb6eb9&uuid=862559033842685020000000000&b=LeMobile&p=jingdong&nt=wifi&isEncoder=1&ctid=2816&sign=6d8f84f9ecd3aaf6f250bcbef5c44293&pid=1&fingerprint=KLP27HGKMG7JK6RSFJDOR5VW4RWNWPSJIX6AVNWEVKQQAETMC7AASRX7K5CJ2766S7T6DUHMGQPTWEC3WC6UVHH4N4RKQFYZHOBGWYBVVDWCMQI4SXCQ&cid=6667&body=%7B%7D&m=LEX651&os=android&an=zgb&c=android&cv=4.4.0&cvb=1810263&tid=0&ov=6.0&lat=30.469831&aid=978383
11-26 12:19:57.115 12530 14466 I HttpGroup: id:26- post-url -- json--->> http://zgbgwb.m.jd.com/one.memberCommon
11-26 12:19:57.121 12530 14466 I HttpGroup: id:26----post-params-----lon=114.431188&s=1920*1080&source=&devicetoken=64b1d5a30c5e1370b57485b05a723d46&guid=9fe9e7e2-267c-40a9-8173-32262f27bdac&uuid=862559033842685020000000000&b=LeMobile&p=jingdong&nt=wifi&isEncoder=1&ctid=2816&sign=ad4c761d92ae65008164e0b7b67c87be&pid=1&fingerprint=KLP27HGKMG7JK6RSFJDOR5VW4RWNWPSJIX6AVNWEVKQQAETMC7AASRX7K5CJ2766S7T6DUHMGQPTWEC3WC6UVHH4N4RKQFYZHOBGWYBVVDWCMQI4SXCQ&cid=6667&body=%7B%22operate%22%3A100%7D&m=LEX651&os=android&an=zgb&c=android&cv=4.4.0&cvb=1810263&tid=0&ov=6.0&lat=30.469831&aid=978383
11-26 12:19:57.136 12530 14452 I HttpGroup: id:27- onStart -->> 
11-26 12:19:57.147 12530 14465 I HttpGroup: id:27- MyApplication.getInstance().isdns--->> true
11-26 12:19:57.152 12530 14451 I HttpGroup: id:28- onStart -->> 
11-26 12:19:57.160 12530 14465 I HttpGroup: id:27- post-url -- json--->> http://zgbgwb.m.jd.com/one.searchKeyword
11-26 12:19:57.162 12530 14466 I HttpGroup: id:28- MyApplication.getInstance().isdns--->> true
11-26 12:19:57.165 12530 14465 I HttpGroup: id:27----post-params-----lon=114.431188&s=1920*1080&source=&devicetoken=64b1d5a30c5e1370b57485b05a723d46&guid=9c831c1e-2701-4c2b-9dc8-da8f218fe2d4&uuid=862559033842685020000000000&b=LeMobile&p=jingdong&nt=wifi&isEncoder=1&ctid=2816&sign=3bcfa42c801d4e2eb6338c3c8c1de746&pid=1&fingerprint=KLP27HGKMG7JK6RSFJDOR5VW4RWNWPSJIX6AVNWEVKQQAETMC7AASRX7K5CJ2766S7T6DUHMGQPTWEC3WC6UVHH4N4RKQFYZHOBGWYBVVDWCMQI4SXCQ&cid=6667&body=%7B%7D&m=LEX651&os=android&an=zgb&c=android&cv=4.4.0&cvb=1810263&tid=0&ov=6.0&lat=30.469831&aid=978383
11-26 12:19:57.170 12530 14466 I HttpGroup: id:28- post-url -- json--->> http://zgbgwb.m.jd.com/one.myconfig
11-26 12:19:57.174 12530 14466 I HttpGroup: id:28----post-params-----lon=114.431188&s=1920*1080&source=&devicetoken=64b1d5a30c5e1370b57485b05a723d46&guid=3d7fbe25-6b51-4305-b330-d430905294e1&uuid=862559033842685020000000000&b=LeMobile&p=jingdong&nt=wifi&isEncoder=1&ctid=2816&sign=ba7f60c221f0726048ecbd406f3271e4&pid=1&fingerprint=KLP27HGKMG7JK6RSFJDOR5VW4RWNWPSJIX6AVNWEVKQQAETMC7AASRX7K5CJ2766S7T6DUHMGQPTWEC3WC6UVHH4N4RKQFYZHOBGWYBVVDWCMQI4SXCQ&cid=6667&body=%7B%7D&m=LEX651&os=android&an=zgb&c=android&cv=4.4.0&cvb=1810263&tid=0&ov=6.0&lat=30.469831&aid=978383
11-26 12:19:57.232  9824  9864 I FeedbackManager: postGenerateRequest: mEventList size is 0
11-26 12:19:57.337  8350  8350 I ADB_SERVICES: service_to_fd shell:dumpsys iphonesubinfo
11-26 12:19:57.337  8350  8350 I ADB_SERVICES: create_subproc ret_fd=20 pid=14604
11-26 12:19:57.355  8350 14605 I ADB_SERVICES: shell exited fd=20 of pid=14604 err=0
11-26 12:19:57.356  1164  1164 E WifiTrafficPoller: TRAFFIC_STATS_POLL true Token 386 num clients 21
11-26 12:19:57.356  1164  1164 E WifiTrafficPoller:  packet count Tx=992282 Rx=910494
11-26 12:19:57.377 12530 12530 W Event   : Subscriber to unregister was not registered before: class com.jd.b2b.webview.WebViewActivity
11-26 12:19:57.506  1164  2194 I InputDispatcher: injectInputEvent  motion-p=(612,398),action=0, pointerCount=1,EventTime=163960127000000, DownTime=163960126000000, injectorPid=14427, injectorUid=2000, syncMode=1, timeoutMillis=30000, policyFlags=0x08000000
11-26 12:19:57.509  1164  2195 I InputDispatcher: injectInputEvent  motion-p=(620,395),action=2, pointerCount=1,EventTime=163960130000000, DownTime=163960126000000, injectorPid=14427, injectorUid=2000, syncMode=1, timeoutMillis=30000, policyFlags=0x08000000
11-26 12:19:57.512  1164  1732 I InputDispatcher: injectInputEvent  motion-p=(625,388),action=2, pointerCount=1,EventTime=163960133000000, DownTime=163960126000000, injectorPid=14427, injectorUid=2000, syncMode=1, timeoutMillis=30000, policyFlags=0x08000000
11-26 12:19:57.512 12530 12530 I ViewRootImpl: finishMotionEvent: handled = true stage=10: View Post IME stage,inputElapseTime=5 eventTime = 163960127 downTime = 163960126 title= com.jd.b2b/com.jd.b2b.frame.MainFrameActivity
11-26 12:19:57.514  1164  1175 I InputDispatcher: injectInputEvent  motion-p=(640,381),action=2, pointerCount=1,EventTime=163960135000000, DownTime=163960126000000, injectorPid=14427, injectorUid=2000, syncMode=1, timeoutMillis=30000, policyFlags=0x08000000
11-26 12:19:57.516  1164  2198 I InputDispatcher: injectInputEvent  motion-p=(652,365),action=2, pointerCount=1,EventTime=163960137000000, DownTime=163960126000000, injectorPid=14427, injectorUid=2000, syncMode=1, timeoutMillis=30000, policyFlags=0x08000000
11-26 12:19:57.518  1164  2042 I InputDispatcher: injectInputEvent  motion-p=(663,359),action=2, pointerCount=1,EventTime=163960139000000, DownTime=163960126000000, injectorPid=14427, injectorUid=2000, syncMode=1, timeoutMillis=30000, policyFlags=0x08000000
11-26 12:19:57.520  1164  1782 I InputDispatcher: injectInputEvent  motion-p=(678,352),action=2, pointerCount=1,EventTime=163960141000000, DownTime=163960126000000, injectorPid=14427, injectorUid=2000, syncMode=1, timeoutMillis=30000, policyFlags=0x08000000
11-26 12:19:57.520 29510 29510 I AppiumUnicodeIME: onFinishInput
11-26 12:19:57.521 29510 29510 I AppiumUnicodeIME: onStartInput
11-26 12:19:57.522  1164  1174 I InputDispatcher: injectInputEvent  motion-p=(697,343),action=2, pointerCount=1,EventTime=163960143000000, DownTime=163960126000000, injectorPid=14427, injectorUid=2000, syncMode=1, timeoutMillis=30000, policyFlags=0x08000000
11-26 12:19:57.524  1164  1830 I InputDispatcher: injectInputEvent  motion-p=(700,326),action=1, pointerCount=1,EventTime=163960145000000, DownTime=163960126000000, injectorPid=14427, injectorUid=2000, syncMode=1, timeoutMillis=30000, policyFlags=0x08000000
11-26 12:19:57.541 12530 12530 I xx      : onScrollStateChanged.setState:1,1543205997526
11-26 12:19:57.549 12530 12530 I xx      : setState,layoutManager.getChildCount(),layoutManager.getItemCount():3,4,10
11-26 12:19:57.559 12530 12530 I xx      : onScrollStateChanged.setState:2,1543205997550
11-26 12:19:57.566 12530 12530 I xx      : setState,layoutManager.getChildCount(),layoutManager.getItemCount():3,4,10
11-26 12:19:57.568  1164  1616 I libPerfService: [perfScnEnable] scenario:12
11-26 12:19:57.601  1164  1644 W AppOps  : Finishing op nesting under-run: uid 1013 pkg media code 40 time=0 duration=0 nesting=0
11-26 12:19:57.608  1164  1732 W AppOps  : Finishing op nesting under-run: uid 1013 pkg media code 40 time=0 duration=0 nesting=0
11-26 12:19:57.648   568   568 I thermal_repeater: oh, queryMdThermalInfo (0)No such file or directory
11-26 12:19:57.660 12530 14447 I System.out: [CDS][DNS] getAllByNameImpl netId = 0
11-26 12:19:57.660   568   568 I thermal_repeater: [recvMdThermalInfo] ret=28, strLen=127,  2, 32767, -127, 0, 32767, 1
11-26 12:19:57.670 12530 14447 I System.out: [CDS]rx timeout:5000
11-26 12:19:57.671 12530 14447 I System.out: [socket][44] connection luna.jd.com/106.39.164.185:443;LocalPort=51208(9000)
11-26 12:19:57.671 12530 14447 I System.out: [CDS]connect[luna.jd.com/106.39.164.185:443] tm:9
11-26 12:19:57.698 12530 14447 I System.out: [socket][/10.14.170.150:51208] connected
11-26 12:19:57.724  8246 14413 I iTest   : ACBCrxByte  muids10506
11-26 12:19:57.724  8246 14413 I iTest   : ACBCrxByte0
11-26 12:19:57.724  8246 14413 I iTest   : ACBC G504890888
11-26 12:19:57.774 12530 14447 I System.out: gba_cipher_suite:TLS_RSA_WITH_AES_128_GCM_SHA256
11-26 12:19:57.778 12530 14447 I System.out: [CDS]rx timeout:5000
11-26 12:19:57.779 12530 14447 I System.out: [CDS]rx timeout:5000
11-26 12:19:57.779 12530 14447 I System.out: [CDS]SO_SND_TIMEOUT:0
11-26 12:19:57.779 12530 14447 I System.out: [OkHttp] sendRequest>>
11-26 12:19:57.779 12530 14447 I System.out: [OkHttp] sendRequest<<
11-26 12:19:57.781 12530 12540 I art     : Background sticky concurrent mark sweep GC freed 12236(605KB) AllocSpace objects, 28(2MB) LOS objects, 3% free, 52MB/54MB, paused 7.321ms total 56.096ms
11-26 12:19:57.820   426   455 I BufferQueueProducer: [com.jd.b2b/com.jd.b2b.frame.MainFrameActivity](this:0x7f90eb4000,id:6213,api:1,p:12530,c:426) queueBuffer: fps=33.73 dur=1007.94 max=127.58 min=4.16
11-26 12:19:57.825   426   426 I SurfaceFlinger: [Built-in Screen (type:0)] fps:35.990639,dur:1000.26,max:121.42,min:15.11
11-26 12:19:57.853 12530 12540 I art     : Background partial concurrent mark sweep GC freed 3255(132KB) AllocSpace objects, 5(672KB) LOS objects, 6% free, 54MB/58MB, paused 7.907ms total 46.817ms
11-26 12:19:57.870 12530 14447 I System.out: close [socket][/10.14.170.150:51208]
11-26 12:19:57.902 12530 14447 I System.out: Close in OkHttp
11-26 12:19:58.001  1164  1324 I AlarmManager: Alarm triggering: Alarm{464eaff type 2 when 616008651 android}
11-26 12:19:58.001  1164  1324 I AlarmManager: Alarm triggering: Alarm{508e218 type 0 when 1543205962814 com.jd.b2b}
11-26 12:19:58.002  1164  1324 I AlarmManager: set alarm to RTC 2,  when = 616017814
11-26 12:19:58.002  1164  1324 I AlarmManager: set alarm to RTC 3,  when = 616010650
11-26 12:19:58.004  1164  1847 W PowerManagerService: LIMIT_APP: in WorkerRunnable call setUid = 10506
11-26 12:19:58.014  1164  1324 W PowerManagerService: LIMIT_APP: getNetworkBytes use time = 10
11-26 12:19:58.014  1164  1847 W PowerManagerService: LIMIT_APP: in WorkerRunnable call setUid = 1000
11-26 12:19:58.023  1164  1324 W PowerManagerService: LIMIT_APP: getNetworkBytes use time = 9
11-26 12:19:58.033  1164  2195 I InputDispatcher: injectInputEvent  motion-p=(1016,784),action=0, pointerCount=1,EventTime=163960654000000, DownTime=163960653000000, injectorPid=14427, injectorUid=2000, syncMode=1, timeoutMillis=30000, policyFlags=0x08000000
11-26 12:19:58.038  1164  1174 I InputDispatcher: injectInputEvent  motion-p=(1014,798),action=1, pointerCount=1,EventTime=163960659000000, DownTime=163960653000000, injectorPid=14427, injectorUid=2000, syncMode=1, timeoutMillis=30000, policyFlags=0x08000000
11-26 12:19:58.048  1164  1847 W PowerManagerService: LIMIT_APP: in WorkerRunnable call setUid = 1000
11-26 12:19:58.056  1164  1164 W PowerManagerService: LIMIT_APP: getNetworkBytes use time = 8
11-26 12:19:58.057  1164  1164 W AppOps  : isskipsystem  code:40  uid:1000
11-26 12:19:58.058  1164  1847 W PowerManagerService: LIMIT_APP: in WorkerRunnable call setUid = 1000
11-26 12:19:58.073  1164  1178 W PowerManagerService: LIMIT_APP: getNetworkBytes use time = 14
11-26 12:19:58.074  1164  1178 W AppOps  : isskipsystem  code:40  uid:1000
11-26 12:19:58.077 12550 12561 I System  : FinalizerDaemon: finalize objects = 1030
11-26 12:19:58.079  1164  1164 E NotificationService: Suppressing notification from package com.letv.android.supermanager by user request.
11-26 12:19:58.115  1164  1847 W PowerManagerService: LIMIT_APP: in WorkerRunnable call setUid = 10124
11-26 12:19:58.119  1164  1178 W PowerManagerService: LIMIT_APP: getNetworkBytes use time = 4
11-26 12:19:58.120  1164  1847 W PowerManagerService: LIMIT_APP: in WorkerRunnable call setUid = 1000
11-26 12:19:58.121  1164  1616 I libPerfService: [perfScnDisable] scenario:12
11-26 12:19:58.124  1164  1178 W PowerManagerService: LIMIT_APP: getNetworkBytes use time = 5
11-26 12:19:58.126 12530 12530 I xx      : onScrollStateChanged.setState:1,1543205998122
11-26 12:19:58.128  1164  1178 W ActivityManager: don't allow to launch ServiceInfo{3a7a5f4 com.ss.android.account.AccountSyncService}
11-26 12:19:58.128  1164  1178 E SyncManager: Bind attempt failed - target: ComponentInfo{com.ss.android.article.news/com.ss.android.account.AccountSyncService}
11-26 12:19:58.129  1164  1847 W PowerManagerService: LIMIT_APP: in WorkerRunnable call setUid = 10125
11-26 12:19:58.129 12530 12530 I xx      : setState,layoutManager.getChildCount(),layoutManager.getItemCount():6,4,10
11-26 12:19:58.130 12530 12530 I ViewRootImpl: finishMotionEvent: handled = true stage=10: View Post IME stage,inputElapseTime=12 eventTime = 163960654 downTime = 163960653 title= com.jd.b2b/com.jd.b2b.frame.MainFrameActivity
11-26 12:19:58.131  1164  1178 W PowerManagerService: LIMIT_APP: getNetworkBytes use time = 2
11-26 12:19:58.132  1164  1847 W PowerManagerService: LIMIT_APP: in WorkerRunnable call setUid = 1000
11-26 12:19:58.133  1164  1178 W PowerManagerService: LIMIT_APP: getNetworkBytes use time = 2
11-26 12:19:58.134 12530 12530 I xx      : onScrollStateChanged.setState:0,1543205998130
11-26 12:19:58.136  1164  1178 W ActivityManager: don't allow to launch ServiceInfo{88af45 com.sina.weibo.sync.guard.GuardSyncService}
11-26 12:19:58.136  1164  1178 E SyncManager: Bind attempt failed - target: ComponentInfo{com.sina.weibo/com.sina.weibo.sync.guard.GuardSyncService}
11-26 12:19:58.137 12530 12530 I xx      : setState,layoutManager.getChildCount(),layoutManager.getItemCount():6,4,10
11-26 12:19:58.137  1164  1847 W PowerManagerService: LIMIT_APP: in WorkerRunnable call setUid = 10038
11-26 12:19:58.143  1164  1178 W PowerManagerService: LIMIT_APP: getNetworkBytes use time = 5
11-26 12:19:58.143  1164  1847 W PowerManagerService: LIMIT_APP: in WorkerRunnable call setUid = 1000
11-26 12:19:58.146  1164  1178 W PowerManagerService: LIMIT_APP: getNetworkBytes use time = 3
11-26 12:19:58.150  1164  1178 W ActivityManager: don't allow to launch ServiceInfo{70cf3b5 com.xunmeng.pinduoduo.lifecycle.service.PDDSyncService}
11-26 12:19:58.150  1164  1178 E SyncManager: Bind attempt failed - target: ComponentInfo{com.xunmeng.pinduoduo/com.xunmeng.pinduoduo.lifecycle.service.PDDSyncService}
11-26 12:19:58.158  1164  1847 W PowerManagerService: LIMIT_APP: in WorkerRunnable call setUid = 10270
11-26 12:19:58.161  1164  1178 W PowerManagerService: LIMIT_APP: getNetworkBytes use time = 3
11-26 12:19:58.161  1164  1847 W PowerManagerService: LIMIT_APP: in WorkerRunnable call setUid = 1000
11-26 12:19:58.164  1164  1178 W PowerManagerService: LIMIT_APP: getNetworkBytes use time = 3
11-26 12:19:58.171  1164  1178 W AppOps  : Finishing op nesting under-run: uid 1000 pkg android code 40 time=0 duration=0 nesting=0
11-26 12:19:58.175  1164  1178 I AlarmManager: APP set(PendingIntent{6427095: PendingIntentRecord{d585aa android broadcastIntent key.isShadow:false}}) : type=2 triggerAtTime=616308808 win=0 tElapsed=616308808 maxElapsed=616308808 interval=0 flags=0x0
11-26 12:19:58.175  1164  1178 W AppOps  : Finishing op nesting under-run: uid 1000 pkg android code 40 time=0 duration=0 nesting=0
11-26 12:19:58.175  1164  1847 W PowerManagerService: LIMIT_APP: in WorkerRunnable call setUid = 1000
11-26 12:19:58.178  1164  1178 W PowerManagerService: LIMIT_APP: getNetworkBytes use time = 3
11-26 12:19:58.178  1164  1178 W AppOps  : isskipsystem  code:40  uid:1000
11-26 12:19:58.179  1164  1178 W AppOps  : Finishing op nesting under-run: uid 1000 pkg android code 40 time=0 duration=0 nesting=0
11-26 12:19:58.179  1164  1847 W PowerManagerService: LIMIT_APP: in WorkerRunnable call setUid = 1000
11-26 12:19:58.181  1164  1178 W PowerManagerService: LIMIT_APP: getNetworkBytes use time = 2
11-26 12:19:58.181  1164  1178 W AppOps  : isskipsystem  code:40  uid:1000
11-26 12:19:58.182  1164  1178 W AppOps  : Finishing op nesting under-run: uid 1000 pkg android code 40 time=0 duration=0 nesting=0
11-26 12:19:58.190  1164  1847 W PowerManagerService: LIMIT_APP: in WorkerRunnable call setUid = 1000
11-26 12:19:58.192  1164  1178 W PowerManagerService: LIMIT_APP: getNetworkBytes use time = 2
11-26 12:19:58.193  1164  1178 W AppOps  : isskipsystem  code:40  uid:1000
11-26 12:19:58.195  1164  1178 I AlarmManager: APP set(PendingIntent{6427095: PendingIntentRecord{d585aa android broadcastIntent key.isShadow:false}}) : type=2 triggerAtTime=616608650 win=0 tElapsed=616608650 maxElapsed=616608650 interval=0 flags=0x0
11-26 12:19:58.195  1164  1164 E NotificationService: xulei call cancelNotification isShadowProc: false, callingPid:1164, pkg:android,get index:-1
11-26 12:19:58.203  1164  1178 W AppOps  : Finishing op nesting under-run: uid 1000 pkg android code 40 time=0 duration=0 nesting=0
11-26 12:19:58.238  1164  1174 I AlarmManager: APP set(PendingIntent{d7cd15c: PendingIntentRecord{e41f96a com.tencent.qqpim broadcastIntent key.isShadow:false}}) : type=0 triggerAtTime=1543206268238 win=0 tElapsed=616278889 maxElapsed=616278889 interval=0 flags=0x0
11-26 12:19:58.240  1164  1830 I AlarmManager: APP set(PendingIntent{7b3a748: PendingIntentRecord{e4bab11 com.tencent.qqpim broadcastIntent key.isShadow:false}}) : type=0 triggerAtTime=1543206298240 win=0 tElapsed=616308890 maxElapsed=616308890 interval=0 flags=0x0
11-26 12:19:58.241  2626  2930 I System.out: [CDS][DNS] getAllByNameImpl netId = 0
11-26 12:19:58.242  2626  2930 I System.out: [CDS]SO_LINGER:false/0
11-26 12:19:58.242  2626  2930 I System.out: [CDS]IoBridge->SO_LINGER: l_onoff: 0 ; l_linger: 0
11-26 12:19:58.242  2626  2930 I System.out: [socket][302] connection /113.96.208.158:14000;LocalPort=41395(15000)
11-26 12:19:58.242 12530 14602 W Bitmap  : Called reconfigure on a bitmap that is in use! This may cause graphical corruption!
11-26 12:19:58.242  2626  2930 I System.out: [CDS]connect[/113.96.208.158:14000] tm:15
11-26 12:19:58.265  2626  2930 I System.out: [socket][/10.14.170.150:41395] connected
