11-26 12:19:52.700 14427 14427 W art     : 7f7bffe000-7f7bfff000 rw-p 00011000 fd:00 3455                           /system/lib64/libsoundtrigger.so
11-26 12:19:52.700 14427 14427 W art     : 7f7bfff000-7f7c009000 r-xp 00000000 fd:00 3428                           /system/lib64/libradio.so
11-26 12:19:52.700 14427 14427 W art     : 7f7c009000-7f7c018000 ---p 00000000 00:00 0 
11-26 12:19:52.700 14427 14427 W art     : 7f7c018000-7f7c01d000 r--p 0000d000 fd:00 3428                           /system/lib64/libradio.so
11-26 12:19:52.700 14427 14427 W art     : 7f7c01d000-7f7c01e000 rw-p 00012000 fd:00 3428                           /system/lib64/libradio.so
11-26 12:19:52.700 14427 14427 W art     : 7f7c01e000-7f7c020000 r-xp 00000000 fd:00 3398                           /system/lib64/libnetd_client.so
11-26 12:19:52.700 14427 14427 W art     : 7f7c020000-7f7c02f000 ---p 00000000 00:00 0 
11-26 12:19:52.700 14427 14427 W art     : 7f7c02f000-7f7c030000 r--p 00001000 fd:00 3398                           /system/lib64/libnetd_client.so
11-26 12:19:52.700 14427 14427 W art     : 7f7c030000-7f7c031000 rw-p 00002000 fd:00 3398                           /system/lib64/libnetd_client.so
11-26 12:19:52.700 14427 14427 W art     : 7f7c031000-7f7c043000 r-xp 00000000 fd:00 3314                           /system/lib64/libimg_utils.so
11-26 12:19:52.700 14427 14427 W art     : 7f7c043000-7f7c052000 ---p 00000000 00:00 0 
11-26 12:19:52.700 14427 14427 W art     : 7f7c052000-7f7c055000 r--p 00012000 fd:00 3314                           /system/lib64/libimg_utils.so
11-26 12:19:52.700 14427 14427 W art     : 7f7c055000-7f7c056000 rw-p 00015000 fd:00 3314                           /system/lib64/libimg_utils.so
11-26 12:19:52.700 14427 14427 W art     : 7f7c056000-7f7c47a000 r-xp 00000000 fd:00 3414                           /system/lib64/libpdfium.so
11-26 12:19:52.700 14427 14427 W art     : 7f7c47a000-7f7c489000 ---p 00000000 00:00 0 
11-26 12:19:52.700 14427 14427 W art     : 7f7c489000-7f7c49a000 r--p 00428000 fd:00 3414                           /system/lib64/libpdfium.so
11-26 12:19:52.700 14427 14427 W art     : 7f7c49a000-7f7c49f000 rw-p 00439000 fd:00 3414                           /system/lib64/libpdfium.so
11-26 12:19:52.700 14427 14427 W art     : 7f7c49f000-7f7c4a0000 rw-p 00000000 00:00 0 
11-26 12:19:52.700 14427 14427 W art     : 7f7c4a0000-7f7c4aa000 r-xp 00000000 fd:00 3173                           /system/lib64/libaudioutils.so
11-26 12:19:52.700 14427 14427 W art     : 7f7c4aa000-7f7c4ba000 ---p 00000000 00:00 0 
11-26 12:19:52.700 14427 14427 W art     : 7f7c4ba000-7f7c4bb000 r--p 0000a000 fd:00 3173                           /system/lib64/libaudioutils.so
11-26 12:19:52.700 14427 14427 W art     : 7f7c4bb000-7f7c4bc000 rw-p 0000b000 fd:00 3173                           /system/lib64/libaudioutils.so
11-26 12:19:52.700 14427 14427 W art     : 7f7c4bc000-7f7c4d8000 r-xp 00000000 fd:00 3541                           /system/lib64/libz.so
11-26 12:19:52.701 14427 14427 W art     : 7f7c4d8000-7f7c4e7000 ---p 00000000 00:00 0 
11-26 12:19:52.701 14427 14427 W art     : 7f7c4e7000-7f7c4e8000 r--p 0001b000 fd:00 3541                           /system/lib64/libz.so
11-26 12:19:52.701 14427 14427 W art     : 7f7c4e8000-7f7c4e9000 rw-p 0001c000 fd:00 3541                           /system/lib64/libz.so
11-26 12:19:52.701 14427 14427 W art     : 7f7c4e9000-7f7c557000 r-xp 00000000 fd:00 3305                           /system/lib64/libharfbuzz_ng.so
11-26 12:19:52.701 14427 14427 W art     : 7f7c557000-7f7c566000 ---p 00000000 00:00 0 
11-26 12:19:52.701 14427 14427 W art     : 7f7c566000-7f7c569000 r--p 0006d000 fd:00 3305                           /system/lib64/libharfbuzz_ng.so
11-26 12:19:52.701 14427 14427 W art     : 7f7c569000-7f7c56a000 rw-p 00070000 fd:00 3305                           /system/lib64/libharfbuzz_ng.so
11-26 12:19:52.701 14427 14427 W art     : 7f7c56a000-7f7c56e000 r-xp 00000000 fd:00 3520                           /system/lib64/libusbhost.so
11-26 12:19:52.701 14427 14427 W art     : 7f7c56e000-7f7c57d000 ---p 00000000 00:00 0 
11-26 12:19:52.701 14427 14427 W art     : 7f7c57d000-7f7c57e000 r--p 00003000 fd:00 3520                           /system/lib64/libusbhost.so
11-26 12:19:52.701 14427 14427 W art     : 7f7c57e000-7f7c57f000 rw-p 00004000 fd:00 3520                           /system/lib64/libusbhost.so
11-26 12:19:52.701 14427 14427 W art     : 7f7c57f000-7f7c5b8000 r-xp 00000000 fd:00 3340                           /system/lib64/libjpeg.so
11-26 12:19:52.701 14427 14427 W art     : 7f7c5b8000-7f7c5c7000 ---p 00000000 00:00 0 
11-26 12:19:52.701 14427 14427 W art     : 7f7c5c7000-7f7c5c8000 r--p 00038000 fd:00 3340                           /system/lib64/libjpeg.so
11-26 12:19:52.701 14427 14427 W art     : 7f7c5c8000-7f7c5c9000 rw-p 00039000 fd:00 3340                           /system/lib64/libjpeg.so
11-26 12:19:52.701 14427 14427 W art     : 7f7c5c9000-7f7c6ba000 r-xp 00000000 fd:00 3366                           /system/lib64/libmedia.so
11-26 12:19:52.701 14427 14427 W art     : 7f7c6ba000-7f7c6ca000 ---p 00000000 00:00 0 
11-26 12:19:52.701 14427 14427 W art     : 7f7c6ca000-7f7c708000 r--p 000fc000 fd:00 3366                           /system/lib64/libmedia.so
11-26 12:19:52.701 14427 14427 W art     : 7f7c708000-7f7c709000 rw-p 0013a000 fd:00 3366                           /system/lib64/libmedia.so
11-26 12:19:52.701 14427 14427 W art     : 7f7c709000-7f7c925000 r-xp 00000000 fd:00 3309                           /system/lib64/libicui18n.so
11-26 12:19:52.701 14427 14427 W art     : 7f7c925000-7f7c935000 ---p 00000000 00:00 0 
11-26 12:19:52.701 14427 14427 W art     : 7f7c935000-7f7c949000 r--p 00226000 fd:00 3309                           /system/lib64/libicui18n.so
11-26 12:19:52.701 14427 14427 W art     : 7f7c949000-7f7c94a000 rw-p 0023a000 fd:00 3309                           /system/lib64/libicui18n.so
11-26 12:19:52.701 14427 14427 W art     : 7f7c94a000-7f7cacd000 r-xp 00000000 fd:00 3310                           /system/lib64/libicuuc.so
11-26 12:19:52.701 14427 14427 W art     : 7f7cacd000-7f7cadd000 ---p 00000000 00:00 0 
11-26 12:19:52.701 14427 14427 W art     : 7f7cadd000-7f7caef000 r--p 0018c000 fd:00 3310                           /system/lib64/libicuuc.so
11-26 12:19:52.701 14427 14427 W art     : 7f7caef000-7f7caf0000 rw-p 0019e000 fd:00 3310                           /system/lib64/libicuuc.so
11-26 12:19:52.701 14427 14427 W art     : 7f7caf0000-7f7caf4000 rw-p 00000000 00:00 0 
11-26 12:19:52.701 14427 14427 W art     : 7f7caf4000-7f7cb37000 r-xp 00000000 fd:00 3464                           /system/lib64/libssl.so
11-26 12:19:52.701 14427 14427 W art     : 7f7cb37000-7f7cb47000 ---p 00000000 00:00 0 
11-26 12:19:52.701 14427 14427 W art     : 7f7cb47000-7f7cb49000 r--p 00043000 fd:00 3464                           /system/lib64/libssl.so
11-26 12:19:52.701 14427 14427 W art     : 7f7cb49000-7f7cb4a000 rw-p 00045000 fd:00 3464                           /system/lib64/libssl.so
11-26 12:19:52.701 14427 14427 W art     : 7f7cb4a000-7f7cc50000 r-xp 00000000 fd:00 3232                           /system/lib64/libcrypto.so
11-26 12:19:52.702 14427 14427 W art     : 7f7cc50000-7f7cc5f000 ---p 00000000 00:00 0 
11-26 12:19:52.702 14427 14427 W art     : 7f7cc5f000-7f7cc73000 r--p 0010a000 fd:00 3232                           /system/lib64/libcrypto.so
11-26 12:19:52.702 14427 14427 W art     : 7f7cc73000-7f7cc74000 rw-p 0011e000 fd:00 3232                           /system/lib64/libcrypto.so
11-26 12:19:52.702 14427 14427 W art     : 7f7cc74000-7f7ccce000 r-xp 00000000 fd:00 3453                           /system/lib64/libsonivox.so
11-26 12:19:52.702 14427 14427 W art     : 7f7ccce000-7f7ccde000 ---p 00000000 00:00 0 
11-26 12:19:52.702 14427 14427 W art     : 7f7ccde000-7f7ccdf000 r--p 0005a000 fd:00 3453                           /system/lib64/libsonivox.so
11-26 12:19:52.702 14427 14427 W art     : 7f7ccdf000-7f7cce0000 rw-p 0005b000 fd:00 3453                           /system/lib64/libsonivox.so
11-26 12:19:52.702 14427 14427 W art     : 7f7cce0000-7f7cce1000 rw-p 00000000 00:00 0 
11-26 12:19:52.702 14427 14427 W art     : 7f7cce1000-7f7ccf6000 r-xp 00000000 fd:00 3443                           /system/lib64/libselinux.so
11-26 12:19:52.702 14427 14427 W art     : 7f7ccf6000-7f7cd06000 ---p 00000000 00:00 0 
11-26 12:19:52.702 14427 14427 W art     : 7f7cd06000-7f7cd07000 r--p 00015000 fd:00 3443                           /system/lib64/libselinux.so
11-26 12:19:52.702 14427 14427 W art     : 7f7cd07000-7f7cd08000 rw-p 00016000 fd:00 3443                           /system/lib64/libselinux.so
11-26 12:19:52.702 14427 14427 W art     : 7f7cd08000-7f7cd09000 rw-p 00000000 00:00 0 
11-26 12:19:52.702 14427 14427 W art     : 7f7cd09000-7f7cd10000 r-xp 00000000 fd:00 3304                           /system/lib64/libhardware_legacy.so
11-26 12:19:52.702 14427 14427 W art     : 7f7cd10000-7f7cd1f000 ---p 00000000 00:00 0 
11-26 12:19:52.703 14427 14427 W art     : 7f7cd1f000-7f7cd20000 r--p 00006000 fd:00 3304                           /system/lib64/libhardware_legacy.so
11-26 12:19:52.703 14427 14427 W art     : 7f7cd20000-7f7cd21000 rw-p 00007000 fd:00 3304                           /system/lib64/libhardware_legacy.so
11-26 12:19:52.703 14427 14427 W art     : 7f7cd21000-7f7cd22000 rw-p 00000000 00:00 0 
11-26 12:19:52.703 14427 14427 W art     : 7f7cd22000-7f7cd24000 r-xp 00000000 fd:00 3303                           /system/lib64/libhardware.so
11-26 12:19:52.703 14427 14427 W art     : 7f7cd24000-7f7cd33000 ---p 00000000 00:00 0 
11-26 12:19:52.703 14427 14427 W art     : 7f7cd33000-7f7cd35000 r--p 00001000 fd:00 3303                           /system/lib64/libhardware.so
11-26 12:19:52.703 14427 14427 W art     : 7f7cd35000-7f7cd36000 rw-p 00003000 fd:00 3303                           /system/lib64/libhardware.so
11-26 12:19:52.703 14427 14427 W art     : 7f7cd36000-7f7cd39000 r-xp 00000000 fd:00 3102                           /system/lib64/libETC1.so
11-26 12:19:52.703 14427 14427 W art     : 7f7cd39000-7f7cd49000 ---p 00000000 00:00 0 
11-26 12:19:52.703 14427 14427 W art     : 7f7cd49000-7f7cd4a000 r--p 00003000 fd:00 3102                           /system/lib64/libETC1.so
11-26 12:19:52.703 14427 14427 W art     : 7f7cd4a000-7f7cd4b000 rw-p 00004000 fd:00 3102                           /system/lib64/libETC1.so
11-26 12:19:52.703 14427 14427 W art     : 7f7cd4b000-7f7cd5b000 r-xp 00000000 fd:00 3106                           /system/lib64/libGLESv2.so
11-26 12:19:52.703 14427 14427 W art     : 7f7cd5b000-7f7cd6a000 ---p 00000000 00:00 0 
11-26 12:19:52.703 14427 14427 W art     : 7f7cd6a000-7f7cd6b000 r--p 0000f000 fd:00 3106                           /system/lib64/libGLESv2.so
11-26 12:19:52.703 14427 14427 W art     : 7f7cd6b000-7f7cd6c000 rw-p 00010000 fd:00 3106                           /system/lib64/libGLESv2.so
11-26 12:19:52.703 14427 14427 W art     : 7f7cd6c000-7f7cd75000 r-xp 00000000 fd:00 3105                           /system/lib64/libGLESv1_CM.so
11-26 12:19:52.703 14427 14427 W art     : 7f7cd75000-7f7cd84000 ---p 00000000 00:00 0 
11-26 12:19:52.703 14427 14427 W art     : 7f7cd84000-7f7cd85000 r--p 00008000 fd:00 3105                           /system/lib64/libGLESv1_CM.so
11-26 12:19:52.703 14427 14427 W art     : 7f7cd85000-7f7cd86000 rw-p 00009000 fd:00 3105                           /system/lib64/libGLESv1_CM.so
11-26 12:19:52.703 14427 14427 W art     : 7f7cd86000-7f7ce4a000 r-xp 00000000 fd:00 3101                           /system/lib64/libEGL.so
11-26 12:19:52.703 14427 14427 W art     : 7f7ce4a000-7f7ce59000 ---p 00000000 00:00 0 
11-26 12:19:52.703 14427 14427 W art     : 7f7ce59000-7f7ce5d000 r--p 000cc000 fd:00 3101                           /system/lib64/libEGL.so
11-26 12:19:52.703 14427 14427 W art     : 7f7ce5d000-7f7ce69000 rw-p 000d0000 fd:00 3101                           /system/lib64/libEGL.so
11-26 12:19:52.703 14427 14427 W art     : 7f7ce69000-7f7ce6f000 rw-p 00000000 00:00 0 
11-26 12:19:52.703 14427 14427 W art     : 7f7ce6f000-7f7cf2b000 r-xp 00000000 fd:00 3462                           /system/lib64/libsqlite.so
11-26 12:19:52.703 14427 14427 W art     : 7f7cf2b000-7f7cf3b000 ---p 00000000 00:00 0 
11-26 12:19:52.703 14427 14427 W art     : 7f7cf3b000-7f7cf3d000 r--p 000bf000 fd:00 3462                           /system/lib64/libsqlite.so
11-26 12:19:52.703 14427 14427 W art     : 7f7cf3d000-7f7cf3f000 rw-p 000c1000 fd:00 3462                           /system/lib64/libsqlite.so
11-26 12:19:52.703 14427 14427 W art     : 7f7cf3f000-7f7cf40000 rw-p 00000000 00:00 0 
11-26 12:19:52.703 14427 14427 W art     : 7f7cf40000-7f7d3e9000 r-xp 00000000 fd:00 3449                           /system/lib64/libskia.so
11-26 12:19:52.703 14427 14427 W art     : 7f7d3e9000-7f7d3f9000 ---p 00000000 00:00 0 
11-26 12:19:52.703 14427 14427 W art     : 7f7d3f9000-7f7d42a000 r--p 004aa000 fd:00 3449                           /system/lib64/libskia.so
11-26 12:19:52.703 14427 14427 W art     : 7f7d42a000-7f7d42c000 rw-p 004db000 fd:00 3449                           /system/lib64/libskia.so
11-26 12:19:52.703 14427 14427 W art     : 7f7d42c000-7f7d435000 rw-p 00000000 00:00 0 
11-26 12:19:52.703 14427 14427 W art     : 7f7d435000-7f7d43d000 r-xp 00000000 fd:00 3223                           /system/lib64/libcamera_metadata.so
11-26 12:19:52.704 14427 14427 W art     : 7f7d43d000-7f7d44c000 ---p 00000000 00:00 0 
11-26 12:19:52.704 14427 14427 W art     : 7f7d44c000-7f7d44d000 r--p 00008000 fd:00 3223                           /system/lib64/libcamera_metadata.so
11-26 12:19:52.704 14427 14427 W art     : 7f7d44d000-7f7d44e000 rw-p 00009000 fd:00 3223                           /system/lib64/libcamera_metadata.so
11-26 12:19:52.704 14427 14427 W art     : 7f7d44e000-7f7d44f000 rw-p 00000000 00:00 0 
11-26 12:19:52.704 14427 14427 W art     : 7f7d44f000-7f7d483000 r-xp 00000000 fd:00 3222                           /system/lib64/libcamera_client.so
11-26 12:19:52.704 14427 14427 W art     : 7f7d483000-7f7d493000 ---p 00000000 00:00 0 
11-26 12:19:52.704 14427 14427 W art     : 7f7d493000-7f7d49e000 r--p 00042000 fd:00 3222                           /system/lib64/libcamera_client.
11-26 12:19:52.704 14427 14427 W art     : so
11-26 12:19:52.704 14427 14427 W art     : 7f7d49e000-7f7d49f000 rw-p 0004d000 fd:00 3222                           /system/lib64/libcamera_client.so
11-26 12:19:52.704 14427 14427 W art     : 7f7d49f000-7f7d4fc000 r-xp 00000000 fd:00 3319                           /system/lib64/libinputflinger.so
11-26 12:19:52.704 14427 14427 W art     : 7f7d4fc000-7f7d50c000 ---p 00000000 00:00 0
11-26 12:19:52.704 14427 14427 W art     :  
11-26 12:19:52.704 14427 14427 W art     : 7f7d50c000-7f7d510000 r--p 00061000 fd:00 3319                           /system/lib64/libinputflinger.so
11-26 12:19:52.704 14427 14427 W art     : 7f7d510000-7f7d511000 rw-p 00065000 fd:00 3319                           /system/lib64/libinputflinger.so
11-26 12:19:52.704 14427 14427 W art     : 7f7d511000-7f7d536000 r-xp 00000000 fd:00 33
11-26 12:19:52.704 14427 14427 W art     : 18                           /system/lib64/libinput.so
11-26 12:19:52.704 14427 14427 W art     : 7f7d536000-7f7d545000 ---p 00000000 00:00 0 
11-26 12:19:52.704 14427 14427 W art     : 7f7d545000-7f7d54b000 r--p 0002b000 fd:00 3318                           /system/lib64/libinput.so
11-26 12:19:52.704 14427 14427 W art     : 7f7d54b000-7f7d54c000 rw-p 00031000 fd:00 3318                           /system/lib64/libinput.so
11-26 12:19:52.704 14427 14427 W art     : 7f7d54c000-7f7d5c4000 r-xp 00000000 fd:00 3302                           /system/lib64/libgui.so
11-26 12:19:52.704 14427 14427 W art     : 7f7d5c4000-7f7d5d4000 ---p 00000000 00:00 0 
11-26 12:19:52.704 14427 14427 W art     : 7f7d5d4000-7f7d5ec000 r--p 0007e000 fd:00 3302                           /system/lib64/libgui.so
11-26 12:19:52.704 14427 14427 W art     : 7f7d5ec000-7f7d5ed000 rw-p 00096000 fd:00 3302                           /system/lib64/libgui.so
11-26 12:19:52.704 14427 14427 W art     : 7f7d5ed000-7f7d605000 r-xp 00000000 fd:00 3517                           /system/lib64/libui.so
11-26 12:19:52.704 14427 14427 W art     : 7f7d605000-7f7d615000 ---p 00000000 00:00 0 
11-26 12:19:52.704 14427 14427 W art     : 7f7d615000-7f7d618000 r--p 0001b000 fd:00 3517                           /system/lib64/libui.so
11-26 12:19:52.704 14427 14427 W art     : 7f7d618000-7f7d619000 rw-p 0001e000 fd:00 3517                           /system/lib64/libui.so
11-26 12:19:52.704 14427 14427 W art     : 7f7d619000-7f7d625000 r-xp 00000000 fd:00 3400                           /system/lib64/libnetutils.so
11-26 12:19:52.704 14427 14427 W art     : 7f7d625000-7f7d635000 ---p 00000000 00:00 0 
11-26 12:19:52.704 14427 14427 W art     : 7f7d635000-7f7d636000 r--p 0000c000 fd:00 3400                           /system/lib64/libnetutils.so
11-26 12:19:52.704 14427 14427 W art     : 7f7d636000-7f7d637000 rw-p 0000d000 fd:00 3400                           /system/lib64/libnetutils.so
11-26 12:19:52.704 14427 14427 W art     : 7f7d637000-7f7d63e000 r-xp 00000000 fd:00 3396                           /system/lib64/libnativehelper.so
11-26 12:19:52.704 14427 14427 W art     : 7f7d63e000-7f7d64e000 ---p 00000000 00:00 0 
11-26 12:19:52.704 14427 14427 W art     : 7f7d64e000-7f7d64f000 r--p 00007000 fd:00 3396                           /system/lib64/libnativehelper.so
11-26 12:19:52.704 14427 14427 W art     : 7f7d64f000-7f7d650000 rw-p 00008000 fd:00 3396                           /system/lib64/libnativehelper.so
11-26 12:19:52.705 14427 14427 W art     : 7f7d650000-7f7d671000 r-xp 00000000 fd:00 3267                           /system/lib64/libexpat.so
11-26 12:19:52.705 14427 14427 W art     : 7f7d671000-7f7d681000 ---p 00000000 00:00 0 
11-26 12:19:52.705 14427 14427 W art     : 7f7d681000-7f7d684000 r--p 00021000 fd:00 3267                           /system/lib64/libexpat.so
11-26 12:19:52.705 14427 14427 W art     : 7f7d684000-7f7d685000 rw-p 00024000 fd:00 3267                           /system/lib64/libexpat.so
11-26 12:19:52.705 14427 14427 W art     : 7f7d685000-7f7d6c0000 r-xp 00000000 fd:00 3154                           /system/lib64/libandroidfw.so
11-26 12:19:52.705 14427 14427 W art     : 7f7d6c0000-7f7d6d0000 ---p 00000000 00:00 0 
11-26 12:19:52.705 14427 14427 W art     : 7f7d6d0000-7f7d6d2000 r--p 0003c000 fd:00 3154                           /system/lib64/libandroidfw.so
11-26 12:19:52.705 14427 14427 W art     : 7f7d6d2000-7f7d6d3000 rw-p 0003e000 fd:00 3154                           /system/lib64/libandroidfw.so
11-26 12:19:52.705 14427 14427 W art     : 7f7d6d3000-7f7d6d4000 r-xp 00000000 fd:00 3373                           /system/lib64/libmemtrack.so
11-26 12:19:52.705 14427 14427 W art     : 7f7d6d4000-7f7d6e4000 ---p 00000000 00:00 0 
11-26 12:19:52.705 14427 14427 W art     : 7f7d6e4000-7f7d6e5000 r--p 00001000 fd:00 3373                           /system/lib64/libmemtrack.so
11-26 12:19:52.705 14427 14427 W art     : 7f7d6e5000-7f7d6e6000 rw-p 00002000 fd:00 3373                           /system/lib64/libmemtrack.so
11-26 12:19:52.705 14427 14427 W art     : 7f7d6e6000-7f7d6f1000 r-xp 00000000 fd:00 3178                           /system/lib64/libbacktrace.so
11-26 12:19:52.705 14427 14427 W art     : 7f7d6f1000-7f7d700000 ---p 00000000 00:00 0 
11-26 12:19:52.705 14427 14427 W art     : 7f7d700000-7f7d701000 r--p 0000a000 fd:00 3178                           /system/lib64/libbacktrace.so
11-26 12:19:52.705 14427 14427 W art     : 7f7d701000-7f7d702000 rw-p 0000b000 fd:00 3178                           /system/lib64/libbacktrace.so
11-26 12:19:52.705 14427 14427 W art     : 7f7d702000-7f7d73a000 r-xp 00000000 fd:00 3351                           /system/lib64/libm.so
11-26 12:19:52.705 14427 14427 W art     : 7f7d73a000-7f7d74a000 ---p 00000000 00:00 0 
11-26 12:19:52.705 14427 14427 W art     : 7f7d74a000-7f7d74b000 r--p 00038000 fd:00 3351                           /system/lib64/libm.so
11-26 12:19:52.705 14427 14427 W art     : 7f7d74b000-7f7d74c000 rw-p 00039000 fd:00 3351                           /system/lib64/libm.so
11-26 12:19:52.705 14427 14427 W art     : 7f7d74c000-7f7d810000 r-xp 00000000 fd:00 3199                           /system/lib64/libc.so
11-26 12:19:52.705 14427 14427 W art     : 7f7d810000-7f7d820000 ---p 00000000 00:00 0 
11-26 12:19:52.705 14427 14427 W art     : 7f7d820000-7f7d826000 r--p 000c4000 fd:00 3199                           /system/lib64/libc.so
11-26 12:19:52.705 14427 14427 W art     : 7f7d826000-7f7d829000 rw-p 000ca000 fd:00 3199                           /system/lib64/libc.so
11-26 12:19:52.705 14427 14427 W art     : 7f7d829000-7f7d837000 rw-p 00000000 00:00 0 
11-26 12:19:52.705 14427 14427 W art     : 7f7d837000-7f7d90e000 r-xp 00000000 fd:00 3198                           /system/lib64/libc++.so
11-26 12:19:52.705 14427 14427 W art     : 7f7d90e000-7f7d91d000 ---p 00000000 00:00 0 
11-26 12:19:52.705 14427 14427 W art     : 7f7d91d000-7f7d924000 r--p 000df000 fd:00 3198                           /system/lib64/libc++.so
11-26 12:19:52.705 14427 14427 W art     : 7f7d924000-7f7d925000 rw-p 000e6000 fd:00 3198                           /system/lib64/libc++.so
11-26 12:19:52.705 14427 14427 W art     : 7f7d925000-7f7d928000 rw-p 00000000 00:00 0 
11-26 12:19:52.705 14427 14427 W art     : 7f7d928000-7f7d964000 r-xp 00000000 fd:00 3539                           /system/lib64/libwilhelm.so
11-26 12:19:52.705 14427 14427 W art     : 7f7d964000-7f7d973000 ---p 00000000 00:00 0 
11-26 12:19:52.705 14427 14427 W art     : 7f7d973000-7f7d978000 r--p 00040000 fd:00 3539                           /system/lib64/libwilhelm.so
11-26 12:19:52.705 14427 14427 W art     : 7f7d978000-7f7d979000 rw-p 00045000 fd:00 3539                           /system/lib64/libwilhelm.so
11-26 12:19:52.705 14427 14427 W art     : 7f7d979000-7f7dadb000 r-xp 00000000 fd:00 3152        
11-26 12:19:52.706 14427 14427 W art     :                    /system/lib64/libandroid_runtime.so
11-26 12:19:52.706 14427 14427 W art     : 7f7dadb000-7f7daea000 ---p 00000000 00:00 0 
11-26 12:19:52.706 14427 14427 W art     : 7f7daea000-7f7daf6000 r--p 00170000 fd:00 3152                           /system/lib64/libandroid_runtime.so
11-26 12:19:52.706 14427 14427 W art     : 7f7daf6000-7f7db05000 rw-p 0017c000 fd:00 3152                           /system/lib64/libandroid_runt
11-26 12:19:52.706 14427 14427 W art     : ime.so
11-26 12:19:52.706 14427 14427 W art     : 7f7db05000-7f7db07000 rw-p 00000000 00:00 0 
11-26 12:19:52.706 14427 14427 W art     : 7f7db07000-7f7db3e000 r-xp 00000000 fd:00 3188                           /system/lib64/libbinder.so
11-26 12:19:52.706 14427 14427 W art     : 7f7db3e000-7f7db4d000 ---p 00000000 00:00 0 
11-26 12:19:52.706 14427 14427 W art     : 7f7db4d000-7f7db59000 r--p 00043000 fd:00 3188                    
11-26 12:19:52.706 14427 14427 W art     :        /system/lib64/libbinder.so
11-26 12:19:52.706 14427 14427 W art     : 7f7db59000-7f7db5a000 rw-p 0004f000 fd:00 3188                           /system/lib64/libbinder.so
11-26 12:19:52.706 14427 14427 W art     : 7f7db5a000-7f7db64000 r-xp 00000000 fd:00 3349                           /system/lib64/liblog.so
11-26 12:19:52.706 14427 14427 W art     : 7f7db64000-7f7db73000 ---p 00000000 00:00 0 
11-26 12:19:52.706 14427 14427 W art     : 7f7db73000-7f7db75000 r--p 00009000 fd:00 3349                           /system/lib64/liblog.so
11-26 12:19:52.706 14427 14427 W art     : 7f7db75000-7f7db76000 rw-p 0000b000 fd:00 3349                           /system/lib64/liblog.so
11-26 12:19:52.706 14427 14427 W art     : 7f7db76000-7f7db9a000 r-xp 00000000 fd:00 3521                           /system/lib64/libutils.so
11-26 12:19:52.706 14427 14427 W art     : 7f7db9a000-7f7dba9000 ---p 00000000 00:00 0 
11-26 12:19:52.706 14427 14427 W art     : 7f7dba9000-7f7dbab000 r--p 00023000 fd:00 3521                           /system/lib64/libutils.so
11-26 12:19:52.706 14427 14427 W art     : 7f7dbab000-7f7dbac000 rw-p 00025000 fd:00 3521                           /system/lib64/libutils.so
11-26 12:19:52.706 14427 14427 W art     : 7f7dbac000-7f7dbc2000 r-xp 00000000 fd:00 3237                           /system/lib64/libcutils.so
11-26 12:19:52.706 14427 14427 W art     : 7f7dbc2000-7f7dbd2000 ---p 00000000 00:00 0 
11-26 12:19:52.706 14427 14427 W art     : 7f7dbd2000-7f7dbd4000 r--p 00016000 fd:00 3237                           /system/lib64/libcutils.so
11-26 12:19:52.706 14427 14427 W art     : 7f7dbd4000-7f7dbd5000 rw-p 00018000 fd:00 3237                           /system/lib64/libcutils.so
11-26 12:19:52.706 14427 14427 W art     : 7f7dbd5000-7f7dbf5000 r--s 00000000 00:0d 36                             /dev/__properties__
11-26 12:19:52.706 14427 14427 W art     : 7f7dbf5000-7f7dc27000 r-xp 00000000 fd:00 859                            /system/bin/linker64
11-26 12:19:52.706 14427 14427 W art     : 7f7dc27000-7f7dc28000 r--p 00000000 00:00 0                              [anon:linker_alloc]
11-26 12:19:52.706 14427 14427 W art     : 7f7dc28000-7f7dc29000 rw-p 00000000 00:00 0                              [anon:linker_alloc_vector]
11-26 12:19:52.706 14427 14427 W art     : 7f7dc29000-7f7dc2a000 rw-p 00000000 00:00 0                              [anon:linker_alloc_64]
11-26 12:19:52.706 14427 14427 W art     : 7f7dc2a000-7f7dc2d000 r--p 00000000 00:00 0                              [anon:linker_alloc]
11-26 12:19:52.706 14427 14427 W art     : 7f7dc2d000-7f7dc2e000 r--p 00000000 00:00 0                              [anon:linker_alloc]
11-26 12:19:52.706 14427 14427 W art     : 7f7dc2e000-7f7dc2f000 rw-p 00000000 00:00 0                              [anon:linker_alloc]
11-26 12:19:52.706 14427 14427 W art     : 7f7dc2f000-7f7dc30000 r--p 00000000 00:00 0                              [anon:linker_alloc]
11-26 12:19:52.706 14427 14427 W art     : 7f7dc30000-7f7dc31000 rw-p 00000000 00:00 0                              [anon:linker_alloc]
11-26 12:19:52.706 14427 14427 W art     : 7f7dc31000-7f7dc33000 r--p 00000000 00:00 0                              [anon:linker_alloc]
11-26 12:19:52.707 14427 14427 W art     : 7f7dc33000-7f7dc34000 rw-p 00000000 00:00 0                              [anon:linker_alloc]
11-26 12:19:52.707 14427 14427 W art     : 7f7dc34000-7f7dc35000 r--p 00000000 00:00 0                              [anon:linker_alloc]
11-26 12:19:52.707 14427 14427 W art     : 7f7dc35000-7f7dc36000 rw-p 00000000 00:00 0                              [anon:linker_alloc_vector]
11-26 12:19:52.707 14427 14427 W art     : 7f7dc36000-7f7dc38000 r--p 00031000 fd:00 859                            /system/bin/linker64
11-26 12:19:52.707 14427 14427 W art     : 7f7dc38000-7f7dc3a000 rw-p 00033000 fd:00 859                            /system/bin/linker64
11-26 12:19:52.707 14427 14427 W art     : 7f7dc3a000-7f7dc3e000 rw-p 00000000 00:00 0 
11-26 12:19:52.707 14427 14427 W art     : 7f7dc3e000-7f7dc42000 r-xp 00000000 fd:00 715                            /system/bin/app_process64
11-26 12:19:52.707 14427 14427 W art     : 7f7dc42000-7f7dc45000 r--p 00000000 00:00 0                              [anon:linker_alloc]
11-26 12:19:52.707 14427 14427 W art     : 7f7dc45000-7f7dc46000 rw-p 00000000 00:00 0                              [anon:linker_alloc_64]
11-26 12:19:52.707 14427 14427 W art     : 7f7dc46000-7f7dc48000 r--p 00000000 00:00 0                              [anon:linker_alloc]
11-26 12:19:52.707 14427 14427 W art     : 7f7dc48000-7f7dc49000 rw-p 00000000 00:00 0                              [anon:linker_alloc]
11-26 12:19:52.707 14427 14427 W art     : 7f7dc49000-7f7dc4a000 r--p 00000000 00:00 0                              [anon:linker_alloc]
11-26 12:19:52.707 14427 14427 W art     : 7f7dc4a000-7f7dc4b000 r--p 00000000 00:00 0 
11-26 12:19:52.707 14427 14427 W art     : 7f7dc4b000-7f7dc4c000 ---p 00000000 00:00 0 
11-26 12:19:52.707 14427 14427 W art     : 7f7dc4c000-7f7dc50000 rw-p 00000000 00:00 0                              [anon:thread signal stack]
11-26 12:19:52.707 14427 14427 W art     : 7f7dc50000-7f7dc51000 r--p 00000000 00:00 0                              [vvar]
11-26 12:19:52.707 14427 14427 W art     : 7f7dc51000-7f7dc52000 r-xp 00000000 00:00 0                              [vdso]
11-26 12:19:52.707 14427 14427 W art     : 7f7dc52000-7f7dc53000 r--p 00004000 fd:00 715                            /system/bin/app_process64
11-26 12:19:52.707 14427 14427 W art     : 7f7dc53000-7f7dc54000 rw-p 00005000 fd:00 715                            /system/bin/app_process64
11-26 12:19:52.707 14427 14427 W art     : 7fdbcc1000-7fdc4c0000 rw-p 00000000 00:00 0                              [stack]
11-26 12:19:52.776 14331 14378 I FeedbackManager: postGenerateRequest: mEventList size is 0
11-26 12:19:52.800 14427 14427 I Radio-JNI: register_android_hardware_Radio DONE
11-26 12:19:52.883  1164  1645 I ActivityManager: Controller Pid : 14427
11-26 12:19:52.885  1164  1179 W BroadcastQueue: Skipping deliver [background] BroadcastRecord{2da81d5 u-1 android.net.conn.CONNECTIVITY_CHANGE, isShadow:false} to ReceiverList{a565dea 14427 (unknown name)/2000/u-1 remote:6d69fbf}: process crashing
11-26 12:19:53.010  1164  2168 W ActivityManager: xulei call enter isTransformStartActivity !!! _component:ComponentInfo{com.jd.b2b/com.jd.b2b.activity.SplashActivity},  intent:Intent { act=android.intent.action.MAIN cat=[android.intent.category.LAUNCHER] flg=0x10200000 FromType=0xffffffff cmp=com.jd.b2b/.activity.SplashActivity }
11-26 12:19:53.011  1164  2168 I ActivityManager: startActivity intent=Intent { act=android.intent.action.MAIN cat=[android.intent.category.LAUNCHER] flg=0x10200000 FromType=0xffffffff mCallingUid=2000 mCallingPid=14427 cmp=com.jd.b2b/.activity.SplashActivity }
11-26 12:19:53.011  1164  2168 I ActivityManager: START u0 {act=android.intent.action.MAIN cat=[android.intent.category.LAUNCHER] flg=0x10200000 FromType=0xffffffff mCallingUid=2000 mCallingPid=14427 cmp=com.jd.b2b/.activity.SplashActivity} from uid 2000 from pid 14427 on display 0
11-26 12:19:53.013  1164  1616 I libPerfService: [perfScnEnable] scenario:19
11-26 12:19:53.013  1164  2168 I ActivityManager: updateSpeedState sourceRecord =null targetRecord=ActivityRecord{45f78db u0 com.jd.b2b/.activity.SplashActivity, isShadow:false t-1}  addingToTask=true  topActivity=null  singleTop=false  speedState=0  task=TaskRecord{7db5f78 #337 A=com.jd.b2b, isShadow:false U=0 sz=0}
11-26 12:19:53.015  1164  2168 I BufferQueue: [unnamed-1164-748](this:0x7f7200d000,id:748,api:0,p:-1,c:-1) BufferQueue core=(1164:system_server)
11-26 12:19:53.015  1164  2168 I BufferQueueConsumer: [unnamed-1164-748](this:0x7f7200d000,id:748,api:0,p:-1,c:1164) connect(C): consumer=(1164:system_server) controlledByApp=false
11-26 12:19:53.015  1164  2168 I BufferQueueConsumer: [unnamed-1164-748](this:0x7f7200d000,id:748,api:0,p:-1,c:1164) setConsumerName: unnamed-1164-748
11-26 12:19:53.015  1164  2168 I BufferQueueConsumer: [ScreenshotClient](this:0x7f7200d000,id:748,api:0,p:-1,c:1164) setConsumerName: ScreenshotClient
11-26 12:19:53.016  1164  2168 I BufferQueueProducer: [ScreenshotClient](this:0x7f7200d000,id:748,api:1,p:426,c:1164) connect(P): api=1 producer=(426:/system/bin/surfaceflinger) producerControlledByApp=false
11-26 12:19:53.016  1164  2168 I BufferQueueProducer: [ScreenshotClient](this:0x7f7200d000,id:748,api:1,p:426,c:1164) new GraphicBuffer needed
11-26 12:19:53.017   426   455 I [MALI][Gralloc]: [+]hnd(0x7f98414140), client(23), share_fd(88), hnd->flags:4
11-26 12:19:53.017  1164  1616 I libPerfService: 19: set freq: 1391000, 1846000, 2314000, 
11-26 12:19:53.017  1164  1616 I libPerfService: 19: set: -1, 4, 2, 
11-26 12:19:53.018  1164  2168 I [MALI][Gralloc]: [+]r_hnd(0x7f7209f920), client(127), share_fd(275)
11-26 12:19:53.019   426   457 I [MALI][Gralloc]: [-]hnd(0x7f98414140), client(23), share_fd(88)
11-26 12:19:53.019  1164  1616 I libPerfService: [perfScnEnable] scenario:1
11-26 12:19:53.019   426   426 I [MALI][Gralloc]: [+]r_hnd(0x7f84eebbe0), client(23), share_fd(91)
11-26 12:19:53.023  1164  2168 I BufferQueueProducer: [ScreenshotClient](this:0x7f7200d000,id:748,api:1,p:-1,c:1164) disconnect(P): api 1
11-26 12:19:53.023  1164  2168 I BufferQueueConsumer: [ScreenshotClient](this:0x7f7200d000,id:748,api:1,p:-1,c:1164) getReleasedBuffers: returning mask 0xffffffffffffffff
11-26 12:19:53.026   426   473 I [MALI][Gralloc]: [-]r_hnd(0x7f84eebbe0), client(23), share_fd(91)
11-26 12:19:53.030  1164  2168 I BufferQueueConsumer: [ScreenshotClient](this:0x7f7200d000,id:748,api:1,p:-1,c:-1) disconnect(C)
11-26 12:19:53.031  1164  2168 I [MALI][Gralloc]: [-]r_hnd(0x7f7209f920), client(127), share_fd(275)
11-26 12:19:53.031  1164  2168 I BufferQueue: [ScreenshotClient](this:0x7f7200d000,id:748,api:1,p:-1,c:-1) ~BufferQueueCore
11-26 12:19:53.032  8246  8342 I ActivityThreadEui: schedulePauseActivity iflytek.testTech.propertytool.activity.HomeActivity finished=false userLeaving=true configChanges=0 dontReport=false
11-26 12:19:53.034  1164  2168 I WindowManager: Set focused app to: AppWindowToken{e346eb6 token=Token{e4e6651 ActivityRecord{45f78db u0 com.jd.b2b/.activity.SplashActivity, isShadow:false t337}}} old focus=AppWindowToken{38328e2 token=Token{d103dad ActivityRecord{482cac4 u0 iflytek.testTech.propertytool/.activity.HomeActivity, isShadow:false t336}}} moveFocusNow=true
11-26 12:19:53.035  1164  2168 I WindowManager: Input focus has changed to null oldFocusWindow=Window{e43cf30 u0 iflytek.testTech.propertytool/iflytek.testTech.propertytool.activity.HomeActivity} updateInputWindow=true
11-26 12:19:53.035  1164  1217 I WindowManager: Focus moving from Window{e43cf30 u0 iflytek.testTech.propertytool/iflytek.testTech.propertytool.activity.HomeActivity} to null
11-26 12:19:53.035  1164  1217 I WindowManager: Losing focus: Window{e43cf30 u0 iflytek.testTech.propertytool/iflytek.testTech.propertytool.activity.HomeActivity}
11-26 12:19:53.035  1164  1178 W AppOps  : isskipsystem  code:43  uid:1000
11-26 12:19:53.039  8246  8246 I Collector: onPause
11-26 12:19:53.039  1164  2195 I WindowManager: setAppVisibility(Token{e4e6651 ActivityRecord{45f78db u0 com.jd.b2b/.activity.SplashActivity, isShadow:false t337}}, visible=true): mNextAppTransition=TRANSIT_TASK_OPEN hidden=true hiddenRequested=true
11-26 12:19:53.042  1164  1616 I libPerfService: [perfNotifyAppState] foreground:com.jd.b2b, pid:12530
11-26 12:19:53.042  1164  1616 I libPerfService: [perfNotifyAppState] match !!!
11-26 12:19:53.042  1164  1616 I libPerfService: [switchSportsMode] enable:1
11-26 12:19:53.042  1164  1616 I libPerfService: [perfScnEnable] scenario:21
11-26 12:19:53.060  8246  8263 I Collector: page sp:["iflytek.testTech.propertytool.activity.HomeActivity",444175];["iflytek.testTech.propertytool.activity.BootActivity",1025];["iflytek.testTech.propertytool.activity.HomeActivity",4943]
11-26 12:19:53.063  1164  1616 I libPerfService: perfUserGetCapbility - cmd:12
11-26 12:19:53.063  1164  1616 I libPerfService: perfUserGetCapbility - value:1
11-26 12:19:53.063  1164  1616 I libPerfService: [perfScnEnable] scenario:20
11-26 12:19:53.065  8350  8350 I ADB_SERVICES: service_to_fd shell:dumpsys iphonesubinfo
11-26 12:19:53.066  8350  8350 I ADB_SERVICES: create_subproc ret_fd=20 pid=14441
11-26 12:19:53.070 12530 12530 I MyActivity: onCreate() -->> com.jd.b2b.activity.SplashActivity
11-26 12:19:53.073 12530 12530 W ResourceType: No known package when getting name for resource number 0xffffffff
11-26 12:19:53.085  8350 14442 I ADB_SERVICES: shell exited fd=20 of pid=14441 err=0
11-26 12:19:53.095 12530 12530 W SettingsInterface: Setting android_id has moved from android.provider.Settings.System to android.provider.Settings.Secure, returning read-only value.
11-26 12:19:53.105 12530 14445 I System.out: [CDS][DNS] getAllByNameImpl netId = 0
11-26 12:19:53.117 12530 14449 I HttpGroup: id:1- functionId -->> one.serverconfig
11-26 12:19:53.117 12530 14450 I HttpGroup: id:2- functionId -->> one.webConfig
11-26 12:19:53.125 12530 12530 I HttpGroup: wsKey===AAFb-2qgAEDEIzyWMoW9fvra5VrqTH21ArHGKZtkimppdk4lFO5h2ExLIaLw8NfSdD2-A_cOJ9tOUtFvsYyQf3z1p9CfXpzk
11-26 12:19:53.126 12530 12530 I HttpGroup: wsKey===AAFb-2qgAEDEIzyWMoW9fvra5VrqTH21ArHGKZtkimppdk4lFO5h2ExLIaLw8NfSdD2-A_cOJ9tOUtFvsYyQf3z1p9CfXpzk
11-26 12:19:53.127 12530 12530 I HttpGroup: wsKey===AAFb-2qgAEDEIzyWMoW9fvra5VrqTH21ArHGKZtkimppdk4lFO5h2ExLIaLw8NfSdD2-A_cOJ9tOUtFvsYyQf3z1p9CfXpzk
11-26 12:19:53.131 12530 14445 I System.out: [CDS]rx timeout:5000
11-26 12:19:53.132 12530 14445 I System.out: [socket][7] connection policy.jd.com/36.110.181.178:443;LocalPort=39335(9000)
11-26 12:19:53.132 12530 14445 I System.out: [CDS]connect[policy.jd.com/36.110.181.178:443] tm:9
11-26 12:19:53.133 12530 14452 I HttpGroup: id:2- body -->> {"codes":"GENERAL_GLOBAL,GENERAL_LUNBO","appType":"1"}
11-26 12:19:53.134 12530 14458 W robust  : robustApkHash :93938ca8126e04d7ed49347ed1c353b9
11-26 12:19:53.135 12530 14455 I HttpGroup: id:4- functionId -->> one.hotcheck
11-26 12:19:53.136 12530 14454 I HttpGroup: id:3- functionId -->> one.protocolConfig
11-26 12:19:53.136 12530 14451 I HttpGroup: id:1- body -->> {}
11-26 12:19:53.136 12530 14456 I HttpGroup: id:5- functionId -->> one.start
11-26 12:19:53.145 12530 14459 I System.out: [CDS][DNS] getAllByNameImpl netId = 0
11-26 12:19:53.149 12530 14460 I System.out: [CDS][DNS] getAllByNameImpl netId = 0
11-26 12:19:53.151 12530 12538 I System  : FinalizerDaemon: finalize objects = 53
11-26 12:19:53.173   426  1329 I SurfaceFlinger: EventThread Client Pid (12530) created
11-26 12:19:53.175   426   426 I BufferQueueConsumer: [Toast](this:0x7f90eb2c00,id:6210,api:1,p:-1,c:-1) disconnect(C)
11-26 12:19:53.175   426   426 I BufferQueue: [Toast](this:0x7f90eb2c00,id:6210,api:1,p:-1,c:-1) ~BufferQueueCore
11-26 12:19:53.175   426   426 I [MALI][Gralloc]: [-]hnd(0x7f84eeb000), client(23), share_fd(82)
11-26 12:19:53.178   426   455 I SurfaceFlinger: EventThread Client Pid (12530) created
11-26 12:19:53.180 12530 14458 I TrackUtil: -----Send new click data start -----
11-26 12:19:53.184 12530 14445 I System.out: [socket][/10.14.170.150:39335] connected
11-26 12:19:53.184   426  1329 I SurfaceFlinger: [SF client] NEW(0x7f84e5b480) for (1164:system_server)
11-26 12:19:53.185 12530 14459 I System.out: [CDS]rx timeout:15000
11-26 12:19:53.185 12530 14458 I TrackUtil: pinjd_64aa7bd58f909, page_id=Patch, event_id=Patch_Applied, eventParam=com.jd.b2b.component.maidian.MaiDianJsonUtils@fe03f00, paramMap={page=, bpin=xtl_tyEGtnS, event_name=patch},event_name=patch
11-26 12:19:53.185 12530 14460 I System.out: [CDS]rx timeout:15000
11-26 12:19:53.185 12530 14459 I System.out: [socket][8] connection api.m.jd.com/106.39.169.231:443;LocalPort=43727(10000)
11-26 12:19:53.185 12530 14459 I System.out: [CDS]connect[api.m.jd.com/106.39.169.231:443] tm:10
11-26 12:19:53.186 12530 14460 I System.out: [socket][9] connection api.m.jd.com/106.39.169.231:443;LocalPort=43688(10000)
11-26 12:19:53.186 12530 14460 I System.out: [CDS]connect[api.m.jd.com/106.39.169.231:443] tm:10
11-26 12:19:53.186  1164  2216 I WindowManager: addWindow: window=Window{4ec4ecb u0 com.jd.b2b}
11-26 12:19:53.187 12530 12530 I CrashReport-Native: Set native info: isAppForeground(true)
11-26 12:19:53.187 12530 12530 I CrashReport: [session] launch app one times (app in background 1543205993 seconds and over 30 seconds)
11-26 12:19:53.188 12530 12530 I CrashReport: add a timer to upload hot start user info
11-26 12:19:53.201 12530 14458 I TrackUtil: -----Send new click data end -----true
11-26 12:19:53.204  1164  1645 I WindowManager: addWindow: window=Window{2a485c1 u0 com.jd.b2b/com.jd.b2b.activity.SplashActivity}
11-26 12:19:53.208  1164  2042 I WindowManager: Relayout Window{4ec4ecb u0 com.jd.b2b}: viewVisibility=0 oldVisibility=0 mRelayoutCalled=false flagChanges=0x0 flags=0x1000028 receiveKey=false
11-26 12:19:53.208   426   426 I BufferQueue: [unnamed-426-6211](this:0x7f90eb2c00,id:6211,api:0,p:-1,c:-1) BufferQueue core=(426:/system/bin/surfaceflinger)
11-26 12:19:53.208   426   426 I BufferQueueConsumer: [unnamed-426-6211](this:0x7f90eb2c00,id:6211,api:0,p:-1,c:426) connect(C): consumer=(426:/system/bin/surfaceflinger) controlledByApp=false
11-26 12:19:53.209   426   426 I BufferQueueConsumer: [unnamed-426-6211](this:0x7f90eb2c00,id:6211,api:0,p:-1,c:426) setConsumerName: unnamed-426-6211
11-26 12:19:53.209   426   426 I BufferQueueConsumer: [](this:0x7f90eb2c00,id:6211,api:0,p:-1,c:426) setConsumerName: 
11-26 12:19:53.209   426   426 I BufferQueueConsumer: [](this:0x7f90eb2c00,id:6211,api:0,p:-1,c:426) setDefaultBufferSize: width=1 height=1
11-26 12:19:53.209 12530 14452 I HttpGroup: id:2- onStart -->> 
11-26 12:19:53.217 12530 14451 I HttpGroup: id:1- onStart -->> 
11-26 12:19:53.219 12530 14452 I HttpGroup: id:4- body -->> {}
11-26 12:19:53.226   426   426 I BufferQueueConsumer: [](this:0x7f90eb2c00,id:6211,api:0,p:-1,c:426) setDefaultBufferSize: width=50 height=39
11-26 12:19:53.227 12530 14459 I System.out: [socket][/10.14.170.150:43727] connected
11-26 12:19:53.228 12530 14451 I HttpGroup: id:5- body -->> {}
11-26 12:19:53.228 12530 14460 I System.out: [socket][/10.14.170.150:43688] connected
11-26 12:19:53.231 12530 14465 I HttpGroup: id:2- MyApplication.getInstance().isdns--->> true
11-26 12:19:53.231 12530 14466 I HttpGroup: id:1- MyApplication.getInstance().isdns--->> true
11-26 12:19:53.232   426  1329 I [MALI][Gralloc]: [+]hnd(0x7f84eec680), client(23), share_fd(52), hnd->flags:4
11-26 12:19:53.233   426  1329 I [MALI][Gralloc]: [+]hnd(0x7f84eeb140), client(23), share_fd(84), hnd->flags:4
11-26 12:19:53.233   426  1329 I [MALI][Gralloc]: [+]hnd(0x7f84eeb3c0), client(23), share_fd(89), hnd->flags:4
11-26 12:19:53.233   426  1329 I [MALI][Gralloc]: [+]hnd(0x7f84eeb500), client(23), share_fd(93), hnd->flags:4
11-26 12:19:53.236 12530 14445 I System.out: gba_cipher_suite:TLS_RSA_WITH_AES_128_GCM_SHA256
11-26 12:19:53.236 12530 14445 I System.out: [CDS]rx timeout:5000
11-26 12:19:53.236 12530 14445 I System.out: [CDS]rx timeout:5000
11-26 12:19:53.236 12530 14445 I System.out: [CDS]SO_SND_TIMEOUT:0
11-26 12:19:53.236 12530 14445 I System.out: [OkHttp] sendRequest>>
11-26 12:19:53.236 12530 14445 I System.out: [OkHttp] sendRequest<<
11-26 12:19:53.245 12530 14466 I HttpGroup: id:1- post-url -- json--->> http://zgbgwb.m.jd.com/one.serverconfig
11-26 12:19:53.245 12530 14464 I OpenGLRenderer: Initialized EGL, version 1.4
11-26 12:19:53.246 12530 14465 I HttpGroup: id:2- post-url -- json--->> http://zgbgwb.m.jd.com/one.webConfig
11-26 12:19:53.249 12530 14464 I OpenGLRenderer: Get enable program binary service property (1)
11-26 12:19:53.249 12530 14464 I OpenGLRenderer: Initializing program atlas...
11-26 12:19:53.251 12530 14464 I OpenGLRenderer: Program binary detail: Binary length is 169176, program map length is 152.
11-26 12:19:53.251 12530 14464 I OpenGLRenderer: Succeeded to mmap program binaries. File descriptor is 66, and path is /dev/ashmem	34.
11-26 12:19:53.251 12530 14464 I OpenGLRenderer: No need to use file discriptor anymore, close fd(66).
11-26 12:19:53.252 12530 14465 I HttpGroup: id:2----post-params-----ctid=2816&lon=114.431188&s=1920*1080&sign=cc834587fa50e5a9e1ab279776cb3675&source=&devicetoken=64b1d5a30c5e1370b57485b05a723d46&pid=1&guid=45700d4d-d6bf-4b1e-a838-0708fa04677d&uuid=862559033842685020000000000&cid=6667&body=%7B%22codes%22%3A%22GENERAL_GLOBAL%2CGENERAL_LUNBO%22%2C%22appType%22%3A%221%22%7D&m=LEX651&os=android&an=zgb&b=LeMobile&c=android&cv=4.4.0&p=jingdong&nt=wifi&cvb=1810263&tid=0&ov=6.0&isEncoder=1&lat=30.469831&aid=978383
11-26 12:19:53.254   426  8201 I BufferQueueProducer: [](this:0x7f90eb2c00,id:6211,api:1,p:12530,c:426) connect(P): api=1 producer=(12530:com.jd.b2b) producerControlledByApp=true
11-26 12:19:53.254 12530 14464 W libEGL  : [ANDROID_RECORDABLE] format: 1
11-26 12:19:53.255 12530 14466 I HttpGroup: id:1----post-params-----ctid=2816&lon=114.431188&s=1920*1080&sign=7822464ef5c9f34891908a35d04b9223&source=&devicetoken=64b1d5a30c5e1370b57485b05a723d46&pid=1&guid=8d55d66b-a5ea-46b3-8143-05292f1ae56c&uuid=862559033842685020000000000&cid=6667&body=%7B%7D&m=LEX651&os=android&an=zgb&b=LeMobile&c=android&cv=4.4.0&p=jingdong&nt=wifi&cvb=1810263&tid=0&ov=6.0&isEncoder=1&lat=30.469831&aid=978383
11-26 12:19:53.256  1164  1644 I WindowManager: Relayout Window{2a485c1 u0 com.jd.b2b/com.jd.b2b.activity.SplashActivity}: viewVisibility=0 oldVisibility=4 mRelayoutCalled=false flagChanges=0x0 flags=0x1810500 receiveKey=false
11-26 12:19:53.256   426   426 I BufferQueue: [unnamed-426-6212](this:0x7f90eaa000,id:6212,api:0,p:-1,c:-1) BufferQueue core=(426:/system/bin/surfaceflinger)
11-26 12:19:53.256   426   426 I BufferQueueConsumer: [unnamed-426-6212](this:0x7f90eaa000,id:6212,api:0,p:-1,c:426) connect(C): consumer=(426:/system/bin/surfaceflinger) controlledByApp=false
11-26 12:19:53.256   426   426 I BufferQueueConsumer: [unnamed-426-6212](this:0x7f90eaa000,id:6212,api:0,p:-1,c:426) setConsumerName: unnamed-426-6212
11-26 12:19:53.256   426   426 I BufferQueueConsumer: [com.jd.b2b/com.jd.b2b.activity.SplashActivity](this:0x7f90eaa000,id:6212,api:0,p:-1,c:426) setConsumerName: com.jd.b2b/com.jd.b2b.activity.SplashActivity
11-26 12:19:53.256   426   426 I BufferQueueConsumer: [com.jd.b2b/com.jd.b2b.activity.SplashActivity](this:0x7f90eaa000,id:6212,api:0,p:-1,c:426) setDefaultBufferSize: width=1080 height=1920
11-26 12:19:53.257  1164  1644 I WindowManager: Input focus has changed to Window{2a485c1 u0 com.jd.b2b/com.jd.b2b.activity.SplashActivity} oldFocusWindow=null updateInputWindow=false
11-26 12:19:53.260  1164  1217 I WindowManager: Focus moving from null to Window{2a485c1 u0 com.jd.b2b/com.jd.b2b.activity.SplashActivity}
11-26 12:19:53.260  1164  1217 I WindowManager: Gaining focus: Window{2a485c1 u0 com.jd.b2b/com.jd.b2b.activity.SplashActivity}
11-26 12:19:53.261   426  2824 I [MALI][Gralloc]: [+]hnd(0x7f98414280), client(23), share_fd(96), hnd->flags:4
11-26 12:19:53.262  1164  1354 E WifiStateMachine:  ConnectedState (when=-3ms what=131155 arg1=128!CMD_RSSI_POLL  rt=163955883/616003912 128 0 "JD_mobile" 00:fe:c8:d5:92:84 rssi=-50 f=2412 sc=60 link=58 tx=7.9, 0.0, 0.0  rx=5.9 bcn=0 [on:0 tx:0 rx:0 period:3002] from screen [on:0 period:1312733998] gl rssi=-50 ag=0 hr ticks 0,0,0 ls-=0 [56,56,60,60,65] brc=0 lrc=0 offload-stoppedmmls=
11-26 12:19:53.262  1164  1354 E WifiStateMachine: Fail=0 Retry=0 MulRetry=0 ACKFail=0 FCSErr=0 TxOk=1 RxOk=0 Rst:Reason=0 Time=0 RoamFail:Times=0 Time=0 TxDone:IsARP=0 ArrDrv=0 EnQ=0 DeQ=0 LeaveDrv=0 Curr=0 CurrTime=0
11-26 12:19:53.262  1164  1354 E WifiStateMachine: fw log: 1 1 ScanCnt: 2900003 1 90 119 RoamCnt: 1 1 0 RFCnt: 0 0 0 0 1 CoexCnt: 25295 31566 2 LPCnt: 5393 18027 18 BBCnt: 15724 291 0 2486 33 4907 313 50470944 41877504 5701208 3203806 24 MacRXCnt: 19036 506627 0 0 3068320414 527 527 527 527 527 54580536 0 0 MacTXCnt: 1966379330 4245868564 
11-26 12:19:53.262   426  2824 I [MALI][Gralloc]: [+]hnd(0x7f984145a0), client(23), share_fd(100), hnd->flags:4
11-26 12:19:53.263   426  2824 I [MALI][Gralloc]: [+]hnd(0x7f98414780), client(23), share_fd(109), hnd->flags:4
11-26 12:19:53.263  1164  1354 E WifiStateMachine:  L2ConnectedState (when=-5ms what=131155 arg1=128!CMD_RSSI_POLL  rt=163955885/616003913 128 0 "JD_mobile" 00:fe:c8:d5:92:84 rssi=-50 f=2412 sc=60 link=58 tx=7.9, 0.0, 0.0  rx=5.9 bcn=0 [on:0 tx:0 rx:0 period:1] from screen [on:0 period:1312733999] gl rssi=-50 ag=0 hr ticks 0,0,0 ls-=0 [56,56,60,60,65] brc=0 lrc=0 offload-stoppedmmls=
11-26 12:19:53.263  1164  1354 E WifiStateMachine: Fail=0 Retry=0 MulRetry=0 ACKFail=0 FCSErr=0 TxOk=1 RxOk=0 Rst:Reason=0 Time=0 RoamFail:Times=0 Time=0 TxDone:IsARP=0 ArrDrv=0 EnQ=0 DeQ=0 LeaveDrv=0 Curr=0 CurrTime=0
11-26 12:19:53.263  1164  1354 E WifiStateMachine: fw log: 1 1 ScanCnt: 2900003 1 90 119 RoamCnt: 1 1 0 RFCnt: 0 0 0 0 1 CoexCnt: 25295 31566 2 LPCnt: 5393 18027 18 BBCnt: 15724 291 0 2486 33 4907 313 50470944 41877504 5701208 3203806 24 MacRXCnt: 19036 506627 0 0 3068320414 527 527 527 527 527 54580536 0 0 MacTXCnt: 1966379330 4245868564 
11-26 12:19:53.264   426  8201 I BufferQueueProducer: [com.jd.b2b/com.jd.b2b.activity.SplashActivity](this:0x7f90eaa000,id:6212,api:1,p:12530,c:426) connect(P): api=1 producer=(12530:com.jd.b2b) producerControlledByApp=true
11-26 12:19:53.264   426  2824 I [MALI][Gralloc]: [+]hnd(0x7f98414820), client(23), share_fd(111), hnd->flags:4
11-26 12:19:53.264 12530 14445 I System.out: close [socket][/10.14.170.150:39335]
11-26 12:19:53.265 12530 14464 W libEGL  : [ANDROID_RECORDABLE] format: 1
11-26 12:19:53.266 12530 14445 I System.out: Close in OkHttp
11-26 12:19:53.267  1164  1354 I WifiStateMachine: fetchRssiLinkSpeedAndFrequencyNative, newRssi:-55, newLinkSpeed:52, SSID:"JD_mobile"
11-26 12:19:53.271  1164  1354 E WifiStateMachine: wifiLinkStatics=
11-26 12:19:53.271  1164  1354 E WifiStateMachine: Fail=0 Retry=3 MulRetry=2 ACKFail=10 FCSErr=3850 TxOk=5 RxOk=21 Rst:Reason=0 Time=0 RoamFail:Times=0 Time=0 TxDone:IsARP=0 ArrDrv=0 EnQ=0 DeQ=0 LeaveDrv=0 Curr=0 CurrTime=0
11-26 12:19:53.271  1164  1354 E WifiStateMachine: fw log: 1 1 ScanCnt: 2900003 1 90 119 RoamCnt: 1 1 0 RFCnt: 0 0 0 0 1 CoexCnt: 25296 31566 2 LPCnt: 240 224 0 BBCnt: 194 13 0 135 2 223 18 50470944 41877504 5707625 3207656 24 MacRXCnt: 19057 507479 0 0 3071333142 573 573 573 573 573 54647961 0 0 MacTXCnt: 337984 2147620000 
11-26 12:19:53.271  1164  1354 E WifiConfigStore: updateConfiguration freq=2412 BSSID=00:fe:c8:d5:92:84 RSSI=-52 "JD_mobile"WPA_EAP
