11-26 12:19:54.305 12530 14465 I HttpGroup: id:7----post-params-----ctid=2816&lon=114.431188&s=1920*1080&sign=ecd08264f7dadfe862866645d6ea4de5&source=&devicetoken=64b1d5a30c5e1370b57485b05a723d46&pid=1&guid=68c01518-c77d-4126-8dee-2d155fa7c747&uuid=862559033842685020000000000&cid=6667&body=%7B%22operate%22%3A%229%22%7D&m=LEX651&os=android&an=zgb&b=LeMobile&c=android&cv=4.4.0&p=jingdong&nt=wifi&cvb=1810263&tid=0&ov=6.0&isEncoder=1&lat=30.469831&aid=978383
11-26 12:19:54.316 12530 14485 I HttpGroup: id:2----httpdns-hostname-----zgbgwb.m.jd.com
11-26 12:19:54.316 12530 14485 I System.out: [CDS][DNS] getAllByNameImpl netId = 0
11-26 12:19:54.318 12530 14485 I System.out: [CDS]rx timeout:20000
11-26 12:19:54.319 12530 14485 I System.out: [socket][19] connection zgbgwb.m.jd.com/106.39.164.150:80;LocalPort=57890(15000)
11-26 12:19:54.319 12530 14485 I System.out: [CDS]connect[zgbgwb.m.jd.com/106.39.164.150:80] tm:15
11-26 12:19:54.322  1164  2042 I WindowManager: Relayout Window{ae2db84 u0 com.jd.b2b/com.jd.b2b.frame.MainFrameActivity}: viewVisibility=0 oldVisibility=4 mRelayoutCalled=false flagChanges=0x0 flags=0x5810100 receiveKey=false
11-26 12:19:54.323   426   426 I BufferQueue: [unnamed-426-6213](this:0x7f90eb4000,id:6213,api:0,p:-1,c:-1) BufferQueue core=(426:/system/bin/surfaceflinger)
11-26 12:19:54.324   426   426 I BufferQueueConsumer: [unnamed-426-6213](this:0x7f90eb4000,id:6213,api:0,p:-1,c:426) connect(C): consumer=(426:/system/bin/surfaceflinger) controlledByApp=false
11-26 12:19:54.324   426   426 I BufferQueueConsumer: [unnamed-426-6213](this:0x7f90eb4000,id:6213,api:0,p:-1,c:426) setConsumerName: unnamed-426-6213
11-26 12:19:54.324   426   426 I BufferQueueConsumer: [com.jd.b2b/com.jd.b2b.frame.MainFrameActivity](this:0x7f90eb4000,id:6213,api:0,p:-1,c:426) setConsumerName: com.jd.b2b/com.jd.b2b.frame.MainFrameActivity
11-26 12:19:54.324   426   426 I BufferQueueConsumer: [com.jd.b2b/com.jd.b2b.frame.MainFrameActivity](this:0x7f90eb4000,id:6213,api:0,p:-1,c:426) setDefaultBufferSize: width=1 height=1
11-26 12:19:54.326  1164  2042 I WindowManager: Input focus has changed to Window{ae2db84 u0 com.jd.b2b/com.jd.b2b.frame.MainFrameActivity} oldFocusWindow=null updateInputWindow=false
11-26 12:19:54.328   426   426 I BufferQueueConsumer: [com.jd.b2b/com.jd.b2b.frame.MainFrameActivity](this:0x7f90eb4000,id:6213,api:0,p:-1,c:426) setDefaultBufferSize: width=1080 height=1920
11-26 12:19:54.334  1164  1217 I WindowManager: Focus moving from null to Window{ae2db84 u0 com.jd.b2b/com.jd.b2b.frame.MainFrameActivity}
11-26 12:19:54.334  1164  1217 I WindowManager: Gaining focus: Window{ae2db84 u0 com.jd.b2b/com.jd.b2b.frame.MainFrameActivity}
11-26 12:19:54.336   426  8201 I BufferQueueProducer: [com.jd.b2b/com.jd.b2b.frame.MainFrameActivity](this:0x7f90eb4000,id:6213,api:1,p:12530,c:426) connect(P): api=1 producer=(12530:com.jd.b2b) producerControlledByApp=true
11-26 12:19:54.336 12530 14464 W libEGL  : [ANDROID_RECORDABLE] format: 1
11-26 12:19:54.339   426  2824 I [MALI][Gralloc]: [+]hnd(0x7f984148c0), client(23), share_fd(97), hnd->flags:4
11-26 12:19:54.343   426  2824 I [MALI][Gralloc]: [+]hnd(0x7f98414a00), client(23), share_fd(110), hnd->flags:4
11-26 12:19:54.347   426  2824 I [MALI][Gralloc]: [+]hnd(0x7f984141e0), client(23), share_fd(115), hnd->flags:4
11-26 12:19:54.348 12530 14451 I HttpGroup: id:6- onStart -->> 
11-26 12:19:54.349  1164  1164 E WifiTrafficPoller: TRAFFIC_STATS_POLL true Token 386 num clients 21
11-26 12:19:54.350  1164  1164 E WifiTrafficPoller:  packet count Tx=992131 Rx=910371
11-26 12:19:54.350 12530 14452 I HttpGroup: id:8- onStart -->> 
11-26 12:19:54.351   426  2824 I [MALI][Gralloc]: [+]hnd(0x7f984143c0), client(23), share_fd(132), hnd->flags:4
11-26 12:19:54.352 12530 14485 I System.out: [socket][/10.14.170.150:57890] connected
11-26 12:19:54.353 12530 14485 I System.out: [CDS]rx timeout:20000
11-26 12:19:54.356 12530 12530 E RecyclerView: No adapter attached; skipping layout
11-26 12:19:54.369 12530 14452 I HttpGroup: id:13- body -->> {}
11-26 12:19:54.383 12530 14465 I HttpGroup: id:8- MyApplication.getInstance().isdns--->> true
11-26 12:19:54.400 12530 12530 I HttpGroup: id:1--FunctionId--one.serverconfig- StringCallback -->> {"data":{"currentTime":1543205995466,"searchSpeechSwitch":"1","ddSdk2Switch":"1","liulvSwitch":"1","serverconfigs":[{"id":1,"name":"registerAgreementUrl","value":"https://h5zgbgwb.m.jd.com/registration-protocol-zgb.html","demo":"https://h5zgbgwb.m.jd.com/registration-protocol-zgb.html","created":1452741398000,"modified":1523443681000},{"id":2,"name":"zgburl","value":"https://h5zgbgwb.m.jd.com/registration-protocol-zgb.html","demo":"https://h5zgbgwb.m.jd.com/registration-protocol-zgb.html","created":1453721411000,"modified":1523443693000},{"id":3,"name":"moneyurl","value":"https://h5zgbgwb.m.jd.com/wealthForclient.html","demo":"https://h5zgbgwb.m.jd.com/wealthForclient.html","created":1458714622000,"modified":1484638862000},{"id":6,"name":"zgb_bbc_setting_url","value":"https://bbcb.m.jd.com/b/setting.html?operation=modify","demo":"https://bbc.m.jd.com/b/setting.html?operation=modify","created":1483616523000,"modified":1483616541000}],"success":true,"fingerPrintSwitch":"1","popDdSwitch":"0","skuMaxNum":500},"code":"0"}
11-26 12:19:54.416 12530 14465 I HttpGroup: id:8- post-url -- json--->> http://zgbgwb.m.jd.com/one.serverconfig
11-26 12:19:54.427 12530 12530 I HttpGroup: addCompletesCount -->> com.jingdong.common.utils.HttpGroup$HttpGroupaAsynPool@2573622completesCount:1, httpCount:1
11-26 12:19:54.427 12530 14451 I HttpGroup: id:15- body -->> {}
11-26 12:19:54.429 12530 14466 I HttpGroup: id:6- MyApplication.getInstance().isdns--->> true
11-26 12:19:54.440 12530 14465 I HttpGroup: id:8----post-params-----ctid=2816&lon=114.431188&s=1920*1080&sign=458635bc559fcb0a2d1f4135372680c3&source=&devicetoken=64b1d5a30c5e1370b57485b05a723d46&pid=1&guid=a2367267-35a2-4333-82f3-ea4f525d83e1&uuid=862559033842685020000000000&cid=6667&body=%7B%7D&m=LEX651&os=android&an=zgb&b=LeMobile&c=android&cv=4.4.0&p=jingdong&nt=wifi&cvb=1810263&tid=0&ov=6.0&isEncoder=1&lat=30.469831&aid=978383
11-26 12:19:54.454 12530 14486 I HttpGroup: id:2----httpdns-hostname-----zgbgwb.m.jd.com
11-26 12:19:54.454 12530 14486 I System.out: [CDS][DNS] getAllByNameImpl netId = 0
11-26 12:19:54.455 12530 14486 I System.out: [CDS]rx timeout:20000
11-26 12:19:54.455 12530 14486 I System.out: [socket][20] connection zgbgwb.m.jd.com/106.39.164.150:80;LocalPort=51519(15000)
11-26 12:19:54.455 12530 14486 I System.out: [CDS]connect[zgbgwb.m.jd.com/106.39.164.150:80] tm:15
11-26 12:19:54.456 12530 12530 I HttpGroup: id:1- onEnd -->> 
11-26 12:19:54.462 12530 14466 I HttpGroup: id:6- post-url -- json--->> http://zgbgwb.m.jd.com/one.gisLocation
11-26 12:19:54.469 12530 12530 E ActivityThread: Failed to find provider info for com.jd.b2b.app.B2bApp.net.grandcentrix.tray
11-26 12:19:54.471 12530 12530 E ActivityThread: Failed to find provider info for com.jd.b2b.app.B2bApp.net.grandcentrix.tray
11-26 12:19:54.472 12530 12530 W System.err: net.grandcentrix.tray.core.TrayException: could not access stored data with uri content://com.jd.b2b.app.B2bApp.net.grandcentrix.tray/internal_preferences/com.jd.b2b/version?backup=true
11-26 12:19:54.472 12530 12530 W System.err: 	at net.grandcentrix.tray.provider.TrayProviderHelper.a(TrayProviderHelper.java:176)
11-26 12:19:54.472 12530 12530 W System.err: 	at net.grandcentrix.tray.provider.ContentProviderStorage.c(ContentProviderStorage.java:216)
11-26 12:19:54.472 12530 12530 W System.err: 	at net.grandcentrix.tray.core.Preferences.b(Preferences.java:258)
11-26 12:19:54.472 12530 12530 W System.err: 	at net.grandcentrix.tray.core.Preferences.h(Preferences.java:292)
11-26 12:19:54.472 12530 12530 W System.err: 	at net.grandcentrix.tray.core.Preferences.b(Preferences.java:167)
11-26 12:19:54.473 12530 12530 W System.err: 	at com.jdb2bpush_libray.utils.TrayUtils.a(TrayUtils.java:46)
11-26 12:19:54.473 12530 12530 W System.err: 	at com.jd.b2b.app.B2bApp.startPush(B2bApp.java:551)
11-26 12:19:54.473 12530 12530 W System.err: 	at com.jd.b2b.app.B2bApp.initPushEvents(B2bApp.java:422)
11-26 12:19:54.473 12530 12530 W System.err: 	at com.jd.b2b.app.B2bApp$8.onEnd(B2bApp.java:471)
11-26 12:19:54.473 12530 12530 W System.err: 	at com.jingdong.common.utils.HttpGroup$HttpSetting.onEnd(HttpGroup.java:5988)
11-26 12:19:54.473 12530 12530 W System.err: 	at com.jingdong.common.utils.HttpGroup$HttpRequest.callBack(HttpGroup.java:1640)
11-26 12:19:54.473 12530 12530 W System.err: 	at com.jingdong.common.utils.HttpGroup$HttpRequest.access$1900(HttpGroup.java:589)
11-26 12:19:54.473 12530 12530 W System.err: 	at com.jingdong.common.utils.HttpGroup$HttpRequest$19.onResponse(HttpGroup.java:2923)
11-26 12:19:54.473 12530 12530 W System.err: 	at com.jingdong.common.utils.HttpGroup$HttpRequest$19.onResponse(HttpGroup.java:2870)
11-26 12:19:54.473 12530 12530 W System.err: 	at com.zhy.http.okhttp.OkHttpUtils$3.run(OkHttpUtils.java:186)
11-26 12:19:54.473 12530 12530 W System.err: 	at android.os.Handler.handleCallback(Handler.java:815)
11-26 12:19:54.474 12530 12530 W System.err: 	at android.os.Handler.dispatchMessage(Handler.java:104)
11-26 12:19:54.474 12530 12530 W System.err: 	at android.os.Looper.loop(Looper.java:207)
11-26 12:19:54.474 12530 12530 W System.err: 	at android.app.ActivityThread.main(ActivityThread.java:5996)
11-26 12:19:54.474 12530 12530 W System.err: 	at java.lang.reflect.Method.invoke(Native Method)
11-26 12:19:54.474 12530 12530 W System.err: 	at com.android.internal.os.ZygoteInit$MethodAndArgsCaller.run(ZygoteInit.java:888)
11-26 12:19:54.474 12530 12530 W System.err: 	at com.android.internal.os.ZygoteInit.main(ZygoteInit.java:749)
11-26 12:19:54.475 12530 12530 E ActivityThread: Failed to find provider info for com.jd.b2b.app.B2bApp.net.grandcentrix.tray
11-26 12:19:54.476 12530 12530 W System.err: net.grandcentrix.tray.core.TrayException: could not access stored data with uri content://com.jd.b2b.app.B2bApp.net.grandcentrix.tray/internal_preferences/com.jd.b2b/version?backup=true
11-26 12:19:54.476 12530 14452 I HttpGroup: id:13- onStart -->> 
11-26 12:19:54.476 12530 12530 W System.err: 	at net.grandcentrix.tray.provider.TrayProviderHelper.a(TrayProviderHelper.java:176)
11-26 12:19:54.477 12530 12530 W System.err: 	at net.grandcentrix.tray.provider.ContentProviderStorage.c(ContentProviderStorage.java:216)
11-26 12:19:54.477 12530 12530 W System.err: 	at net.grandcentrix.tray.core.Preferences.b(Preferences.java:258)
11-26 12:19:54.477 12530 12530 W System.err: 	at net.grandcentrix.tray.core.Preferences.h(Preferences.java:292)
11-26 12:19:54.477 12530 12530 W System.err: 	at net.grandcentrix.tray.core.Preferences.b(Preferences.java:131)
11-26 12:19:54.477 12530 12530 W System.err: 	at com.jdb2bpush_libray.utils.TrayUtils.a(TrayUtils.java:26)
11-26 12:19:54.477 12530 12530 W System.err: 	at com.jd.b2b.app.B2bApp.startPush(B2bApp.java:554)
11-26 12:19:54.477 12530 12530 W System.err: 	at com.jd.b2b.app.B2bApp.initPushEvents(B2bApp.java:422)
11-26 12:19:54.477 12530 12530 W System.err: 	at com.jd.b2b.app.B2bApp$8.onEnd(B2bApp.java:471)
11-26 12:19:54.477 12530 12530 W System.err: 	at com.jingdong.common.utils.HttpGroup$HttpSetting.onEnd(HttpGroup.java:5988)
11-26 12:19:54.477 12530 12530 W System.err: 	at com.jingdong.common.utils.HttpGroup$HttpRequest.callBack(HttpGroup.java:1640)
11-26 12:19:54.477 12530 12530 W System.err: 	at com.jingdong.common.utils.HttpGroup$HttpRequest.access$1900(HttpGroup.java:589)
11-26 12:19:54.477 12530 12530 W System.err: 	at com.jingdong.common.utils.HttpGroup$HttpRequest$19.onResponse(HttpGroup.java:2923)
11-26 12:19:54.478 12530 12530 W System.err: 	at com.jingdong.common.utils.HttpGroup$HttpRequest$19.onResponse(HttpGroup.java:2870)
11-26 12:19:54.478 12530 12530 W System.err: 	at com.zhy.http.okhttp.OkHttpUtils$3.run(OkHttpUtils.java:186)
11-26 12:19:54.478 12530 12530 W System.err: 	at android.os.Handler.handleCallback(Handler.java:815)
11-26 12:19:54.478 12530 12530 W System.err: 	at android.os.Handler.dispatchMessage(Handler.java:104)
11-26 12:19:54.478 12530 12530 W System.err: 	at android.os.Looper.loop(Looper.java:207)
11-26 12:19:54.478 12530 12530 W System.err: 	at android.app.ActivityThread.main(ActivityThread.java:5996)
11-26 12:19:54.478 12530 12530 W System.err: 	at java.lang.reflect.Method.invoke(Native Method)
11-26 12:19:54.478 12530 12530 W System.err: 	at com.android.internal.os.ZygoteInit$MethodAndArgsCaller.run(ZygoteInit.java:888)
11-26 12:19:54.478 12530 12530 W System.err: 	at com.android.internal.os.ZygoteInit.main(ZygoteInit.java:749)
11-26 12:19:54.484 12530 14522 E DbCenter: DbHelper(): >>>>>>cxl<<<<<</data/user/0/com.jd.b2b/databases/database.db
11-26 12:19:54.484 12530 14522 E DbCenter: DbHelper(): >>>>>>cxl<<<<<</data/user/0/com.jd.b2b/databases/__icssdk_database.db
11-26 12:19:54.488 12530 14486 I System.out: [socket][/10.14.170.150:51519] connected
11-26 12:19:54.488 12530 14486 I System.out: [CDS]rx timeout:20000
11-26 12:19:54.492 12530 14466 I HttpGroup: id:6----post-params-----ctid=2816&lon=114.431188&s=1920*1080&sign=c44a5a3b22db38297bce1deb0a3f4f3a&source=&devicetoken=64b1d5a30c5e1370b57485b05a723d46&pid=1&guid=eab6197c-e058-4fa4-94bd-d72ce86e9ff5&uuid=862559033842685020000000000&cid=6667&body=%7B%22lon%22%3A%22114.431188%22%2C%22lat%22%3A%2230.469831%22%7D&m=LEX651&os=android&an=zgb&b=LeMobile&c=android&cv=4.4.0&p=jingdong&nt=wifi&cvb=1810263&tid=0&ov=6.0&isEncoder=1&lat=30.469831&aid=978383
11-26 12:19:54.502  1164  2200 I AlarmManager: APP set(PendingIntent{7cb55c2: PendingIntentRecord{bc0cfd3 android broadcastIntent key.isShadow:false}}) : type=3 triggerAtTime=616005152 win=-1 tElapsed=616005152 maxElapsed=616005152 interval=0 flags=0x0
11-26 12:19:54.504  1164  1216 W JobStore: don't allow to write to disk for 179..:[ComponentInfo{com.tencent.qqpim/com.tencent.qqpim.sdk.softuseinfoupload.flowcontrol.DataUploadJobService},jId=8088,u0,R=(23:26:06,33:40:05),N=1,C=false,I=false,F=0,P=true,ANI=true]
11-26 12:19:54.504  1164  1216 W JobStore: don't allow to write to disk for 497..:[ComponentInfo{com.tencent.qqpim/com.tencent.qqpim.sdk.softuseinfoupload.flowcontrol.DataUploadJobService},jId=12,u0,R=(4:17:54,9:40:05),N=1,C=false,I=false,F=0,P=true,ANI=true]
11-26 12:19:54.505  1164  1216 W JobStore: don't allow to write to disk for 125..:[ComponentInfo{com.jd.b2b/com.jdb2bpush_libray.service.WakeUpService},jId=1002,u0,R=(-00:00,02:59),N=0,C=false,I=false,F=0,P=true,ANI=false]
11-26 12:19:54.525 12530 14499 I HttpGroup: id:2----httpdns-hostname-----zgbgwb.m.jd.com
11-26 12:19:54.525 12530 14499 I System.out: [CDS][DNS] getAllByNameImpl netId = 0
11-26 12:19:54.529 12530 14499 I System.out: [CDS]rx timeout:20000
11-26 12:19:54.531 12530 14499 I System.out: [socket][21] connection zgbgwb.m.jd.com/106.39.164.150:80;LocalPort=55161(15000)
11-26 12:19:54.531 12530 14499 I System.out: [CDS]connect[zgbgwb.m.jd.com/106.39.164.150:80] tm:15
11-26 12:19:54.532 12530 14452 I HttpGroup: id:14- body -->> {}
11-26 12:19:54.543  1164  2200 I AlarmManager: set alarm to RTC 3,  when = 616005152
11-26 12:19:54.544  1164  1324 I AlarmManager: Alarm triggering: Alarm{395537c type 3 when 616005152 android}
11-26 12:19:54.546  1164  1847 W PowerManagerService: LIMIT_APP: in WorkerRunnable call setUid = 1000
11-26 12:19:54.550  1164  1324 W PowerManagerService: LIMIT_APP: getNetworkBytes use time = 4
11-26 12:19:54.550  1164  1847 W PowerManagerService: LIMIT_APP: in WorkerRunnable call setUid = 1000
11-26 12:19:54.557 12530 14486 I System.out: close [socket][/10.14.170.150:51519]
11-26 12:19:54.559  1164  1324 W PowerManagerService: LIMIT_APP: getNetworkBytes use time = 9
11-26 12:19:54.562  1164  2200 I AlarmManager: APP set(PendingIntent{9cf710: PendingIntentRecord{c7c4209 android broadcastIntent key.isShadow:false}}) : type=3 triggerAtTime=616185152 win=-1 tElapsed=616185152 maxElapsed=616320120 interval=0 flags=0x0
11-26 12:19:54.568 12530 14499 I System.out: [socket][/10.14.170.150:55161] connected
11-26 12:19:54.568 12530 14499 I System.out: [CDS]rx timeout:20000
11-26 12:19:54.580 12530 14465 I HttpGroup: id:13- MyApplication.getInstance().isdns--->> true
11-26 12:19:54.586 12530 14485 I System.out: close [socket][/10.14.170.150:57890]
11-26 12:19:54.586  1164  2198 I InputDispatcher: injectInputEvent  key-code=24,name=VOLUME_UP, action=0, EventTime=163957207000000, DownTime=163957207000000,injectorPid=14427, injectorUid=2000, syncMode=1, timeoutMillis=30000, policyFlags=0x08000000
11-26 12:19:54.595  1164  1782 W ActivityManager: xulei call enter isTransformStartActivity !!! _component:ComponentInfo{com.jd.b2b/com.jd.b2b.webview.WebViewActivity},  intent:Intent { FromType=0xffffffff cmp=com.jd.b2b/.webview.WebViewActivity (has extras) }
11-26 12:19:54.596  1164  1782 I ActivityManager: startActivity intent=Intent { FromType=0xffffffff mCallingUid=10506 mCallingPid=12530 cmp=com.jd.b2b/.webview.WebViewActivity (has extras) }
11-26 12:19:54.596  1164  1782 I ActivityManager: START u0 {FromType=0xffffffff mCallingUid=10506 mCallingPid=12530 cmp=com.jd.b2b/.webview.WebViewActivity (has extras)} from uid 10506 from pid 12530 on display 0
11-26 12:19:54.596  1164  1782 I ActivityManager: sourceRecord = ActivityRecord{232bcfd u0 com.jd.b2b/.frame.MainFrameActivity, isShadow:false t337}
11-26 12:19:54.598  1164  1847 W PowerManagerService: LIMIT_APP: in WorkerRunnable call setUid = 1013
11-26 12:19:54.608   545  1456 I MediaPlayerService: [create]line:611 Create new client(330) from pid 12530, uid 10506, 
11-26 12:19:54.609   545  8880 I MediaPlayerService: [setDataSource]line:1049 [330] setDataSource fd=19, offset=28943548, length=179778
11-26 12:19:54.609   545  8880 I MediaPlayerService: [setDataSource_drm_preCheck]line:440 fd=19,path=/data/app/com.jd.b2b-1/base.apk
11-26 12:19:54.609   545  8880 W MediaPlayerService: setDataSource_drm_preCheck: isFDDrm 1 fd 19 url 0x0
11-26 12:19:54.610   545  8880 E DrmMtkUtil/DrmUtil: checkDcf: not dcf type, dcf version value [80]
11-26 12:19:54.610  1164  1831 W PowerManagerService: LIMIT_APP: getNetworkBytes use time = 12
11-26 12:19:54.610   545  8880 E Cta5File: Cta5File::isCta5NormalFile false, bad magic:PK
11-26 12:19:54.610   545  8880 E Cta5File: Cta5File::isCta5MultimediaFile false, bad magic:
11-26 12:19:54.611  1164  1831 W AppOps  : isskipsystem  code:40  uid:1013
11-26 12:19:54.611   545  8880 I MediaPlayerService: [setDataSource]line:1088 player type = 4
11-26 12:19:54.612   545  8880 I NuPlayer: mUseLetvHLSFlag 1
11-26 12:19:54.612   545  8880 I NuPlayer: disable trackId:0
11-26 12:19:54.612   545  8880 I GenericSource: GenericSource::initCheck
11-26 12:19:54.614   545 14526 I NuPlayer: [330] kWhatSetDataSource
11-26 12:19:54.614  1164  1326 I WindowManager: interceptKeyTi keyCode=24 down=true repeatCount=0 keyguardOn=false mHomePressed=false canceled=false isInjected=true
11-26 12:19:54.615   545  8880 I MediaPlayerService: [setDataSource]line:1099 setDataSource fd=19, offset=28943548, length=179778 done
11-26 12:19:54.615   545  1305 I MediaPlayerService: [setVideoSurfaceTexture]line:1153 [330] 
11-26 12:19:54.616   545  2073 I MediaPlayerService: [prepareAsync]line:1277 [330] prepareAsync
11-26 12:19:54.617  1164  1782 I ActivityManager: updateSpeedState sourceRecord =ActivityRecord{232bcfd u0 com.jd.b2b/.frame.MainFrameActivity, isShadow:false t337} targetRecord=ActivityRecord{e06f647 u0 com.jd.b2b/.webview.WebViewActivity, isShadow:false t-1}  addingToTask=true  topActivity=null  singleTop=false  speedState=0  task=TaskRecord{7db5f78 #337 A=com.jd.b2b, isShadow:false U=0 sz=2}
11-26 12:19:54.617  1164  1847 W PowerManagerService: LIMIT_APP: in WorkerRunnable call setUid = 1013
11-26 12:19:54.619  1164  1732 I InputDispatcher: injectInputEvent  key-code=24,name=VOLUME_UP, action=1, EventTime=163957241000000, DownTime=163957241000000,injectorPid=14427, injectorUid=2000, syncMode=1, timeoutMillis=30000, policyFlags=0x08000000
11-26 12:19:54.620  1164  1326 I WindowManager: interceptKeyTi keyCode=24 down=false repeatCount=0 keyguardOn=false mHomePressed=false canceled=false isInjected=true
11-26 12:19:54.624 12530 12542 I ActivityThreadEui: schedulePauseActivity com.jd.b2b.frame.MainFrameActivity finished=false userLeaving=true configChanges=0 dontReport=false
11-26 12:19:54.624  1164  1831 W PowerManagerService: LIMIT_APP: getNetworkBytes use time = 8
11-26 12:19:54.625  1164  1831 W AppOps  : isskipsystem  code:40  uid:1013
11-26 12:19:54.625   544  2142 E DrmCtaPlugIn: [ERROR]onOpenDecryptSession - The key is not set by user
11-26 12:19:54.625   544  2142 E DrmMtkUtil/DrmUtil: parseDcf: not dcf type, dcf version value [80]
11-26 12:19:54.625   544  2142 E DrmMtkPlugIn: onOpenDecryptSession() : failed to parse dcf file.
11-26 12:19:54.628  1164  1782 I WindowManager: Set focused app to: AppWindowToken{bcbcf9d token=Token{9eaae74 ActivityRecord{e06f647 u0 com.jd.b2b/.webview.WebViewActivity, isShadow:false t337}}} old focus=AppWindowToken{275cc43 token=Token{dddbdf2 ActivityRecord{232bcfd u0 com.jd.b2b/.frame.MainFrameActivity, isShadow:false t337}}} moveFocusNow=true
11-26 12:19:54.629 12530 14465 I HttpGroup: id:13- post-url -- json--->> http://zgbgwb.m.jd.com/one.queryBombBoxMsg
11-26 12:19:54.631  1164  1782 I WindowManager: Input focus has changed to null oldFocusWindow=Window{ae2db84 u0 com.jd.b2b/com.jd.b2b.frame.MainFrameActivity} updateInputWindow=true
11-26 12:19:54.632  1164  1217 I WindowManager: Focus moving from Window{ae2db84 u0 com.jd.b2b/com.jd.b2b.frame.MainFrameActivity} to null
11-26 12:19:54.632  1164  1217 I WindowManager: Losing focus: Window{ae2db84 u0 com.jd.b2b/com.jd.b2b.frame.MainFrameActivity}
11-26 12:19:54.632  1164  1178 W AppOps  : isskipsystem  code:43  uid:1000
11-26 12:19:54.633 12530 14499 I System.out: close [socket][/10.14.170.150:55161]
11-26 12:19:54.634 12530 12530 W ViewRootImpl: Dropping event due to no window focus: KeyEvent { action=ACTION_DOWN, keyCode=KEYCODE_VOLUME_UP, scanCode=0, metaState=0, flags=0x8, repeatCount=0, eventTime=163957207, downTime=163957207, deviceId=-1, source=0x101 }
11-26 12:19:54.634 12530 12530 I ViewRootImpl: finishKeyEvent: handled = false keycode = 24 name=KEYCODE_VOLUME_UP stage=3 1: Process input event,inputElapseTime=0 eventTime = 163957207 downTime = 163957207 title= com.jd.b2b/com.jd.b2b.frame.MainFrameActivity
11-26 12:19:54.634 12530 12530 W ViewRootImpl: Cancelling event due to no window focus: KeyEvent { action=ACTION_UP, keyCode=KEYCODE_VOLUME_UP, scanCode=0, metaState=0, flags=0x28, repeatCount=0, eventTime=163957254, downTime=163957207, deviceId=-1, source=0x101 }
11-26 12:19:54.634 12530 12530 W ViewRootImpl: Cancelling event due to no window focus: KeyEvent { action=ACTION_UP, keyCode=KEYCODE_VOLUME_UP, scanCode=0, metaState=0, flags=0x28, repeatCount=0, eventTime=163957254, downTime=163957207, deviceId=-1, source=0x101 }
11-26 12:19:54.635 12530 12530 W ViewRootImpl: Cancelling event due to no window focus: KeyEvent { action=ACTION_UP, keyCode=KEYCODE_VOLUME_UP, scanCode=0, metaState=0, flags=0x28, repeatCount=0, eventTime=163957254, downTime=163957207, deviceId=-1, source=0x101 }
11-26 12:19:54.635 12530 12530 W ViewRootImpl: Cancelling event due to no window focus: KeyEvent { action=ACTION_UP, keyCode=KEYCODE_VOLUME_UP, scanCode=0, metaState=0, flags=0x28, repeatCount=0, eventTime=163957254, downTime=163957207, deviceId=-1, source=0x101 }
11-26 12:19:54.635 12530 12530 W ViewRootImpl: Cancelling event due to no window focus: KeyEvent { action=ACTION_UP, keyCode=KEYCODE_VOLUME_UP, scanCode=0, metaState=0, flags=0x28, repeatCount=0, eventTime=163957254, downTime=163957207, deviceId=-1, source=0x101 }
11-26 12:19:54.635 12530 12530 W ViewRootImpl: Cancelling event due to no window focus: KeyEvent { action=ACTION_UP, keyCode=KEYCODE_VOLUME_UP, scanCode=0, metaState=0, flags=0x28, repeatCount=0, eventTime=163957254, downTime=163957207, deviceId=-1, source=0x101 }
11-26 12:19:54.635 12530 12530 I View    : Key up dispatch to com.jd.b2b.component.widget.home.CustomRecyclerView{d6e385e VFED..... .F....ID 0,0-1080,1781 #7f0901c5 app:id/content_recycler_view}, event = KeyEvent { action=ACTION_UP, keyCode=KEYCODE_VOLUME_UP, scanCode=0, metaState=0, flags=0x28, repeatCount=0, eventTime=163957254, downTime=163957207, deviceId=-1, source=0x101 }
11-26 12:19:54.635 12530 12530 I View    : Key up dispatch to com.jd.b2b.component.widget.home.CustomRecyclerView{d6e385e VFED..... .F....ID 0,0-1080,1781 #7f0901c5 app:id/content_recycler_view}, event = KeyEvent { action=ACTION_UP, keyCode=KEYCODE_VOLUME_UP, scanCode=0, metaState=0, flags=0x28, repeatCount=0, eventTime=163957254, downTime=163957207, deviceId=-1, source=0x101 }
11-26 12:19:54.636   545 14527 E APEExtractor: getAPEInfo not ape 5004
11-26 12:19:54.639   545 14527 E         : unknown object: 46464952-be3a-2-57415645666d7420, 16 bytes
11-26 12:19:54.639   545 14527 I         : obj->type=0,size=562954248388624,datalen=0
11-26 12:19:54.639   545 14527 E         : error parsing header: -6
11-26 12:19:54.639   545 14527 I MediaExtractor: Autodetected media content as 'audio/x-wav' with confidence 0.30
11-26 12:19:54.639   545 14526 I MediaPlayerService: [notify]line:1640 [330] notify (0xe5410680, 1, 0, 0, 0x0)
11-26 12:19:54.641  1164  1175 W AudioService: notifyRingerModeChanged falled, because there are no listener!
11-26 12:19:54.641  1164  1175 W AudioService: notifyRingerVolumeChanged falled, because there are no listener!
11-26 12:19:54.641 12530 14504 I System.out: isEmailSend:POST
11-26 12:19:54.642 12530 14504 I System.out: getAllHeaders:POST
11-26 12:19:54.642 12530 14504 I System.out: test:User-Agent:Android WJLoginSDK 3.0.0
11-26 12:19:54.642 12530 14504 I System.out: httpHeader:Content-Type: application/x-www-form-urlencoded
11-26 12:19:54.643 12530 14504 I System.out: [CDS][DNS] getAllByNameImpl netId = 0
11-26 12:19:54.645 12530 14465 I HttpGroup: id:13----post-params-----ctid=2816&lon=114.431188&s=1920*1080&sign=7f1ac7949c5516670e7765965172ef91&source=&devicetoken=64b1d5a30c5e1370b57485b05a723d46&pid=1&guid=a48796e2-6615-4ad2-b2ad-e4ae88918749&uuid=862559033842685020000000000&cid=6667&body=%7B%7D&m=LEX651&os=android&an=zgb&b=LeMobile&c=android&cv=4.4.0&p=jingdong&nt=wifi&cvb=1810263&tid=0&ov=6.0&isEncoder=1&lat=30.469831&aid=978383
11-26 12:19:54.645   426  8201 I BufferQueueProducer: [com.jd.b2b/com.jd.b2b.activity.SplashActivity](this:0x7f90eaa000,id:6212,api:1,p:12530,c:426) queueBuffer: fps=11.99 dur=1334.07 max=611.25 min=13.08
11-26 12:19:54.650 12530 14504 I System.out: openConnection:1
11-26 12:19:54.652 12530 14504 I System.out: [CDS][DNS] getAllByNameImpl netId = 0
11-26 12:19:54.654 12530 14504 I System.out: [socket][22] connection /106.39.169.150:443;LocalPort=34434(15000)
11-26 12:19:54.654 12530 14504 I System.out: [CDS]connect[/106.39.169.150:443] tm:15
11-26 12:19:54.655 12530 14499 I HttpGroup: id:2----httpdns-hostname-----zgbgwb.m.jd.com
11-26 12:19:54.655 12530 14499 I System.out: [CDS][DNS] getAllByNameImpl netId = 0
11-26 12:19:54.656 12530 14499 I System.out: [CDS]rx timeout:20000
11-26 12:19:54.657 12530 14499 I System.out: [socket][23] connection zgbgwb.m.jd.com/106.39.164.150:80;LocalPort=55245(15000)
11-26 12:19:54.657 12530 14499 I System.out: [CDS]connect[zgbgwb.m.jd.com/106.39.164.150:80] tm:15
11-26 12:19:54.660 12530 14542 W System  : Ignoring header Cookie because its value was null.
11-26 12:19:54.661 12530 14542 I System.out: [CDS][DNS] getAllByNameImpl netId = 0
11-26 12:19:54.662   426  8201 I BufferQueueProducer: [com.jd.b2b/com.jd.b2b.frame.MainFrameActivity](this:0x7f90eb4000,id:6213,api:1,p:12530,c:426) new GraphicBuffer needed
11-26 12:19:54.662   426  8201 I [MALI][Gralloc]: [-]hnd(0x7f984143c0), client(23), share_fd(132)
11-26 12:19:54.664   426  8201 I [MALI][Gralloc]: [+]hnd(0x7f984143c0), client(23), share_fd(105), hnd->flags:4
11-26 12:19:54.666 12530 14464 I [MALI][Gralloc]: [+]r_hnd(0xd587c920), client(69), share_fd(81)
11-26 12:19:54.667 12530 14452 I HttpGroup: id:14- onStart -->> 
11-26 12:19:54.675   426  1329 I BufferQueueProducer: [com.jd.b2b/com.jd.b2b.frame.MainFrameActivity](this:0x7f90eb4000,id:6213,api:1,p:12530,c:426) new GraphicBuffer needed
11-26 12:19:54.675   426  1329 I [MALI][Gralloc]: [-]hnd(0x7f984141e0), client(23), share_fd(115)
11-26 12:19:54.676   426  1329 I [MALI][Gralloc]: [+]hnd(0x7f984141e0), client(23), share_fd(115), hnd->flags:4
11-26 12:19:54.678 12530 14452 I HttpGroup: id:12- body -->> {}
11-26 12:19:54.678 12530 14464 I [MALI][Gralloc]: [+]r_hnd(0xd587cf60), client(69), share_fd(88)
11-26 12:19:54.683 12530 14465 I HttpGroup: id:14- MyApplication.getInstance().isdns--->> true
11-26 12:19:54.683 12530 14451 I HttpGroup: id:15- onStart -->> 
11-26 12:19:54.687 12530 14504 I System.out: [socket][/10.14.170.150:34434] connected
11-26 12:19:54.688 12530 14504 I System.out: [CDS]rx timeout:15000
11-26 12:19:54.689 12530 14499 I System.out: [socket][/10.14.170.150:55245] connected
11-26 12:19:54.689 12530 14499 I System.out: [CDS]rx timeout:20000
11-26 12:19:54.690 12530 14542 I System.out: [CDS]rx timeout:30000
11-26 12:19:54.690 12530 14542 I System.out: [socket][24] connection ddcdn.jd.com/116.211.94.1:443;LocalPort=47652(30000)
11-26 12:19:54.690 12530 14542 I System.out: [CDS]connect[ddcdn.jd.com/116.211.94.1:443] tm:30
11-26 12:19:54.690   426   426 I SurfaceFlinger: [Built-in Screen (type:0)] fps:40.415253,dur:1014.47,max:311.12,min:12.98
11-26 12:19:54.696 12530 12530 I ViewRootImpl: updateImmersive mode: gain focus
11-26 12:19:54.697 29510 29510 I AppiumUnicodeIME: onFinishInput
11-26 12:19:54.700 29510 29510 I AppiumUnicodeIME: onStartInput
11-26 12:19:54.703  8246 14413 I iTest   : ACBCrxByte  muids10506
11-26 12:19:54.704  8246 14413 I iTest   : ACBCrxByte0
11-26 12:19:54.704  8246 14413 I iTest   : ACBC G504863808
11-26 12:19:54.713 12530 14542 I System.out: [socket][/10.14.170.150:47652] connected
11-26 12:19:54.718 12530 12530 E AutoReceiver: pushutil action: com.jd.receive.parameter
11-26 12:19:54.721 12530 14465 I HttpGroup: id:14- post-url -- json--->> http://zgbgwb.m.jd.com/one.searchKeyword
11-26 12:19:54.721  1164  1164 I AlarmManager: APP set(PendingIntent{7cb55c2: PendingIntentRecord{bc0cfd3 android broadcastIntent key.isShadow:false}}) : type=3 triggerAtTime=616012810 win=-1 tElapsed=616012810 maxElapsed=616012810 interval=0 flags=0x0
11-26 12:19:54.726 12530 14546 I System.out: [CDS][DNS] getAllByNameImpl netId = 0
11-26 12:19:54.728 12530 14466 I HttpGroup: id:15- MyApplication.getInstance().isdns--->> true
11-26 12:19:54.731 12530 12530 I HttpGroup: id:8--FunctionId--one.serverconfig- StringCallback -->> {"data":{"currentTime":1543205996254,"searchSpeechSwitch":"1","ddSdk2Switch":"1","liulvSwitch":"1","serverconfigs":[{"id":1,"name":"registerAgreementUrl","value":"https://h5zgbgwb.m.jd.com/registration-protocol-zgb.html","demo":"https://h5zgbgwb.m.jd.com/registration-protocol-zgb.html","created":1452741398000,"modified":1523443681000},{"id":2,"name":"zgburl","value":"https://h5zgbgwb.m.jd.com/registration-protocol-zgb.html","demo":"https://h5zgbgwb.m.jd.com/registration-protocol-zgb.html","created":1453721411000,"modified":1523443693000},{"id":3,"name":"moneyurl","value":"https://h5zgbgwb.m.jd.com/wealthForclient.html","demo":"https://h5zgbgwb.m.jd.com/wealthForclient.html","created":1458714622000,"modified":1484638862000},{"id":6,"name":"zgb_bbc_setting_url","value":"https://bbcb.m.jd.com/b/setting.html?operation=modify","demo":"https://bbc.m.jd.com/b/setting.html?operation=modify","created":1483616523000,"modified":1483616541000}],"success":true,"fingerPrintSwitch":"1","popDdSwitch":"0","skuMaxNum":500},"code":"0"}
11-26 12:19:54.734 12530 14465 I HttpGroup: id:14----post-params-----ctid=2816&lon=114.431188&s=1920*1080&sign=ac99353a4691d5b4d80f288aeaf2cbcf&source=&devicetoken=64b1d5a30c5e1370b57485b05a723d46&pid=1&guid=717648da-0e82-4ce8-af4a-8c19807f1c76&uuid=862559033842685020000000000&cid=6667&body=%7B%7D&m=LEX651&os=android&an=zgb&b=LeMobile&c=android&cv=4.4.0&p=jingdong&nt=wifi&cvb=1810263&tid=0&ov=6.0&isEncoder=1&lat=30.469831&aid=978383
11-26 12:19:54.743 12530 14485 I HttpGroup: id:2----httpdns-hostname-----zgbgwb.m.jd.com
11-26 12:19:54.743 12530 14485 I System.out: [CDS][DNS] getAllByNameImpl netId = 0
11-26 12:19:54.744 12530 14485 I System.out: [CDS]rx timeout:20000
11-26 12:19:54.744 12530 12530 I HttpGroup: addCompletesCount -->> com.jingdong.common.utils.HttpGroup$HttpGroupaAsynPool@55f9bbfcompletesCount:1, httpCount:1
11-26 12:19:54.744 12530 14485 I System.out: [socket][25] connection zgbgwb.m.jd.com/106.39.164.150:80;LocalPort=42748(15000)
11-26 12:19:54.745 12530 14485 I System.out: [CDS]connect[zgbgwb.m.jd.com/106.39.164.150:80] tm:15
11-26 12:19:54.745 12530 14466 I HttpGroup: id:15- post-url -- json--->> http://zgbgwb.m.jd.com/one.myconfig
11-26 12:19:54.750 12530 14452 I HttpGroup: id:12- onStart -->> 
11-26 12:19:54.756 12530 14466 I HttpGroup: id:15----post-params-----ctid=2816&lon=114.431188&s=1920*1080&sign=58f56dc2051e52e547b91781aa1985b5&source=&devicetoken=64b1d5a30c5e1370b57485b05a723d46&pid=1&guid=3e56c2c5-036b-4776-92b1-ff795f204b6a&uuid=862559033842685020000000000&cid=6667&body=%7B%7D&m=LEX651&os=android&an=zgb&b=LeMobile&c=android&cv=4.4.0&p=jingdong&nt=wifi&cvb=1810263&tid=0&ov=6.0&isEncoder=1&lat=30.469831&aid=978383
11-26 12:19:54.760 12530 12530 I HttpGroup: id:8- onEnd -->> 
11-26 12:19:54.761 12530 14452 I HttpGroup: id:9- body -->> {}
11-26 12:19:54.763 12530 14486 I HttpGroup: id:2----httpdns-hostname-----zgbgwb.m.jd.com
11-26 12:19:54.763 12530 14486 I System.out: [CDS][DNS] getAllByNameImpl netId = 0
11-26 12:19:54.764 12530 14486 I System.out: [CDS]rx timeout:20000
11-26 12:19:54.764 12530 14486 I System.out: [socket][26] connection zgbgwb.m.jd.com/106.39.164.150:80;LocalPort=42484(15000)
11-26 12:19:54.765 12530 14486 I System.out: [CDS]connect[zgbgwb.m.jd.com/106.39.164.150:80] tm:15
11-26 12:19:54.766 12530 12530 I HttpGroup: id:7--FunctionId--one.cart- StringCallback -->> {"data":{"currentTime":1543205996285,"bottomTitle":"","cartNum":107},"code":"0"}
11-26 12:19:54.769 12530 14465 I HttpGroup: id:12- MyApplication.getInstance().isdns--->> true
11-26 12:19:54.783 12530 12530 I HttpGroup: addCompletesCount -->> com.jingdong.common.utils.HttpGroup$HttpGroupaAsynPool@27b6d9completesCount:1, httpCount:1
11-26 12:19:54.788 12530 14451 I HttpGroup: id:11- onStart -->> 
11-26 12:19:54.792 12530 14465 I HttpGroup: id:12- post-url -- json--->> http://zgbgwb.m.jd.com/one.queryUnReadMsgesCount
11-26 12:19:54.803 12530 12530 I HttpGroup: id:7- onEnd -->> 
11-26 12:19:54.806 12530 12530 I CrashReport-Native: Set native info: isAppForeground(false)
11-26 12:19:54.807 12530 14465 I HttpGroup: id:12----post-params-----ctid=2816&lon=114.431188&s=1920*1080&sign=55c9185e85a110b200a58c7081bb97b8&source=&devicetoken=64b1d5a30c5e1370b57485b05a723d46&pid=1&guid=db0161ee-7284-41de-a886-b62bcf9c593e&uuid=862559033842685020000000000&cid=6667&body=%7B%7D&m=LEX651&os=android&an=zgb&b=LeMobile&c=android&cv=4.4.0&p=jingdong&nt=wifi&cvb=1810263&tid=0&ov=6.0&isEncoder=1&lat=30.469831&aid=978383
11-26 12:19:54.809 12530 12530 I CrashReport-Native: Set native info: isAppForeground(false)
11-26 12:19:54.811  1164  2200 I WindowManager: setAppVisibility(Token{9eaae74 ActivityRecord{e06f647 u0 com.jd.b2b/.webview.WebViewActivity, isShadow:false t337}}, visible=true): mNextAppTransition=TRANSIT_ACTIVITY_OPEN hidden=true hiddenRequested=true
11-26 12:19:54.812 12530 14451 I HttpGroup: id:10- body -->> {}
11-26 12:19:54.815 12530 14497 I HttpGroup: id:2----httpdns-hostname-----zgbgwb.m.jd.com
11-26 12:19:54.816 12530 14497 I System.out: [CDS][DNS] getAllByNameImpl netId = 0
11-26 12:19:54.817 12530 14497 I System.out: [CDS]rx timeout:20000
11-26 12:19:54.817 12530 14497 I System.out: [socket][27] connection zgbgwb.m.jd.com/106.39.164.150:80;LocalPort=51958(15000)
11-26 12:19:54.817 12530 14497 I System.out: [CDS]connect[zgbgwb.m.jd.com/106.39.164.150:80] tm:15
11-26 12:19:54.817 12530 14504 I System.out: gba_cipher_suite:TLS_RSA_WITH_AES_128_GCM_SHA256
11-26 12:19:54.818 12530 14499 I System.out: close [socket][/10.14.170.150:55245]
11-26 12:19:54.819 12530 14546 I System.out: [CDS]rx timeout:0
11-26 12:19:54.819 12530 14504 I System.out: >doSendRequest
11-26 12:19:54.819 12530 14546 I System.out: [socket][28] connection shooter.m.jd.com/106.39.169.231:80;LocalPort=54367(10000)
11-26 12:19:54.819 12530 14466 I HttpGroup: id:11- MyApplication.getInstance().isdns--->> true
11-26 12:19:54.821 12530 14546 I System.out: [CDS]connect[shooter.m.jd.com/106.39.169.231:80] tm:10
11-26 12:19:54.822  8246  8342 I ActivityThreadEui: scheduleStopActivity iflytek.testTech.propertytool.activity.HomeActivity show=true configChanges=0
11-26 12:19:54.822 12530 14504 I System.out: <doSendRequest
11-26 12:19:54.833 12530 12530 I HttpGroup: id:6--FunctionId--one.gisLocation- StringCallback -->> {"data":{"currentTime":1543205996333,"success":false},"code":"0"}
11-26 12:19:54.838 12530 14466 I HttpGroup: id:11- post-url -- json--->> http://eyes.m.jd.com/stat/getRule?item=01&os=android&v=4.4.0
11-26 12:19:54.843 12530 12530 I HttpGroup: addCompletesCount -->> com.jingdong.common.utils.HttpGroup$HttpGroupaAsynPool@7ca5f29completesCount:1, httpCount:1
11-26 12:19:54.845 12530 14452 I HttpGroup: id:9- onStart -->> 
11-26 12:19:54.845 12530 14466 I HttpGroup: id:11----post-params-----isEncoder=1&body=%7B%22data%22%3A%5B%5D%2C%22c%22%3A%22android%22%2C%22os%22%3A%22android%22%2C%22b%22%3A%22LeMobile%22%2C%22m%22%3A%22LEX651%22%2C%22u%22%3A%22862559033842685020000000000%22%2C%22token%22%3A%22f57a2c963502179fb4a6484795640e83%22%2C%22ct%22%3A%221543205994027%22%2C%22cv%22%3A%224.4.0%22%2C%22nt%22%3A%22wifi%22%2C%22ov%22%3A%226.0%22%7D
11-26 12:19:54.852 12530 14499 I HttpGroup: id:2----httpdns-hostname-----eyes.m.jd.com
11-26 12:19:54.852 12530 14499 I System.out: [CDS][DNS] getAllByNameImpl netId = 0
11-26 12:19:54.853 12530 12530 I HttpGroup: id:6- onEnd -->> 
11-26 12:19:54.865 12530 12530 E RecyclerView: No adapter attached; skipping layout
11-26 12:19:54.867 12530 14465 I HttpGroup: id:9- MyApplication.getInstance().isdns--->> true
11-26 12:19:54.878   426  1329 I BufferQueueProducer: [com.jd.b2b/com.jd.b2b.frame.MainFrameActivity](this:0x7f90eb4000,id:6213,api:1,p:12530,c:426) new GraphicBuffer needed
11-26 12:19:54.878   426  1329 I [MALI][Gralloc]: [-]hnd(0x7f98414a00), client(23), share_fd(110)
11-26 12:19:54.880   426  1329 I [MALI][Gralloc]: [+]hnd(0x7f98414a00), client(23), share_fd(96), hnd->flags:4
11-26 12:19:54.882 12530 14464 I [MALI][Gralloc]: [+]r_hnd(0xcd9aedc0), client(69), share_fd(87)
11-26 12:19:54.882 12530 14465 I HttpGroup: id:9- post-url -- json--->> http://zgbgwb.m.jd.com/one.homepage
11-26 12:19:54.883 12530 14451 I HttpGroup: id:10- onStart -->> 
11-26 12:19:54.887 12530 14465 I HttpGroup: id:9----post-params-----lon=114.431188&s=1920*1080&source=&devicetoken=64b1d5a30c5e1370b57485b05a723d46&guid=a35c6d7c-84a3-4ae4-9ca6-dff60b2e4f76&uuid=862559033842685020000000000&b=LeMobile&p=jingdong&nt=wifi&isEncoder=1&ctid=2816&sign=747372cb891f9a0bb06e97d9f611760f&pid=1&fingerprint=KLP27HGKMG7JK6RSFJDOR5VW4RWNWPSJIX6AVNWEVKQQAETMC7AASRX7K5CJ2766S7T6DUHMGQPTWEC3WC6UVHH4N4RKQFYZHOBGWYBVVDWCMQI4SXCQ&cid=6667&body=%7B%7D&m=LEX651&os=android&an=zgb&c=android&cv=4.4.0&cvb=1810263&tid=0&ov=6.0&lat=30.469831&aid=978383
11-26 12:19:54.892 12530 14466 I HttpGroup: id:10- MyApplication.getInstance().isdns--->> true
11-26 12:19:54.892 12530 14494 I HttpGroup: id:2----httpdns-hostname-----zgbgwb.m.jd.com
11-26 12:19:54.892 12530 14494 I System.out: [CDS][DNS] getAllByNameImpl netId = 0
11-26 12:19:54.893 12530 14494 I System.out: [CDS]rx timeout:20000
11-26 12:19:54.894 12530 14494 I System.out: [socket][29] connection zgbgwb.m.jd.com/106.39.164.150:80;LocalPort=40599(15000)
11-26 12:19:54.894 12530 14494 I System.out: [CDS]connect[zgbgwb.m.jd.com/106.39.164.150:80] tm:15
11-26 12:19:54.898 12530 12530 E NetMgr  : pushutil null != service=true
11-26 12:19:54.898 12530 12530 E NetMgr  : pushutil !service.isShutdown()=true
11-26 12:19:54.898 12530 12530 E NetMgr  : pushutil !service.isTerminated()=true
11-26 12:19:54.898 12530 12530 E NetMgr  : pushutil isActive(socketSendPool)=true
11-26 12:19:54.898 12530 12530 E NetMgr  : pushutil null != service=true
11-26 12:19:54.898 12530 12530 E NetMgr  : pushutil !service.isShutdown()=true
11-26 12:19:54.898 12530 12530 E NetMgr  : pushutil !service.isTerminated()=true
11-26 12:19:54.898 12530 12694 I System.out: [CDS][DNS] getAllByNameImpl netId = 0
11-26 12:19:54.901 12530 12530 I MyActivity: onCreate() -->> com.jd.b2b.webview.WebViewActivity
11-26 12:19:54.901 12530 14466 I HttpGroup: id:10- post-url -- json--->> http://zgbgwb.m.jd.com/one.homeanimation
11-26 12:19:54.903 12530 12530 W ResourceType: No known package when getting name for resource number 0xffffffff
11-26 12:19:54.905 12530 14466 I HttpGroup: id:10----post-params-----lon=114.431188&s=1920*1080&source=&devicetoken=64b1d5a30c5e1370b57485b05a723d46&guid=f540de94-fe61-46bc-a6b5-f0b66066bcfb&uuid=862559033842685020000000000&b=LeMobile&p=jingdong&nt=wifi&isEncoder=1&ctid=2816&sign=702f0857c6c2fe3cc61cfb730f2352ab&pid=1&fingerprint=KLP27HGKMG7JK6RSFJDOR5VW4RWNWPSJIX6AVNWEVKQQAETMC7AASRX7K5CJ2766S7T6DUHMGQPTWEC3WC6UVHH4N4RKQFYZHOBGWYBVVDWCMQI4SXCQ&cid=6667&body=%7B%7D&m=LEX651&os=android&an=zgb&c=android&cv=4.4.0&cvb=1810263&tid=0&ov=6.0&lat=30.469831&aid=978383
11-26 12:19:54.911 12530 14553 I HttpGroup: id:2----httpdns-hostname-----zgbgwb.m.jd.com
11-26 12:19:54.911 12530 14553 I System.out: [CDS][DNS] getAllByNameImpl netId = 0
11-26 12:19:54.912 12530 14553 I System.out: [CDS]rx timeout:20000
11-26 12:19:54.912 12530 14553 I System.out: [socket][30] connection zgbgwb.m.jd.com/106.39.164.150:80;LocalPort=33871(15000)
11-26 12:19:54.912 12530 14553 I System.out: [CDS]connect[zgbgwb.m.jd.com/106.39.164.150:80] tm:15
11-26 12:19:54.912  1164  1831 I WindowManager: Set focused app to: AppWindowToken{275cc43 token=Token{dddbdf2 ActivityRecord{232bcfd u0 com.jd.b2b/.frame.MainFrameActivity, isShadow:false t337}}} old focus=AppWindowToken{bcbcf9d token=Token{9eaae74 ActivityRecord{e06f647 u0 com.jd.b2b/.webview.WebViewActivity, isShadow:false t337}}} moveFocusNow=true
11-26 12:19:54.914  1164  1831 I WindowManager: Input focus has changed to Window{ae2db84 u0 com.jd.b2b/com.jd.b2b.frame.MainFrameActivity} oldFocusWindow=null updateInputWindow=true
11-26 12:19:54.915  1164  1217 I WindowManager: Focus moving from null to Window{ae2db84 u0 com.jd.b2b/com.jd.b2b.frame.MainFrameActivity}
11-26 12:19:54.915  1164  1217 I WindowManager: Gaining focus: Window{ae2db84 u0 com.jd.b2b/com.jd.b2b.frame.MainFrameActivity}
11-26 12:19:54.915  1164  1831 I WindowManager: setAppVisibility(Token{9eaae74 ActivityRecord{e06f647 u0 com.jd.b2b/.webview.WebViewActivity, isShadow:false t337 f}}, visible=false): mNextAppTransition=TRANSIT_ACTIVITY_OPEN hidden=true hiddenRequested=false
11-26 12:19:54.916  1164  1178 W AppOps  : isskipsystem  code:43  uid:1000
11-26 12:19:54.918 12530 12530 W ViewRootImpl: Cancelling event due to no window focus: KeyEvent { action=ACTION_UP, keyCode=KEYCODE_VOLUME_UP, scanCode=0, metaState=0, flags=0x28, repeatCount=0, eventTime=163957241, downTime=163957241, deviceId=-1, source=0x101 }
11-26 12:19:54.918 12530 12530 W ViewRootImpl: Cancelling event due to no window focus: KeyEvent { action=ACTION_UP, keyCode=KEYCODE_VOLUME_UP, scanCode=0, metaState=0, flags=0x28, repeatCount=0, eventTime=163957241, downTime=163957241, deviceId=-1, source=0x101 }
11-26 12:19:54.918 12530 12530 W ViewRootImpl: Cancelling event due to no window focus: KeyEvent { action=ACTION_UP, keyCode=KEYCODE_VOLUME_UP, scanCode=0, metaState=0, flags=0x28, repeatCount=0, eventTime=163957241, downTime=163957241, deviceId=-1, source=0x101 }
11-26 12:19:54.918 29510 29510 I AppiumUnicodeIME: onKeyUp (keyCode='24', event.keyCode='24', metaState='0')
11-26 12:19:54.922 12530 12530 I HttpGroup: id:13--FunctionId--one.queryBombBoxMsg- StringCallback -->> {"data":{"currentTime":1543205996468,"msgInfo":{"msgId":0,"protocol":0,"msgtype":0,"platform":0,"isRead":0,"isLogin":0,"isMsgbox":0,"msgBoxNum":0,"isExpired":0,"isBusiness":0,"picType":0},"isOpenMsgbox":0,"success":true},"code":"0"}
11-26 12:19:54.928 12530 12530 I HttpGroup: addCompletesCount -->> com.jingdong.common.utils.HttpGroup$HttpGroupaAsynPool@75ac036completesCount:1, httpCount:1
11-26 12:19:54.935 12530 12530 I HttpGroup: id:13- onEnd -->> 
11-26 12:19:54.936 12530 12530 I HttpGroup: wsKey===AAFb-2qgAEDEIzyWMoW9fvra5VrqTH21ArHGKZtkimppdk4lFO5h2ExLIaLw8NfSdD2-A_cOJ9tOUtFvsYyQf3z1p9CfXpzk
11-26 12:19:54.936 12530 12530 W ViewRootImpl: Cancelling event due to no window focus: KeyEvent { action=ACTION_UP, keyCode=KEYCODE_VOLUME_UP, scanCode=0, metaState=0, flags=0x28, repeatCount=0, eventTime=163957241, downTime=163957241, deviceId=-1, source=0x101 }
11-26 12:19:54.936 12530 12530 W ViewRootImpl: Cancelling event due to no window focus: KeyEvent { action=ACTION_UP, keyCode=KEYCODE_VOLUME_UP, scanCode=0, metaState=0, flags=0x28, repeatCount=0, eventTime=163957241, downTime=163957241, deviceId=-1, source=0x101 }
11-26 12:19:54.936 12530 12530 W ViewRootImpl: Cancelling event due to no window focus: KeyEvent { action=ACTION_UP, keyCode=KEYCODE_VOLUME_UP, scanCode=0, metaState=0, flags=0x28, repeatCount=0, eventTime=163957241, downTime=163957241, deviceId=-1, source=0x101 }
11-26 12:19:54.936 12530 12530 I View    : Key up dispatch to com.jd.b2b.component.widget.home.CustomRecyclerView{d6e385e VFED..... .F...... 0,0-1080,1781 #7f0901c5 app:id/content_recycler_view}, event = KeyEvent { action=ACTION_UP, keyCode=KEYCODE_VOLUME_UP, scanCode=0, metaState=0, flags=0x28, repeatCount=0, eventTime=163957241, downTime=163957241, deviceId=-1, source=0x101 }
11-26 12:19:54.937 12530 12530 I View    : Key up dispatch to com.jd.b2b.component.widget.home.CustomRecyclerView{d6e385e VFED..... .F...... 0,0-1080,1781 #7f0901c5 app:id/content_recycler_view}, event = KeyEvent { action=ACTION_UP, keyCode=KEYCODE_VOLUME_UP, scanCode=0, metaState=0, flags=0x28, repeatCount=0, eventTime=163957241, downTime=163957241, deviceId=-1, source=0x101 }
11-26 12:19:54.940  1164  1726 W AudioService: notifyRingerModeChanged falled, because there are no listener!
11-26 12:19:54.940  1164  1726 W AudioService: notifyRingerVolumeChanged falled, because there are no listener!
11-26 12:19:54.941 12530 14554 I HttpGroup: id:16- functionId -->> one.memberCommon
11-26 12:19:54.944 12530 12530 I ViewRootImpl: updateImmersive mode: gain focus
11-26 12:19:54.945  1164  1645 W InputMethodManagerService: Window already focused, ignoring focus gain of: com.android.internal.view.IInputMethodClient$Stub$Proxy@f3d3bb3 attribute=null, token = android.os.BinderProxy@1de6d97
11-26 12:19:54.950  1164  1174 I WindowManager: setAppVisibility(Token{9eaae74 ActivityRecord{e06f647 u0 com.jd.b2b/.webview.WebViewActivity, isShadow:false t337 f}}, visible=false): mNextAppTransition=TRANSIT_ACTIVITY_OPEN hidden=true hiddenRequested=true
11-26 12:19:54.950  1164  1174 I WindowManager: setAppVisibility(Token{dddbdf2 ActivityRecord{232bcfd u0 com.jd.b2b/.frame.MainFrameActivity, isShadow:false t337}}, visible=true): mNextAppTransition=TRANSIT_ACTIVITY_OPEN hidden=true hiddenRequested=false
11-26 12:19:54.951   426  1329 I BufferQueueProducer: [com.jd.b2b/com.jd.b2b.frame.MainFrameActivity](this:0x7f90eb4000,id:6213,api:1,p:12530,c:426) new GraphicBuffer needed
11-26 12:19:54.951   426  1329 I [MALI][Gralloc]: [-]hnd(0x7f984148c0), client(23), share_fd(97)
11-26 12:19:54.952   426  1329 I [MALI][Gralloc]: [+]hnd(0x7f984148c0), client(23), share_fd(97), hnd->flags:4
11-26 12:19:54.952 12530 12541 I ActivityThreadEui: scheduleResumeActivity com.jd.b2b.frame.MainFrameActivity
11-26 12:19:54.954 12530 14464 I [MALI][Gralloc]: [+]r_hnd(0xcd9af0e0), client(69), share_fd(97)
11-26 12:19:54.956  1164  1174 I WindowStateAnimator: firstWindowDrawn win=Window{ae2db84 u0 com.jd.b2b/com.jd.b2b.frame.MainFrameActivity} null startingData
11-26 12:19:54.959 12530 14451 I HttpGroup: id:16- body -->> {"operate":100}
11-26 12:19:54.960  1164  1217 I WindowManager: setAppVisibility(Token{e4e6651 ActivityRecord{45f78db u0 com.jd.b2b/.activity.SplashActivity, isShadow:false t337 f}}, visible=false): mNextAppTransition=TRANSIT_UNSET hidden=true hiddenRequested=true
11-26 12:19:54.963  1164  1616 I libPerfService: [perfScnDisable] scenario:1
11-26 12:19:54.972 12530 12530 I CrashReport-Native: Set native info: isAppForeground(true)
11-26 12:19:54.977 12530 12530 I CrashReport-Native: Set native info: isAppForeground(true)
11-26 12:19:54.990 12530 12530 I TrackUtil: -----Send PV data start -----
11-26 12:19:55.001 12530 12530 I TrackUtil: calssname=com.jd.b2b.home.activity.HomeActivity, pageid=0067, page_param=, orderId=, oldpvid=0067
11-26 12:19:55.025 12530 12530 I TrackUtil: -----Send PV data end -----true
11-26 12:19:55.032 12530 12530 I HttpGroup: wsKey===AAFb-2qgAEDEIzyWMoW9fvra5VrqTH21ArHGKZtkimppdk4lFO5h2ExLIaLw8NfSdD2-A_cOJ9tOUtFvsYyQf3z1p9CfXpzk
11-26 12:19:55.033 12530 12530 I HttpGroup: wsKey===AAFb-2qgAEDEIzyWMoW9fvra5VrqTH21ArHGKZtkimppdk4lFO5h2ExLIaLw8NfSdD2-A_cOJ9tOUtFvsYyQf3z1p9CfXpzk
11-26 12:19:55.051 12530 14558 I HttpGroup: id:17- functionId -->> one.queryUnReadMsgesCount
11-26 12:19:55.052 12530 14559 I HttpGroup: id:18- functionId -->> one.memberCommon
11-26 12:19:55.054 12530 12530 I TrackUtil: -----Send New PV data start -----
11-26 12:19:55.057  8350  8350 I ADB_SERVICES: service_to_fd shell:ps
11-26 12:19:55.058  8350  8350 I ADB_SERVICES: create_subproc ret_fd=20 pid=14560
11-26 12:19:55.066 29751  4850 I FeedbackManager: postGenerateRequest: mEventList size is 0
