11-26 12:19:53.274  1679  2740 I NetworkController: onReceive: intent=Intent { act=android.net.wifi.RSSI_CHANGED flg=0x4000010 FromType=0xffffffff mCallingUid=1000 (has extras) }
11-26 12:19:53.277 12530 14464 I PerfService: PerfServiceNative api init
11-26 12:19:53.285   431  1068 W MAL-Daemon: event_get_last_addr(): No data available!!
11-26 12:19:53.285   431  1068 W MAL-Daemon: event_get_last_addr(): No data available!!
11-26 12:19:53.285   431  1064 I MAL-Daemon: [RDS-I][RU][rds_ru_task] RCV Event: 104 
11-26 12:19:53.285   431  1064 I MAL-Daemon: [RDS-I][RDS][rds_ru_urc_hdlr] get URC: +ECSQ: 42,40,1,-315,-18,1,1,2,32767,-1
11-26 12:19:53.285   431  1064 I MAL-Daemon: 
11-26 12:19:53.285   431  1064 I MAL-Daemon: [RDS-I][RDS][ru_parse_3gppsigval] 3gppsigval #args act<2>
11-26 12:19:53.285   431  1064 I MAL-Daemon: [RDS-I][RDS][RU][rds_ru_urc_hdlr] Update 3GPP STATUS rsrp<-79> regstat<6> 
11-26 12:19:53.285   431  1064 I MAL-Daemon: [RDS-I][RDS][RU][rds_ru_urc_hdlr] ru_check_ctx_ptr<0xf6d7aa34, 0xf6d7aa34>
11-26 12:19:53.285   431  1064 I MAL-Daemon: [RDS-I][RDS][RU][ru_send_event_entity] send event 605 to 602
11-26 12:19:53.285   431  1064 I MAL-Daemon: [RDS-I][RU][rds_ru_task] RCV Event: 605 
11-26 12:19:53.285   431  1064 I MAL-Daemon: [RDS-I][RU][EVENT_RU_DM_3GPP_STATUS_IND] i4ltersrp:-79 u43gpp_status:0x6
11-26 12:19:53.285   431  1064 E MAL-Daemon: [RDS-E][RU][EVENT_RU_DM_3GPP_STATUS_IND] Invalid u43gpp_status:0x6
11-26 12:19:53.285   426  8201 I BufferQueueProducer: [](this:0x7f90eb2c00,id:6211,api:1,p:12530,c:426) new GraphicBuffer needed
11-26 12:19:53.285   431  1064 I MAL-Daemon: [RDS-I][RU][rds_ru_rpl_gen][RDS][OP2] TYPE : <0>, UI Policy : <3>, RDS Policy : <3>
11-26 12:19:53.285   431  1064 I MAL-Daemon: [RDS-I][RDS][OP][rds_op_check_feature] operator id(2) check feature<6>, curr_opmsk is <1>, sys_opmsk is <0x0001, 1>
11-26 12:19:53.285   431  1064 I MAL-Daemon: [RDS-I][RU][rds_ru_rpl_gen][RDS][OP2] TYPE : <0>, RAN1 : <255> ,RAN2 : <255>
11-26 12:19:53.285   431  1064 I MAL-Daemon: [RDS-I][RU][rds_ru_rpl_gen][RDS][OP2] TYPE : <1>, UI Policy : <3>, RDS Policy : <3>
11-26 12:19:53.285   431  1064 I MAL-Daemon: [RDS-I][RDS][OP][rds_op_check_feature] operator id(2) check feature<6>, curr_opmsk is <1>, sys_opmsk is <0x0001, 1>
11-26 12:19:53.285   426  8201 I [MALI][Gralloc]: [-]hnd(0x7f84eeb500), client(23), share_fd(93)
11-26 12:19:53.285   431  1064 I MAL-Daemon: [RDS-I][RU][rds_ru_rpl_gen][RDS][OP2] TYPE : <1>, RAN1 : <255> ,RAN2 : <255>
11-26 12:19:53.285   431  1064 I MAL-Daemon: [RDS-I][RU][rds_ru_rpl_gen][RDS][OP2] TYPE : <2>, UI Policy : <3>, RDS Policy : <3>
11-26 12:19:53.285   431  1064 I MAL-Daemon: [RDS-I][RDS][OP][rds_op_check_feature] operator id(2) check feature<6>, curr_opmsk is <1>, sys_opmsk is <0x0001, 1>
11-26 12:19:53.285   431  1064 I MAL-Daemon: [RDS-I][RU][rds_ru_rpl_gen][RDS][OP2] TYPE : <2>, RAN1 : <255> ,RAN2 : <255>
11-26 12:19:53.285   431  1064 I MAL-Daemon: [RDS-I][RU][rds_ru_rpl_gen][RDS][OP2] TYPE : <3>, UI Policy : <3>, RDS Policy : <3>
11-26 12:19:53.285   431  1064 I MAL-Daemon: [RDS-I][RU][rds_ru_rpl_gen][RDS][OP2] TYPE : <3>, RAN1 : <255> ,RAN2 : <255>
11-26 12:19:53.285   431  1064 I MAL-Daemon: [RDS-I][RU][rds_ru_rpl_gen][RDS][OP2] TYPE : <4>, UI Policy : <3>, RDS Policy : <3>
11-26 12:19:53.286   431  1064 I MAL-Daemon: [RDS-I][RU][rds_ru_rpl_gen][RDS][OP2] TYPE : <4>, RAN1 : <255> ,RAN2 : <255>
11-26 12:19:53.286   431  1064 I MAL-Daemon: [RDS-I][RU][rds_ru_rpl_gen][RDS][OP2] TYPE : <5>, UI Policy : <3>, RDS Policy : <3>
11-26 12:19:53.286   426  8201 I [MALI][Gralloc]: [+]hnd(0x7f84eeb500), client(23), share_fd(91), hnd->flags:4
11-26 12:19:53.286   431  1064 I MAL-Daemon: [RDS-I][RU][rds_ru_rpl_gen][RDS][OP2] TYPE : <5>, RAN1 : <255> ,RAN2 : <255>
11-26 12:19:53.286   431  1064 I MAL-Daemon: [RDS-I][RU][rds_ru_rpl_gen][RDS][OP2] TYPE : <6>, RAN1 : <254> ,RAN2 : <254>
11-26 12:19:53.286   431  1064 I MAL-Daemon: [RDS-I][RDS][OP][rds_op_check_feature] operator id(2) check feature<0>, curr_opmsk is <1>, sys_opmsk is <0x0001, 1>
11-26 12:19:53.286   431  1064 I MAL-Daemon: [RDS-I][RU][rds_ru_ims_vops_update][RDS IMS]Policy type: 0 IMS VOPS IE is Disabled, update IMS RPL from Ori:(255, 255) New:(255,255)
11-26 12:19:53.286   431  1064 I MAL-Daemon: [RDS-I][RU][rds_ru_ims_vops_update][RDS IMS]Policy type: 1 IMS VOPS IE is Disabled, update IMS RPL from Ori:(255, 255) New:(255,255)
11-26 12:19:53.286   431  1064 I MAL-Daemon: [RDS-I][RU][rds_ru_ims_vops_update][RDS IMS]Policy type: 2 IMS VOPS IE is Disabled, update IMS RPL from Ori:(255, 255) New:(255,255)
11-26 12:19:53.287   431  1064 I MAL-Daemon: [RDS-I][RU][rds_ru_rpl_gen][RDS] Current policy: fgimsolte_en<0>, fgwfc_en<0>, erdspolicy<3>, 
11-26 12:19:53.287   431  1064 I MAL-Daemon: [RDS-I][RU][rds_ru_rpl_gen][RDS] Threshold i4wifirssih<-75>, i4wifirssil<-85>, i4wifirssih_ho<-78>, i4wifirssil_ho<-88>, i4ltersrph<-106>, i4ltersrpm<-111>, i4ltersrpl<-116>
11-26 12:19:53.287   431  1064 I MAL-Daemon: [RDS-I][RU][rds_ru_rpl_gen][RDS] current rds ru status: i4wifirssi<-127>, i4ltersrp<-79>, u4active_ran<0> 
11-26 12:19:53.287   431  1064 I MAL-Daemon: [RDS-I][RU][rds_ru_rpl_gen][RDS] Call stat : IR92<0>, IR94<0> 
11-26 12:19:53.287   431  1064 I MAL-Daemon: [RDS-I][RU][RDS IMS/MMS][rds_ru_rpl_gen] Ori:(255,255)/(255,255) New:(255,255)/(255,255)
11-26 12:19:53.287   431  1064 I MAL-Daemon: [RDS-I][RU][RDS IMS/MMS WIFI][rds_ru_rpl_gen] Ori:(255,255)/(255,255) New:(255,255)/(255,255)
11-26 12:19:53.287   431  1064 I MAL-Daemon: [RDS-I][RU][RDS IMS/MMS CELL][rds_ru_rpl_gen] Ori:(255,255)/(255,255) New:(255,255)/(255,255)
11-26 12:19:53.287   431  1064 I MAL-Daemon: [RDS-I][RU][RDS EMG][rds_ru_rpl_gen] Ori:(254,254) New:(254,254)
11-26 12:19:53.287 12530 14452 I HttpGroup: id:4- onStart -->> 
11-26 12:19:53.291 12530 14464 I [MALI][Gralloc]: [+]r_hnd(0xd587a580), client(69), share_fd(67)
11-26 12:19:53.292 12530 14485 I HttpGroup: id:2----httpdns-hostname-----zgbgwb.m.jd.com
11-26 12:19:53.293 12530 14486 I HttpGroup: id:2----httpdns-hostname-----zgbgwb.m.jd.com
11-26 12:19:53.293 12530 14486 I System.out: [CDS][DNS] getAllByNameImpl netId = 0
11-26 12:19:53.297   426  1329 I BufferQueueProducer: [](this:0x7f90eb2c00,id:6211,api:1,p:12530,c:426) new GraphicBuffer needed
11-26 12:19:53.297   426  1329 I [MALI][Gralloc]: [-]hnd(0x7f84eeb3c0), client(23), share_fd(89)
11-26 12:19:53.297   426  1329 I [MALI][Gralloc]: [+]hnd(0x7f84eeb3c0), client(23), share_fd(83), hnd->flags:4
11-26 12:19:53.299 12530 14464 I [MALI][Gralloc]: [+]r_hnd(0xd587b160), client(69), share_fd(73)
11-26 12:19:53.302 12530 14452 I HttpGroup: id:3- body -->> {}
11-26 12:19:53.303 12530 14445 I System.out: [CDS][DNS] getAllByNameImpl netId = 0
11-26 12:19:53.305   426  2824 I BufferQueueProducer: [com.jd.b2b/com.jd.b2b.activity.SplashActivity](this:0x7f90eaa000,id:6212,api:1,p:12530,c:426) new GraphicBuffer needed
11-26 12:19:53.305   426  2824 I [MALI][Gralloc]: [-]hnd(0x7f98414820), client(23), share_fd(111)
11-26 12:19:53.307   426  2824 I [MALI][Gralloc]: [+]hnd(0x7f98414820), client(23), share_fd(78), hnd->flags:4
11-26 12:19:53.308 12530 14464 I [MALI][Gralloc]: [+]r_hnd(0xd587b2a0), client(69), share_fd(75)
11-26 12:19:53.311   426   457 I BufferQueueProducer: [com.jd.b2b/com.jd.b2b.activity.SplashActivity](this:0x7f90eaa000,id:6212,api:1,p:12530,c:426) new GraphicBuffer needed
11-26 12:19:53.312   426   457 I [MALI][Gralloc]: [-]hnd(0x7f98414780), client(23), share_fd(109)
11-26 12:19:53.313   426   457 I [MALI][Gralloc]: [+]hnd(0x7f98414780), client(23), share_fd(118), hnd->flags:4
11-26 12:19:53.315 12530 14464 I [MALI][Gralloc]: [+]r_hnd(0xd587b660), client(69), share_fd(78)
11-26 12:19:53.316 12530 14465 I HttpGroup: id:4- MyApplication.getInstance().isdns--->> true
11-26 12:19:53.317 12530 14485 I stringBuffer: client=android&clientVersion=4.4.0&osVersion=6.0&uuid=862559033842685020000000000&networkType=wifi&build=1810263
11-26 12:19:53.318 12530 12530 I ViewRootImpl: updateImmersive mode: gain focus
11-26 12:19:53.319  1164  1217 I WindowStateAnimator: firstWindowDrawn win=Window{2a485c1 u0 com.jd.b2b/com.jd.b2b.activity.SplashActivity} null startingData
11-26 12:19:53.325  1164  1217 I ActivityManager: [AppLaunch] Displayed Displayed com.jd.b2b/.activity.SplashActivity: +286ms
11-26 12:19:53.326  1164  1616 I libPerfService: [perfScnDisable] scenario:1
11-26 12:19:53.330 29510 29510 I AppiumUnicodeIME: onFinishInput
11-26 12:19:53.330 29510 29510 I AppiumUnicodeIME: onStartInput
11-26 12:19:53.331 12530 14460 I System.out: gba_cipher_suite:TLS_ECDHE_RSA_WITH_AES_256_GCM_SHA384
11-26 12:19:53.331 12530 14460 I System.out: [CDS]rx timeout:15000
11-26 12:19:53.331 12530 14460 I System.out: [CDS]rx timeout:15000
11-26 12:19:53.331 12530 14460 I System.out: [CDS]SO_SND_TIMEOUT:0
11-26 12:19:53.331 12530 14460 I System.out: [OkHttp] sendRequest>>
11-26 12:19:53.332 12530 14460 I System.out: [OkHttp] sendRequest<<
11-26 12:19:53.337   426  2824 I BufferQueueProducer: [com.jd.b2b/com.jd.b2b.activity.SplashActivity](this:0x7f90eaa000,id:6212,api:1,p:12530,c:426) new GraphicBuffer needed
11-26 12:19:53.337   426   455 I BufferQueueProducer: [StatusBar](this:0x7f90e69000,id:10,api:1,p:1679,c:426) queueBuffer: fps=0.25 dur=3974.36 max=3974.36 min=3974.36
11-26 12:19:53.337   426  2824 I [MALI][Gralloc]: [-]hnd(0x7f984145a0), client(23), share_fd(100)
11-26 12:19:53.339   426  2824 I [MALI][Gralloc]: [+]hnd(0x7f984145a0), client(23), share_fd(42), hnd->flags:4
11-26 12:19:53.341 12530 14464 I [MALI][Gralloc]: [+]r_hnd(0xd587b7a0), client(69), share_fd(45)
11-26 12:19:53.343 12530 14459 I System.out: gba_cipher_suite:TLS_ECDHE_RSA_WITH_AES_256_GCM_SHA384
11-26 12:19:53.344 12530 14459 I System.out: [CDS]rx timeout:15000
11-26 12:19:53.344 12530 14459 I System.out: [CDS]rx timeout:15000
11-26 12:19:53.344 12530 14459 I System.out: [CDS]SO_SND_TIMEOUT:0
11-26 12:19:53.344 12530 14445 I System.out: [CDS]rx timeout:5000
11-26 12:19:53.345 12530 14445 I System.out: [socket][10] connection luna.jd.com/106.39.164.185:443;LocalPort=59904(9000)
11-26 12:19:53.345 12530 14459 I System.out: [OkHttp] sendRequest>>
11-26 12:19:53.345 12530 14445 I System.out: [CDS]connect[luna.jd.com/106.39.164.185:443] tm:9
11-26 12:19:53.345 12530 14459 I System.out: [OkHttp] sendRequest<<
11-26 12:19:53.345 12530 14451 I HttpGroup: id:5- onStart -->> 
11-26 12:19:53.345  1164  1164 E WifiTrafficPoller: TRAFFIC_STATS_POLL true Token 386 num clients 21
11-26 12:19:53.346  1164  1164 E WifiTrafficPoller:  packet count Tx=992054 Rx=910309
11-26 12:19:53.346  1164  1164 E WifiTrafficPoller: notifying of data activity 3
11-26 12:19:53.346 12530 14485 I System.out: [CDS][DNS] getAllByNameImpl netId = 0
11-26 12:19:53.350 12530 14485 I System.out: [CDS]rx timeout:10000
11-26 12:19:53.350 12530 14485 I System.out: [socket][11] connection /58.83.230.158:443;LocalPort=44220(10000)
11-26 12:19:53.350 12530 14486 I System.out: [CDS]rx timeout:20000
11-26 12:19:53.350 12530 14485 I System.out: [CDS]connect[/58.83.230.158:443] tm:10
11-26 12:19:53.350 12530 14486 I System.out: [socket][12] connection zgbgwb.m.jd.com/106.39.164.150:80;LocalPort=44257(15000)
11-26 12:19:53.350 12530 14486 I System.out: [CDS]connect[zgbgwb.m.jd.com/106.39.164.150:80] tm:15
11-26 12:19:53.353 12530 14465 I HttpGroup: id:4- post-url -- json--->> http://zgbgwb.m.jd.com/one.hotcheck
11-26 12:19:53.362 12530 14465 I HttpGroup: id:4----post-params-----ctid=2816&lon=114.431188&s=1920*1080&sign=1fb5ceb279d9042bd4746d19950f4174&source=&devicetoken=64b1d5a30c5e1370b57485b05a723d46&pid=1&guid=ad962cee-e420-4409-b356-6925d8ba8e16&uuid=862559033842685020000000000&cid=6667&body=%7B%7D&m=LEX651&os=android&an=zgb&b=LeMobile&c=android&cv=4.4.0&p=jingdong&nt=wifi&cvb=1810263&tid=0&ov=6.0&isEncoder=1&lat=30.469831&aid=978383
11-26 12:19:53.369 12530 14494 I HttpGroup: id:2----httpdns-hostname-----zgbgwb.m.jd.com
11-26 12:19:53.369 12530 14494 I System.out: [CDS][DNS] getAllByNameImpl netId = 0
11-26 12:19:53.370 12530 14466 I HttpGroup: id:5- MyApplication.getInstance().isdns--->> true
11-26 12:19:53.370 12530 14494 I System.out: [CDS]rx timeout:20000
11-26 12:19:53.370 12530 14494 I System.out: [socket][13] connection zgbgwb.m.jd.com/106.39.164.150:80;LocalPort=33429(15000)
11-26 12:19:53.370 12530 14494 I System.out: [CDS]connect[zgbgwb.m.jd.com/106.39.164.150:80] tm:15
11-26 12:19:53.373   426  8201 I BufferQueueProducer: [com.jd.b2b/com.jd.b2b.activity.SplashActivity](this:0x7f90eaa000,id:6212,api:1,p:12530,c:426) new GraphicBuffer needed
11-26 12:19:53.374   426  8201 I [MALI][Gralloc]: [-]hnd(0x7f98414280), client(23), share_fd(96)
11-26 12:19:53.376   426  8201 I [MALI][Gralloc]: [+]hnd(0x7f98414280), client(23), share_fd(47), hnd->flags:4
11-26 12:19:53.377 12530 14460 I System.out: close [socket][/10.14.170.150:43688]
11-26 12:19:53.378 12530 14464 I [MALI][Gralloc]: [+]r_hnd(0xd587bb60), client(69), share_fd(83)
11-26 12:19:53.378 12530 14460 I System.out: Close in OkHttp
11-26 12:19:53.382 12530 14445 I System.out: [socket][/10.14.170.150:59904] connected
11-26 12:19:53.383 12530 14486 I System.out: [socket][/10.14.170.150:44257] connected
11-26 12:19:53.383 12530 14485 I System.out: [socket][/10.14.170.150:44220] connected
11-26 12:19:53.383 12530 14452 I HttpGroup: id:3- onStart -->> 
11-26 12:19:53.384 12530 14459 I System.out: close [socket][/10.14.170.150:43727]
11-26 12:19:53.384 12530 14486 I System.out: [CDS]rx timeout:20000
11-26 12:19:53.385 12530 14459 I System.out: Close in OkHttp
11-26 12:19:53.389 12530 14466 I HttpGroup: id:5- post-url -- json--->> http://zgbgwb.m.jd.com/one.start
11-26 12:19:53.394 12530 14466 I HttpGroup: id:5----post-params-----ctid=2816&lon=114.431188&s=1920*1080&sign=edc6270e9a52d631137a89a5e3652e6b&source=&devicetoken=64b1d5a30c5e1370b57485b05a723d46&pid=1&guid=b4a7c95c-98b8-4f87-86fd-29d5b4bc3f65&uuid=862559033842685020000000000&cid=6667&body=%7B%7D&m=LEX651&os=android&an=zgb&b=LeMobile&c=android&cv=4.4.0&p=jingdong&nt=wifi&cvb=1810263&tid=0&ov=6.0&isEncoder=1&lat=30.469831&aid=978383
11-26 12:19:53.398 12530 14465 I HttpGroup: id:3- MyApplication.getInstance().isdns--->> true
11-26 12:19:53.407 12530 14494 I System.out: [socket][/10.14.170.150:33429] connected
11-26 12:19:53.407 12530 14494 I System.out: [CDS]rx timeout:20000
11-26 12:19:53.410 12530 14497 I HttpGroup: id:2----httpdns-hostname-----zgbgwb.m.jd.com
11-26 12:19:53.410 12530 14497 I System.out: [CDS][DNS] getAllByNameImpl netId = 0
11-26 12:19:53.411 12530 14497 I System.out: [CDS]rx timeout:20000
11-26 12:19:53.412 12530 14497 I System.out: [socket][14] connection zgbgwb.m.jd.com/106.39.164.150:80;LocalPort=41615(15000)
11-26 12:19:53.412 12530 14497 I System.out: [CDS]connect[zgbgwb.m.jd.com/106.39.164.150:80] tm:15
11-26 12:19:53.417 12530 14465 I HttpGroup: id:3- post-url -- json--->> http://zgbgwb.m.jd.com/one.protocolConfig
11-26 12:19:53.422 12530 14465 I HttpGroup: id:3----post-params-----ctid=2816&lon=114.431188&s=1920*1080&sign=7892403807b38a4f440984171311104b&source=&devicetoken=64b1d5a30c5e1370b57485b05a723d46&pid=1&guid=2650cb67-a083-4538-8c83-f2b930880a05&uuid=862559033842685020000000000&cid=6667&body=%7B%7D&m=LEX651&os=android&an=zgb&b=LeMobile&c=android&cv=4.4.0&p=jingdong&nt=wifi&cvb=1810263&tid=0&ov=6.0&isEncoder=1&lat=30.469831&aid=978383
11-26 12:19:53.427 12530 14499 I HttpGroup: id:2----httpdns-hostname-----zgbgwb.m.jd.com
11-26 12:19:53.427 12530 14499 I System.out: [CDS][DNS] getAllByNameImpl netId = 0
11-26 12:19:53.427 12530 14499 I System.out: [CDS]rx timeout:20000
11-26 12:19:53.427 12530 14499 I System.out: [socket][15] connection zgbgwb.m.jd.com/106.39.164.150:80;LocalPort=54343(15000)
11-26 12:19:53.427 12530 14499 I System.out: [CDS]connect[zgbgwb.m.jd.com/106.39.164.150:80] tm:15
11-26 12:19:53.458 12530 14497 I System.out: [socket][/10.14.170.150:41615] connected
11-26 12:19:53.458 12530 14497 I System.out: [CDS]rx timeout:20000
11-26 12:19:53.465 12530 14499 I System.out: [socket][/10.14.170.150:54343] connected
11-26 12:19:53.465 12530 14499 I System.out: [CDS]rx timeout:20000
11-26 12:19:53.465 12530 14445 I System.out: gba_cipher_suite:TLS_RSA_WITH_AES_128_GCM_SHA256
11-26 12:19:53.465 12530 14445 I System.out: [CDS]rx timeout:5000
11-26 12:19:53.466 12530 14445 I System.out: [CDS]rx timeout:5000
11-26 12:19:53.466 12530 14445 I System.out: [CDS]SO_SND_TIMEOUT:0
11-26 12:19:53.466 12530 14445 I System.out: [OkHttp] sendRequest>>
11-26 12:19:53.466 12530 14445 I System.out: [OkHttp] sendRequest<<
11-26 12:19:53.489 12530 14494 I System.out: close [socket][/10.14.170.150:33429]
11-26 12:19:53.505 12530 14485 I System.out: gba_cipher_suite:TLS_RSA_WITH_AES_128_GCM_SHA256
11-26 12:19:53.506 12530 14485 I System.out: [CDS]rx timeout:10000
11-26 12:19:53.506 12530 14485 I System.out: [CDS]rx timeout:10000
11-26 12:19:53.507 12530 14445 I System.out: close [socket][/10.14.170.150:59904]
11-26 12:19:53.508 12530 12530 I HttpGroup: id:4--FunctionId--one.hotcheck- StringCallback -->> {"data":{"currentTime":1543205995172,"hotcheck":{"url":"https://storage.jd.com/sdh/zgbweb/6f7bd9cc-721f-472c-80c9-95e10dbf4cc0.jar","md5":"d27c537f9d27678ce35d6960db6b4300","clientVersion":"4.4.01810263","created":"2018-11-01 13:47:39","client":"android"}},"code":"0"}
11-26 12:19:53.517 12530 12530 I HttpGroup: addCompletesCount -->> com.jingdong.common.utils.HttpGroup$HttpGroupaAsynPool@dc0a3afcompletesCount:1, httpCount:1
11-26 12:19:53.521 12530 14445 I System.out: Close in OkHttp
11-26 12:19:53.525 12530 12530 I HttpGroup: id:4- onEnd -->> 
11-26 12:19:53.537 12530 14497 I System.out: close [socket][/10.14.170.150:41615]
11-26 12:19:53.541  1164  2200 I InputDispatcher: injectInputEvent  motion-p=(924,388),action=0, pointerCount=1,EventTime=163956162000000, DownTime=163956161000000, injectorPid=14427, injectorUid=2000, syncMode=1, timeoutMillis=30000, policyFlags=0x08000000
11-26 12:19:53.542 12530 12530 I ViewRootImpl: finishMotionEvent: handled = true stage=10: View Post IME stage,inputElapseTime=0 eventTime = 163956162 downTime = 163956161 title= com.jd.b2b/com.jd.b2b.activity.SplashActivity
11-26 12:19:53.543  1164  2216 I InputDispatcher: injectInputEvent  motion-p=(923,389),action=1, pointerCount=1,EventTime=163956164000000, DownTime=163956161000000, injectorPid=14427, injectorUid=2000, syncMode=1, timeoutMillis=30000, policyFlags=0x08000000
11-26 12:19:53.548 12530 12530 I HttpGroup: id:5--FunctionId--one.start- StringCallback -->> {"data":{"currentTime":1543205995238,"start":{"id":0,"url":"http://img30.360buyimg.com/mobilecms/jfs/t20833/109/1676425221/330497/d6e24500/5b30de52Nf8b4d308.jpg","status":1,"client":"android","toUrl":"http://channel.jd.com/zgb2018618.html","duration":3},"success":true},"code":"0"}
11-26 12:19:53.552 12530 14499 I System.out: close [socket][/10.14.170.150:54343]
11-26 12:19:53.556 12530 12530 I HttpGroup: addCompletesCount -->> com.jingdong.common.utils.HttpGroup$HttpGroupaAsynPool@c5a483ecompletesCount:1, httpCount:1
11-26 12:19:53.557 12530 14485 I HttpGroup: Response 1 timeage: 100---
11-26 12:19:53.561 12530 14485 I System.out: close [socket][/10.14.170.150:44220]
11-26 12:19:53.564 12530 12530 I HttpGroup: id:5- onEnd -->> 
11-26 12:19:53.566 12530 14485 I HttpGroup: Response 1 response: Response{protocol=http/1.1, code=200, message=OK, url=https://58.83.230.158/d?dn=zgbgwb.m.jd.com}
11-26 12:19:53.567  1164  2216 W ActivityManager: xulei call enter isTransformStartActivity !!! _component:ComponentInfo{com.jd.b2b/com.jd.b2b.frame.MainFrameActivity},  intent:Intent { FromType=0xffffffff cmp=com.jd.b2b/.frame.MainFrameActivity (has extras) }
11-26 12:19:53.567  1164  2216 I ActivityManager: startActivity intent=Intent { FromType=0xffffffff mCallingUid=10506 mCallingPid=12530 cmp=com.jd.b2b/.frame.MainFrameActivity (has extras) }
11-26 12:19:53.568  1164  2216 I ActivityManager: START u0 {FromType=0xffffffff mCallingUid=10506 mCallingPid=12530 cmp=com.jd.b2b/.frame.MainFrameActivity (has extras)} from uid 10506 from pid 12530 on display 0
11-26 12:19:53.568  1164  2216 I ActivityManager: sourceRecord = ActivityRecord{45f78db u0 com.jd.b2b/.activity.SplashActivity, isShadow:false t337}
11-26 12:19:53.571  1164  2216 I ActivityManager: updateSpeedState sourceRecord =ActivityRecord{45f78db u0 com.jd.b2b/.activity.SplashActivity, isShadow:false t337} targetRecord=ActivityRecord{232bcfd u0 com.jd.b2b/.frame.MainFrameActivity, isShadow:false t-1}  addingToTask=true  topActivity=null  singleTop=false  speedState=0  task=TaskRecord{7db5f78 #337 A=com.jd.b2b, isShadow:false U=0 sz=1}
11-26 12:19:53.572 12530 14485 I HttpGroup: Response 1 cache response: null
11-26 12:19:53.572  1164  1616 I libPerfService: [perfScnEnable] scenario:1
11-26 12:19:53.573 12530 12541 I ActivityThreadEui: schedulePauseActivity com.jd.b2b.activity.SplashActivity finished=false userLeaving=true configChanges=0 dontReport=false
11-26 12:19:53.575 12530 14486 I System.out: close [socket][/10.14.170.150:44257]
11-26 12:19:53.577  1164  2216 I WindowManager: Set focused app to: AppWindowToken{275cc43 token=Token{dddbdf2 ActivityRecord{232bcfd u0 com.jd.b2b/.frame.MainFrameActivity, isShadow:false t337}}} old focus=AppWindowToken{e346eb6 token=Token{e4e6651 ActivityRecord{45f78db u0 com.jd.b2b/.activity.SplashActivity, isShadow:false t337}}} moveFocusNow=true
11-26 12:19:53.578 12530 14485 I HttpGroup: Response 1 network response: Response{protocol=http/1.1, code=200, message=OK, url=https://58.83.230.158/d?dn=zgbgwb.m.jd.com}
11-26 12:19:53.579  1164  2216 I WindowManager: Input focus has changed to null oldFocusWindow=Window{2a485c1 u0 com.jd.b2b/com.jd.b2b.activity.SplashActivity} updateInputWindow=true
11-26 12:19:53.580  1164  1217 I WindowManager: Focus moving from Window{2a485c1 u0 com.jd.b2b/com.jd.b2b.activity.SplashActivity} to null
11-26 12:19:53.580  1164  1217 I WindowManager: Losing focus: Window{2a485c1 u0 com.jd.b2b/com.jd.b2b.activity.SplashActivity}
11-26 12:19:53.580  1164  1178 W AppOps  : isskipsystem  code:43  uid:1000
11-26 12:19:53.583 12530 14485 I HttpGroup: Response 1 network result: [{"host":"zgbgwb.m.jd.com","ip":"106.39.164.150","ttl":"60","port":"80"}]
11-26 12:19:53.583  3143  3186 I System.out: [CDS][DNS] getAllByNameImpl netId = 0
11-26 12:19:53.583 12530 14485 I System.out: [CDS][DNS] getAllByNameImpl netId = 0
11-26 12:19:53.585  3143  3186 I System.out: [CDS]connect[agnes.scloud.lfengmobile.com/59.110.126.243:80]
11-26 12:19:53.588 12530 14485 I HttpGroup: Response 1 httpdns: true
11-26 12:19:53.588 12530 12530 I HttpGroup: id:3--FunctionId--one.protocolConfig- StringCallback -->> {"data":{"currentTime":1543205995251,"protocol":"https","success":true},"code":"0"}
11-26 12:19:53.588 12530 14485 I System.out: [CDS]rx timeout:20000
11-26 12:19:53.589 12530 14485 I System.out: [socket][16] connection /106.39.164.150:80;LocalPort=39412(15000)
11-26 12:19:53.589 12530 14485 I System.out: [CDS]connect[/106.39.164.150:80] tm:15
11-26 12:19:53.596 12530 12530 I HttpGroup: addCompletesCount -->> com.jingdong.common.utils.HttpGroup$HttpGroupaAsynPool@c7d3dbbcompletesCount:1, httpCount:1
11-26 12:19:53.602 12530 12530 I HttpGroup: id:3- onEnd -->> 
11-26 12:19:53.604 12530 12530 I CrashReport-Native: Set native info: isAppForeground(false)
11-26 12:19:53.610 12530 12530 I TrackUtil: -----Send click data start -----
11-26 12:19:53.613 12530 12530 I TrackUtil: pin=jd_64aa7bd58f909, page_id=0016, event_id=zgb_2017102519|14, event_param=, skuid=, map={platform=android, bpin=xtl_tyEGtnS, createtime=1543205993604, sale_ord_id=, sku_id=, clientversion=4.4.0, uuid=862559033842685020000000000, cpin=jd_64aa7bd58f909, operatetime=1543205993604, provinceid=1, operatetype=1}, orderid=
11-26 12:19:53.618 12530 12530 I TrackUtil: -----Send click data end -----true
11-26 12:19:53.619  1164  1830 I WindowManager: setAppVisibility(Token{e4e6651 ActivityRecord{45f78db u0 com.jd.b2b/.activity.SplashActivity, isShadow:false t337 f}}, visible=false): mNextAppTransition=TRANSIT_ACTIVITY_OPEN hidden=false hiddenRequested=false
11-26 12:19:53.620  1164  1830 I WindowManager: setAppVisibility(Token{dddbdf2 ActivityRecord{232bcfd u0 com.jd.b2b/.frame.MainFrameActivity, isShadow:false t337}}, visible=true): mNextAppTransition=TRANSIT_ACTIVITY_OPEN hidden=true hiddenRequested=true
11-26 12:19:53.626  1164  1616 I libPerfService: [perfScnDisable] scenario:19
11-26 12:19:53.635 12530 12530 I HttpGroup: id:2--FunctionId--one.webConfig- StringCallback -->> {"data":{"currentTime":1543205995277,"GENERAL_GLOBAL":{"GENERAL_GLOBAL_CATEGORY_SWITCH":[{"id":15,"configClassId":30,"paramType":"boolean","sortNo":15,"value":true}],"GENERAL_GLOBAL_JDREACT_SWITCH":[{"id":11,"configClassId":23,"paramType":"boolean","sortNo":11,"value":false}],"GENERAL_GLOBAL_UnionDepot_SWITCH":[{"id":12,"configClassId":25,"paramType":"boolean","sortNo":12,"value":true}],"GENERAL_GLOBAL_JXC_MAX_PRICE":[{"id":14,"configClassId":28,"paramType":"string","paramInfo":"10","sortNo":14,"value":"99999.99"}],"GENERAL_GLOBAL_SHOP_URL":[{"id":10,"configClassId":21,"paramType":"string","sortNo":10,"value":"http://h5zgbgwb.m.jd.com/shopHome.html"}],"GENERAL_GLOBAL_MARK_SHOW":[{"id":5,"configClassId":14,"paramType":"boolean","sortNo":5,"value":true}],"GENERAL_GLOBAL_HEAD_LOGO":[{"id":1,"configClassId":5,"paramType":"string","sortNo":1,"value":"test"}]},"GENERAL_LUNBO":{},"success":true},"code":"0"}
11-26 12:19:53.642 12530 14447 I System.out: [CDS][DNS] getAllByNameImpl netId = 0
11-26 12:19:53.643 12530 14447 I System.out: [CDS]rx timeout:5000
11-26 12:19:53.643 12530 14447 I System.out: [socket][17] connection luna.jd.com/106.39.164.185:443;LocalPort=44150(9000)
11-26 12:19:53.643 12530 14447 I System.out: [CDS]connect[luna.jd.com/106.39.164.185:443] tm:9
11-26 12:19:53.644 12530 12530 I HttpGroup: addCompletesCount -->> com.jingdong.common.utils.HttpGroup$HttpGroupaAsynPool@8b7fa97completesCount:1, httpCount:1
11-26 12:19:53.651 12530 12530 I HttpGroup: id:2- onEnd -->> 
11-26 12:19:53.652 12530 12530 I xx      : httpResponse:null
11-26 12:19:53.667 12530 12530 W System.err: java.lang.NullPointerException: Attempt to invoke interface method 'java.lang.Object java.util.List.get(int)' on a null object reference
11-26 12:19:53.667 12530 12530 W System.err: 	at com.jd.b2b.app.B2bApp$7.onEnd(B2bApp.java:405)
11-26 12:19:53.667 12530 12530 W System.err: 	at com.jingdong.common.utils.HttpGroup$HttpSetting.onEnd(HttpGroup.java:5988)
11-26 12:19:53.667 12530 12530 W System.err: 	at com.jingdong.common.utils.HttpGroup$HttpRequest.callBack(HttpGroup.java:1640)
11-26 12:19:53.667 12530 12530 W System.err: 	at com.jingdong.common.utils.HttpGroup$HttpRequest.access$1900(HttpGroup.java:589)
11-26 12:19:53.667 12530 12530 W System.err: 	at com.jingdong.common.utils.HttpGroup$HttpRequest$19.onResponse(HttpGroup.java:2923)
11-26 12:19:53.667 12530 12530 W System.err: 	at com.jingdong.common.utils.HttpGroup$HttpRequest$19.onResponse(HttpGroup.java:2870)
11-26 12:19:53.667 12530 12530 W System.err: 	at com.zhy.http.okhttp.OkHttpUtils$3.run(OkHttpUtils.java:186)
11-26 12:19:53.667 12530 12530 W System.err: 	at android.os.Handler.handleCallback(Handler.java:815)
11-26 12:19:53.667 12530 12530 W System.err: 	at android.os.Handler.dispatchMessage(Handler.java:104)
11-26 12:19:53.667 12530 12530 W System.err: 	at android.os.Looper.loop(Looper.java:207)
11-26 12:19:53.668 12530 12530 W System.err: 	at android.app.ActivityThread.main(ActivityThread.java:5996)
11-26 12:19:53.668 12530 12530 W System.err: 	at java.lang.reflect.Method.invoke(Native Method)
11-26 12:19:53.668 12530 12530 W System.err: 	at com.android.internal.os.ZygoteInit$MethodAndArgsCaller.run(ZygoteInit.java:888)
11-26 12:19:53.668 12530 12530 W System.err: 	at com.android.internal.os.ZygoteInit.main(ZygoteInit.java:749)
11-26 12:19:53.676   426   426 I SurfaceFlinger: [Built-in Screen (type:0)] fps:54.114902,dur:1016.36,max:50.37,min:9.19
11-26 12:19:53.679 12530 12530 W ResourceType: No known package when getting name for resource number 0xffffffff
11-26 12:19:53.697  3143  3186 I System.out: [CDS]port[56848]
11-26 12:19:53.697  3143  3186 I System.out: [CDS]rx timeout:10000
11-26 12:19:53.697 12530 14485 I System.out: [socket][/10.14.170.150:39412] connected
11-26 12:19:53.697 12530 14485 I System.out: [CDS]rx timeout:20000
11-26 12:19:53.707 12530 14447 I System.out: [socket][/10.14.170.150:44150] connected
11-26 12:19:53.809  3143  3186 I System.out: close [socket][/10.14.170.150:56848]
11-26 12:19:53.814 12530 14447 I System.out: gba_cipher_suite:TLS_RSA_WITH_AES_128_GCM_SHA256
11-26 12:19:53.814 12530 14447 I System.out: [CDS]rx timeout:5000
11-26 12:19:53.814 12530 14485 I System.out: close [socket][/10.14.170.150:39412]
11-26 12:19:53.814 12530 14447 I System.out: [CDS]rx timeout:5000
11-26 12:19:53.814 12530 14447 I System.out: [CDS]SO_SND_TIMEOUT:0
11-26 12:19:53.815 12530 14447 I System.out: [OkHttp] sendRequest>>
11-26 12:19:53.815 12530 14447 I System.out: [OkHttp] sendRequest<<
11-26 12:19:53.816  1164  1831 W ActivityManager: Bad activity token: android.os.BinderProxy@1b18eb5
11-26 12:19:53.816  1164  1831 W ActivityManager: java.lang.ClassCastException: android.os.BinderProxy cannot be cast to com.android.server.am.ActivityRecord$Token
11-26 12:19:53.816  1164  1831 W ActivityManager: 	at com.android.server.am.ActivityRecord.forTokenLocked(ActivityRecord.java:548)
11-26 12:19:53.816  1164  1831 W ActivityManager: 	at com.android.server.am.ActivityRecord.isInStackLocked(ActivityRecord.java:1398)
11-26 12:19:53.816  1164  1831 W ActivityManager: 	at com.android.server.am.ActivityRecord.getStackLocked(ActivityRecord.java:1403)
11-26 12:19:53.816  1164  1831 W ActivityManager: 	at com.android.server.am.ActivityManagerService.getActivityDisplayId(ActivityManagerService.java:11812)
11-26 12:19:53.816  1164  1831 W ActivityManager: 	at android.app.ActivityManagerNative.onTransact(ActivityManagerNative.java:2453)
11-26 12:19:53.816  1164  1831 W ActivityManager: 	at com.android.server.am.ActivityManagerService.onTransact(ActivityManagerService.java:2903)
11-26 12:19:53.816  1164  1831 W ActivityManager: 	at android.os.Binder.execTransact(Binder.java:458)
11-26 12:19:53.822  1164  2216 W ActivityManager: Bad activity token: android.os.BinderProxy@1b18eb5
11-26 12:19:53.822  1164  2216 W ActivityManager: java.lang.ClassCastException: android.os.BinderProxy cannot be cast to com.android.server.am.ActivityRecord$Token
11-26 12:19:53.822  1164  2216 W ActivityManager: 	at com.android.server.am.ActivityRecord.forTokenLocked(ActivityRecord.java:548)
11-26 12:19:53.822  1164  2216 W ActivityManager: 	at com.android.server.am.ActivityRecord.isInStackLocked(ActivityRecord.java:1398)
11-26 12:19:53.822  1164  2216 W ActivityManager: 	at com.android.server.am.ActivityManagerService.setTaskDescription(ActivityManagerService.java:11207)
11-26 12:19:53.822  1164  2216 W ActivityManager: 	at android.app.ActivityManagerNative.onTransact(ActivityManagerNative.java:2525)
11-26 12:19:53.822  1164  2216 W ActivityManager: 	at com.android.server.am.ActivityManagerService.onTransact(ActivityManagerService.java:2903)
11-26 12:19:53.822  1164  2216 W ActivityManager: 	at android.os.Binder.execTransact(Binder.java:458)
11-26 12:19:53.825 12530 12530 I MyActivity: onCreate() -->> com.jd.b2b.home.activity.HomeActivity
11-26 12:19:53.829 12530 12530 W ResourceType: No known package when getting name for resource number 0xffffffff
11-26 12:19:53.852  1164  1173 I art     : Background partial concurrent mark sweep GC freed 30355(2MB) AllocSpace objects, 0(0B) LOS objects, 5% free, 68MB/72MB, paused 2.599ms total 226.175ms
11-26 12:19:53.949 12530 14447 I System.out: close [socket][/10.14.170.150:44150]
11-26 12:19:53.973 12530 14447 I System.out: Close in OkHttp
11-26 12:19:53.978 12530 12530 I HttpGroup: wsKey===AAFb-2qgAEDEIzyWMoW9fvra5VrqTH21ArHGKZtkimppdk4lFO5h2ExLIaLw8NfSdD2-A_cOJ9tOUtFvsYyQf3z1p9CfXpzk
11-26 12:19:53.979 12530 12530 I HttpGroup: wsKey===AAFb-2qgAEDEIzyWMoW9fvra5VrqTH21ArHGKZtkimppdk4lFO5h2ExLIaLw8NfSdD2-A_cOJ9tOUtFvsYyQf3z1p9CfXpzk
11-26 12:19:53.983 12530 12530 I HttpGroup: wsKey===AAFb-2qgAEDEIzyWMoW9fvra5VrqTH21ArHGKZtkimppdk4lFO5h2ExLIaLw8NfSdD2-A_cOJ9tOUtFvsYyQf3z1p9CfXpzk
11-26 12:19:53.989 12530 12530 I HttpGroup: wsKey===AAFb-2qgAEDEIzyWMoW9fvra5VrqTH21ArHGKZtkimppdk4lFO5h2ExLIaLw8NfSdD2-A_cOJ9tOUtFvsYyQf3z1p9CfXpzk
11-26 12:19:53.994 12530 12530 I HttpGroup: wsKey===AAFb-2qgAEDEIzyWMoW9fvra5VrqTH21ArHGKZtkimppdk4lFO5h2ExLIaLw8NfSdD2-A_cOJ9tOUtFvsYyQf3z1p9CfXpzk
11-26 12:19:54.001 12530 14505 I HttpGroup: id:6- functionId -->> one.gisLocation
11-26 12:19:53.990 14506 14506 W ps      : type=1400 audit(0.0:9407094): avc: denied { getattr } for path="/proc/1" dev="proc" ino=11268 scontext=u:r:untrusted_app:s0:c512,c768 tcontext=u:r:init:s0 tclass=dir permissive=0
11-26 12:19:53.990 14506 14506 W ps      : type=1400 audit(0.0:9407095): avc: denied { search } for name="1" dev="proc" ino=11268 scontext=u:r:untrusted_app:s0:c512,c768 tcontext=u:r:init:s0 tclass=dir permissive=0
11-26 12:19:53.990 14506 14506 W ps      : type=1400 audit(0.0:9407096): avc: denied { search } for name="1" dev="proc" ino=11268 scontext=u:r:untrusted_app:s0:c512,c768 tcontext=u:r:init:s0 tclass=dir permissive=0
11-26 12:19:53.990 14506 14506 W ps      : type=1400 audit(0.0:9407097): avc: denied { getattr } for path="/proc/2" dev="proc" ino=300 scontext=u:r:untrusted_app:s0:c512,c768 tcontext=u:r:kernel:s0 tclass=dir permissive=0
11-26 12:19:53.990 14506 14506 W ps      : type=1400 audit(0.0:9407098): avc: denied { search } for name="2" dev="proc" ino=300 scontext=u:r:untrusted_app:s0:c512,c768 tcontext=u:r:kernel:s0 tclass=dir permissive=0
11-26 12:19:53.990 14506 14506 W ps      : type=1400 audit(0.0:9407099): avc: denied { search } for name="2" dev="proc" ino=300 scontext=u:r:untrusted_app:s0:c512,c768 tcontext=u:r:kernel:s0 tclass=dir permissive=0
11-26 12:19:53.990 14506 14506 W ps      : type=1400 audit(0.0:9407100): avc: denied { getattr } for path="/proc/3" dev="proc" ino=301 scontext=u:r:untrusted_app:s0:c512,c768 tcontext=u:r:kernel:s0 tclass=dir permissive=0
11-26 12:19:53.990 14506 14506 W ps      : type=1400 audit(0.0:9407101): avc: denied { search } for name="3" dev="proc" ino=301 scontext=u:r:untrusted_app:s0:c512,c768 tcontext=u:r:kernel:s0 tclass=dir permissive=0
11-26 12:19:53.990 14506 14506 W ps      : type=1400 audit(0.0:9407102): avc: denied { search } for name="3" dev="proc" ino=301 scontext=u:r:untrusted_app:s0:c512,c768 tcontext=u:r:kernel:s0 tclass=dir permissive=0
11-26 12:19:53.990 14506 14506 W ps      : type=1400 audit(0.0:9407103): avc: denied { getattr } for path="/proc/5" dev="proc" ino=303 scontext=u:r:untrusted_app:s0:c512,c768 tcontext=u:r:kernel:s0 tclass=dir permissive=0
11-26 12:19:53.990 14506 14506 W ps      : type=1400 audit(0.0:9407104): avc: denied { search } for name="5" dev="proc" ino=303 scontext=u:r:untrusted_app:s0:c512,c768 tcontext=u:r:kernel:s0 tclass=dir permissive=0
11-26 12:19:53.990 14506 14506 W ps      : type=1400 audit(0.0:9407105): avc: denied { search } for name="5" dev="proc" ino=303 scontext=u:r:untrusted_app:s0:c512,c768 tcontext=u:r:kernel:s0 tclass=dir permissive=0
11-26 12:19:53.990 14506 14506 W ps      : type=1400 audit(0.0:9407106): avc: denied { getattr } for path="/proc/7" dev="proc" ino=305 scontext=u:r:untrusted_app:s0:c512,c768 tcontext=u:r:kernel:s0 tclass=dir permissive=0
11-26 12:19:53.990 14506 14506 W ps      : type=1400 audit(0.0:9407107): avc: denied { search } for name="7" dev="proc" ino=305 scontext=u:r:untrusted_app:s0:c512,c768 tcontext=u:r:kernel:s0 tclass=dir permissive=0
11-26 12:19:53.990 14506 14506 W ps      : type=1400 audit(0.0:9407108): avc: denied { search } for name="7" dev="proc" ino=305 scontext=u:r:untrusted_app:s0:c512,c768 tcontext=u:r:kernel:s0 tclass=dir permissive=0
11-26 12:19:53.990 14506 14506 W ps      : type=1400 audit(0.0:9407109): avc: denied { getattr } for path="/proc/8" dev="proc" ino=306 scontext=u:r:untrusted_app:s0:c512,c768 tcontext=u:r:kernel:s0 tclass=dir permissive=0
11-26 12:19:53.990 14506 14506 W ps      : type=1400 audit(0.0:9407110): avc: denied { search } for name="8" dev="proc" ino=306 scontext=u:r:untrusted_app:s0:c512,c768 tcontext=u:r:kernel:s0 tclass=dir permissive=0
11-26 12:19:53.990 14506 14506 W ps      : type=1400 audit(0.0:9407111): avc: denied { search } for name="8" dev="proc" ino=306 scontext=u:r:untrusted_app:s0:c512,c768 tcontext=u:r:kernel:s0 tclass=dir permissive=0
11-26 12:19:53.990 14506 14506 W ps      : type=1400 audit(0.0:9407112): avc: denied { getattr } for path="/proc/9" dev="proc" ino=307 scontext=u:r:untrusted_app:s0:c512,c768 tcontext=u:r:kernel:s0 tclass=dir permissive=0
11-26 12:19:53.990 14506 14506 W ps      : type=1400 audit(0.0:9407113): avc: denied { search } for name="9" dev="proc" ino=307 scontext=u:r:untrusted_app:s0:c512,c768 tcontext=u:r:kernel:s0 tclass=dir permissive=0
11-26 12:19:53.990 14506 14506 W ps      : type=1400 audit(0.0:9407114): avc: denied { search } for name="9" dev="proc" ino=307 scontext=u:r:untrusted_app:s0:c512,c768 tcontext=u:r:kernel:s0 tclass=dir permissive=0
11-26 12:19:53.990 14506 14506 W ps      : type=1400 audit(0.0:9407115): avc: denied { getattr } for path="/proc/10" dev="proc" ino=308 scontext=u:r:untrusted_app:s0:c512,c768 tcontext=u:r:kernel:s0 tclass=dir permissive=0
11-26 12:19:53.990 14506 14506 W ps      : type=1400 audit(0.0:9407116): avc: denied { search } for name="10" dev="proc" ino=308 scontext=u:r:untrusted_app:s0:c512,c768 tcontext=u:r:kernel:s0 tclass=dir permissive=0
11-26 12:19:53.990 14506 14506 W ps      : type=1400 audit(0.0:9407117): avc: denied { search } for name="10" dev="proc" ino=308 scontext=u:r:untrusted_app:s0:c512,c768 tcontext=u:r:kernel:s0 tclass=dir permissive=0
11-26 12:19:53.990 14506 14506 W ps      : type=1400 audit(0.0:9407118): avc: denied { getattr } for path="/proc/11" dev="proc" ino=309 scontext=u:r:untrusted_app:s0:c512,c768 tcontext=u:r:kernel:s0 tclass=dir permissive=0
11-26 12:19:53.990 14506 14506 W ps      : type=1400 audit(0.0:9407119): avc: denied { search } for name="11" dev="proc" ino=309 scontext=u:r:untrusted_app:s0:c512,c768 tcontext=u:r:kernel:s0 tclass=dir permissive=0
11-26 12:19:53.990 14506 14506 W ps      : type=1400 audit(0.0:9407120): avc: denied { search } for name="11" dev="proc" ino=309 scontext=u:r:untrusted_app:s0:c512,c768 tcontext=u:r:kernel:s0 tclass=dir permissive=0
11-26 12:19:53.990 14506 14506 W ps      : type=1400 audit(0.0:9407121): avc: denied { getattr } for path="/proc/12" dev="proc" ino=310 scontext=u:r:untrusted_app:s0:c512,c768 tcontext=u:r:kernel:s0 tclass=dir permissive=0
11-26 12:19:53.990 14506 14506 W ps      : type=1400 audit(0.0:9407122): avc: denied { search } for name="12" dev="proc" ino=310 scontext=u:r:untrusted_app:s0:c512,c768 tcontext=u:r:kernel:s0 tclass=dir permissive=0
11-26 12:19:53.990 14506 14506 W ps      : type=1400 audit(0.0:9407123): avc: denied { search } for name="12" dev="proc" ino=310 scontext=u:r:untrusted_app:s0:c512,c768 tcontext=u:r:kernel:s0 tclass=dir permissive=0
11-26 12:19:53.990 14506 14506 W ps      : type=1400 audit(0.0:9407124): avc: denied { getattr } for path="/proc/14" dev="proc" ino=312 scontext=u:r:untrusted_app:s0:c512,c768 tcontext=u:r:kernel:s0 tclass=dir permissive=0
11-26 12:19:53.990 14506 14506 W ps      : type=1400 audit(0.0:9407125): avc: denied { search } for name="14" dev="proc" ino=312 scontext=u:r:untrusted_app:s0:c512,c768 tcontext=u:r:kernel:s0 tclass=dir permissive=0
11-26 12:19:53.990 14506 14506 W ps      : type=1400 audit(0.0:9407126): avc: denied { search } for name="14" dev="proc" ino=312 scontext=u:r:untrusted_app:s0:c512,c768 tcontext=u:r:kernel:s0 tclass=dir permissive=0
11-26 12:19:53.990 14506 14506 W ps      : type=1400 audit(0.0:9407127): avc: denied { getattr } for path="/proc/15" dev="proc" ino=313 scontext=u:r:untrusted_app:s0:c512,c768 tcontext=u:r:kernel:s0 tclass=dir permissive=0
11-26 12:19:54.013 12530 14507 I HttpGroup: id:7- functionId -->> one.cart
11-26 12:19:53.990 14506 14506 W ps      : type=1400 audit(0.0:9407128): avc: denied { search } for name="15" dev="proc" ino=313 scontext=u:r:untrusted_app:s0:c512,c768 tcontext=u:r:kernel:s0 tclass=dir permissive=0
11-26 12:19:53.990 14506 14506 W ps      : type=1400 audit(0.0:9407129): avc: denied { search } for name="15" dev="proc" ino=313 scontext=u:r:untrusted_app:s0:c512,c768 tcontext=u:r:kernel:s0 tclass=dir permissive=0
11-26 12:19:53.990 14506 14506 W ps      : type=1400 audit(0.0:9407130): avc: denied { getattr } for path="/proc/16" dev="proc" ino=314 scontext=u:r:untrusted_app:s0:c512,c768 tcontext=u:r:kernel:s0 tclass=dir permissive=0
11-26 12:19:53.990 14506 14506 W ps      : type=1400 audit(0.0:9407131): avc: denied { search } for name="16" dev="proc" ino=314 scontext=u:r:untrusted_app:s0:c512,c768 tcontext=u:r:kernel:s0 tclass=dir permissive=0
11-26 12:19:53.990 14506 14506 W ps      : type=1400 audit(0.0:9407132): avc: denied { search } for name="16" dev="proc" ino=314 scontext=u:r:untrusted_app:s0:c512,c768 tcontext=u:r:kernel:s0 tclass=dir permissive=0
11-26 12:19:54.017 12530 14508 I HttpGroup: id:8- functionId -->> one.serverconfig
11-26 12:19:54.018 12530 14510 I HttpGroup: id:10- functionId -->> one.homeanimation
11-26 12:19:54.019 12530 14509 I HttpGroup: id:9- functionId -->> one.homepage
11-26 12:19:54.022 12530 14504 I System.out: isEmailSend:POST
11-26 12:19:54.022 12530 14504 I System.out: getAllHeaders:POST
11-26 12:19:54.022 12530 14504 I System.out: test:User-Agent:Android WJLoginSDK 3.0.0
11-26 12:19:54.022 12530 14504 I System.out: httpHeader:Content-Type: application/x-www-form-urlencoded
11-26 12:19:54.025 12530 14504 I System.out: [CDS][DNS] getAllByNameImpl netId = 0
11-26 12:19:54.029 12530 12530 I HttpGroup: wsKey===AAFb-2qgAEDEIzyWMoW9fvra5VrqTH21ArHGKZtkimppdk4lFO5h2ExLIaLw8NfSdD2-A_cOJ9tOUtFvsYyQf3z1p9CfXpzk
11-26 12:19:54.045  1164  1782 W ActivityManager: xulei call enter isTransformStartActivity !!! _component:ComponentInfo{com.jd.b2b/com.jd.b2b.activity.SplashActivity},  intent:Intent { act=android.intent.action.MAIN cat=[android.intent.category.LAUNCHER] flg=0x10200000 FromType=0xffffffff cmp=com.jd.b2b/.activity.SplashActivity }
11-26 12:19:54.045  1164  1782 I ActivityManager: startActivity intent=Intent { act=android.intent.action.MAIN cat=[android.intent.category.LAUNCHER] flg=0x10200000 FromType=0xffffffff mCallingUid=2000 mCallingPid=14427 cmp=com.jd.b2b/.activity.SplashActivity }
11-26 12:19:54.045  1164  1782 I ActivityManager: START u0 {act=android.intent.action.MAIN cat=[android.intent.category.LAUNCHER] flg=0x10200000 FromType=0xffffffff mCallingUid=2000 mCallingPid=14427 cmp=com.jd.b2b/.activity.SplashActivity} from uid 2000 from pid 14427 on display 0
11-26 12:19:54.046 12530 12530 I HttpGroup: id:11- url -->> http://eyes.m.jd.com/stat/getRule?item=01&os=android&v=4.4.0
11-26 12:19:54.048 12530 14452 I HttpGroup: id:7- body -->> {"operate":"9"}
11-26 12:19:54.052 12530 14504 I System.out: openConnection:1
11-26 12:19:54.052 12530 14504 I System.out: [CDS][DNS] getAllByNameImpl netId = 0
11-26 12:19:54.053 12530 14504 I System.out: [socket][18] connection /106.39.169.150:80;LocalPort=52370(15000)
11-26 12:19:54.053 12530 14504 I System.out: [CDS]connect[/106.39.169.150:80] tm:15
11-26 12:19:54.068  1164  1782 I ActivityManager: start task to front intentActivity=ActivityRecord{232bcfd u0 com.jd.b2b/.frame.MainFrameActivity, isShadow:false t337} r.intent=Intent { act=android.intent.action.MAIN cat=[android.intent.category.LAUNCHER] flg=0x10200000 FromType=0xffffffff mCallingUid=2000 mCallingPid=14427 cmp=com.jd.b2b/.activity.SplashActivity }
11-26 12:19:54.068  1164  1782 I ActivityManager: updateSpeedState sourceRecord =null targetRecord=ActivityRecord{7396131 u0 com.jd.b2b/.activity.SplashActivity, isShadow:false t337}  addingToTask=false  topActivity=null  singleTop=false  speedState=0  task=TaskRecord{7db5f78 #337 A=com.jd.b2b, isShadow:false U=0 sz=2}
11-26 12:19:54.088  1164  1175 W ActivityManager: Bad activity token: android.os.BinderProxy@bf18016
11-26 12:19:54.088  1164  1175 W ActivityManager: java.lang.ClassCastException: android.os.BinderProxy cannot be cast to com.android.server.am.ActivityRecord$Token
11-26 12:19:54.088  1164  1175 W ActivityManager: 	at com.android.server.am.ActivityRecord.forTokenLocked(ActivityRecord.java:548)
11-26 12:19:54.088  1164  1175 W ActivityManager: 	at com.android.server.am.ActivityRecord.isInStackLocked(ActivityRecord.java:1398)
11-26 12:19:54.088  1164  1175 W ActivityManager: 	at com.android.server.am.ActivityManagerService.getActivityOptions(ActivityManagerService.java:14217)
11-26 12:19:54.088  1164  1175 W ActivityManager: 	at android.app.ActivityManagerNative.onTransact(ActivityManagerNative.java:1811)
11-26 12:19:54.088  1164  1175 W ActivityManager: 	at com.android.server.am.ActivityManagerService.onTransact(ActivityManagerService.java:2903)
11-26 12:19:54.088  1164  1175 W ActivityManager: 	at android.os.Binder.execTransact(Binder.java:458)
11-26 12:19:54.091  1164  1830 W ActivityManager: Bad activity token: android.os.BinderProxy@bf18016
11-26 12:19:54.091  1164  1830 W ActivityManager: java.lang.ClassCastException: android.os.BinderProxy cannot be cast to com.android.server.am.ActivityRecord$Token
11-26 12:19:54.091  1164  1830 W ActivityManager: 	at com.android.server.am.ActivityRecord.forTokenLocked(ActivityRecord.java:548)
11-26 12:19:54.091  1164  1830 W ActivityManager: 	at com.android.server.am.ActivityRecord.isInStackLocked(ActivityRecord.java:1398)
11-26 12:19:54.091  1164  1830 W ActivityManager: 	at com.android.server.am.ActivityManagerService.getActivityOptions(ActivityManagerService.java:14217)
11-26 12:19:54.091  1164  1830 W ActivityManager: 	at android.app.ActivityManagerNative.onTransact(ActivityManagerNative.java:1811)
11-26 12:19:54.091  1164  1830 W ActivityManager: 	at com.android.server.am.ActivityManagerService.onTransact(ActivityManagerService.java:2903)
11-26 12:19:54.091  1164  1830 W ActivityManager: 	at android.os.Binder.execTransact(Binder.java:458)
11-26 12:19:54.096 12530 12540 I art     : Background sticky concurrent mark sweep GC freed 35281(2MB) AllocSpace objects, 9(488KB) LOS objects, 13% free, 19MB/22MB, paused 5.580ms total 54.921ms
11-26 12:19:54.103  1164  1164 E NotificationService: Suppressing notification from package com.letv.android.supermanager by user request.
11-26 12:19:54.106 12530 12530 I CrashReport-Native: Set native info: isAppForeground(true)
11-26 12:19:54.110 12530 14451 I HttpGroup: id:6- body -->> {"lon":"114.431188","lat":"30.469831"}
11-26 12:19:54.112 12530 12530 I CrashReport-Native: Set native info: isAppForeground(true)
11-26 12:19:54.117 12530 14504 I System.out: [socket][/10.14.170.150:52370] connected
11-26 12:19:54.117 12530 14504 I System.out: [CDS]rx timeout:15000
11-26 12:19:54.120  8350  8350 I ADB_SERVICES: service_to_fd shell:dumpsys iphonesubinfo
11-26 12:19:54.121  8350  8350 I ADB_SERVICES: create_subproc ret_fd=20 pid=14513
11-26 12:19:54.124 12530 14504 I System.out: >doSendRequest
11-26 12:19:54.125 12530 14504 I System.out: <doSendRequest
11-26 12:19:54.133 12530 12530 I TrackUtil: -----Send PV data start -----
11-26 12:19:54.144 12530 12530 I TrackUtil: calssname=com.jd.b2b.home.activity.HomeActivity, pageid=0067, page_param=, orderId=, oldpvid=null
11-26 12:19:54.165 12530 12530 I TrackUtil: -----Send PV data end -----true
11-26 12:19:54.169  8350 14514 I ADB_SERVICES: shell exited fd=20 of pid=14513 err=0
11-26 12:19:54.181 12530 12530 I HttpGroup: wsKey===AAFb-2qgAEDEIzyWMoW9fvra5VrqTH21ArHGKZtkimppdk4lFO5h2ExLIaLw8NfSdD2-A_cOJ9tOUtFvsYyQf3z1p9CfXpzk
11-26 12:19:54.183 12530 12530 I HttpGroup: wsKey===AAFb-2qgAEDEIzyWMoW9fvra5VrqTH21ArHGKZtkimppdk4lFO5h2ExLIaLw8NfSdD2-A_cOJ9tOUtFvsYyQf3z1p9CfXpzk
11-26 12:19:54.189 12530 14504 I System.out: <doReceiveResponse
11-26 12:19:54.195 12530 14504 I System.out: close [socket][/10.14.170.150:52370]
11-26 12:19:54.196 12530 14504 I System.out: close [socket][/:::52370]
11-26 12:19:54.197 12530 14516 I HttpGroup: id:12- functionId -->> one.queryUnReadMsgesCount
11-26 12:19:54.213 12530 14517 I HttpGroup: id:13- functionId -->> one.queryBombBoxMsg
11-26 12:19:54.214 12530 14452 I HttpGroup: id:7- onStart -->> 
11-26 12:19:54.214 12530 12530 I TrackUtil: -----Send New PV data start -----
11-26 12:19:54.223 12530 12530 I TrackUtil: pageid=Home_Main, page_param=, orderId=, oldpvid=Service_Main, ct_page=,refe_page=
11-26 12:19:54.231 12530 14452 I HttpGroup: id:8- body -->> {}
11-26 12:19:54.244 12530 12530 I TrackUtil: -----Send New PV data end -----true
11-26 12:19:54.245 12530 12530 I HttpGroup: wsKey===AAFb-2qgAEDEIzyWMoW9fvra5VrqTH21ArHGKZtkimppdk4lFO5h2ExLIaLw8NfSdD2-A_cOJ9tOUtFvsYyQf3z1p9CfXpzk
11-26 12:19:54.246 12530 12530 I HttpGroup: wsKey===AAFb-2qgAEDEIzyWMoW9fvra5VrqTH21ArHGKZtkimppdk4lFO5h2ExLIaLw8NfSdD2-A_cOJ9tOUtFvsYyQf3z1p9CfXpzk
11-26 12:19:54.254 12530 14465 I HttpGroup: id:7- MyApplication.getInstance().isdns--->> true
11-26 12:19:54.263 12530 14518 I HttpGroup: id:14- functionId -->> one.searchKeyword
11-26 12:19:54.265  1164  1732 I WindowManager: addWindow: window=Window{ae2db84 u0 com.jd.b2b/com.jd.b2b.frame.MainFrameActivity}
11-26 12:19:54.267 12530 14519 I HttpGroup: id:15- functionId -->> one.myconfig
11-26 12:19:54.268 12530 12530 I Choreographer: Skipped 34 frames!  The application may be doing too much work on its main thread.systrace:1
11-26 12:19:54.268 12530 12530 I Choreographer: report  Skipped 34 frames!
11-26 12:19:54.278  1164  2193 I LetvDebugManager: dumpAutoSysTrace time eplased:9
11-26 12:19:54.288 12530 14465 I HttpGroup: id:7- post-url -- json--->> http://zgbgwb.m.jd.com/one.cart
